Component: Arm Compiler for Embedded 6.22 Tool: armlink [5ee90200]

==============================================================================

Section Cross References

    startup_stm32g431xx.o(RESET) refers to startup_stm32g431xx.o(STACK) for __initial_sp
    startup_stm32g431xx.o(RESET) refers to startup_stm32g431xx.o(.text) for Reset_Handler
    startup_stm32g431xx.o(RESET) refers to stm32g4xx_it.o(.text.NMI_Handler) for NMI_Handler
    startup_stm32g431xx.o(RESET) refers to stm32g4xx_it.o(.text.HardFault_Handler) for HardFault_Handler
    startup_stm32g431xx.o(RESET) refers to stm32g4xx_it.o(.text.MemManage_Handler) for MemManage_Handler
    startup_stm32g431xx.o(RESET) refers to stm32g4xx_it.o(.text.BusFault_Handler) for BusFault_Handler
    startup_stm32g431xx.o(RESET) refers to stm32g4xx_it.o(.text.UsageFault_Handler) for UsageFault_Handler
    startup_stm32g431xx.o(RESET) refers to stm32g4xx_it.o(.text.SVC_Handler) for SVC_Handler
    startup_stm32g431xx.o(RESET) refers to stm32g4xx_it.o(.text.DebugMon_Handler) for DebugMon_Handler
    startup_stm32g431xx.o(RESET) refers to stm32g4xx_it.o(.text.PendSV_Handler) for PendSV_Handler
    startup_stm32g431xx.o(RESET) refers to stm32g4xx_it.o(.text.SysTick_Handler) for SysTick_Handler
    startup_stm32g431xx.o(RESET) refers to stm32g4xx_it.o(.text.DMA1_Channel1_IRQHandler) for DMA1_Channel1_IRQHandler
    startup_stm32g431xx.o(RESET) refers to stm32g4xx_it.o(.text.DMA1_Channel2_IRQHandler) for DMA1_Channel2_IRQHandler
    startup_stm32g431xx.o(RESET) refers to stm32g4xx_it.o(.text.USART1_IRQHandler) for USART1_IRQHandler
    startup_stm32g431xx.o(RESET) refers to stm32g4xx_it.o(.text.TIM6_DAC_IRQHandler) for TIM6_DAC_IRQHandler
    startup_stm32g431xx.o(RESET) refers to stm32g4xx_it.o(.text.TIM7_IRQHandler) for TIM7_IRQHandler
    startup_stm32g431xx.o(.text) refers to system_stm32g4xx.o(.text.SystemInit) for SystemInit
    startup_stm32g431xx.o(.text) refers to entry.o(.ARM.Collect$$$$00000000) for __main
    main.o(.text.main) refers to stm32g4xx_hal.o(.text.HAL_Init) for HAL_Init
    main.o(.text.main) refers to main.o(.text.SystemClock_Config) for SystemClock_Config
    main.o(.text.main) refers to gpio.o(.text.MX_GPIO_Init) for MX_GPIO_Init
    main.o(.text.main) refers to dma.o(.text.MX_DMA_Init) for MX_DMA_Init
    main.o(.text.main) refers to adc.o(.text.MX_ADC2_Init) for MX_ADC2_Init
    main.o(.text.main) refers to tim.o(.text.MX_TIM6_Init) for MX_TIM6_Init
    main.o(.text.main) refers to usart.o(.text.MX_USART1_UART_Init) for MX_USART1_UART_Init
    main.o(.text.main) refers to tim.o(.text.MX_TIM7_Init) for MX_TIM7_Init
    main.o(.text.main) refers to i2c_hal.o(.text.I2CInit) for I2CInit
    main.o(.text.main) refers to iicapp.o(.text.read_eeprom) for read_eeprom
    main.o(.text.main) refers to adcapp.o(.text.adc_init) for adc_init
    main.o(.text.main) refers to lcdapp.o(.text.lcd_init) for lcd_init
    main.o(.text.main) refers to ledapp.o(.text.led_renew) for led_renew
    main.o(.text.main) refers to timapp.o(.text.tims_init) for tims_init
    main.o(.text.main) refers to uartapp.o(.text.uart_proc) for uart_proc
    main.o(.text.main) refers to scheduler.o(.text.scheduler_run) for scheduler_run
    main.o(.ARM.exidx.text.main) refers to main.o(.text.main) for [Anonymous Symbol]
    main.o(.text.SystemClock_Config) refers to memseta.o(.text) for __aeabi_memclr4
    main.o(.text.SystemClock_Config) refers to stm32g4xx_hal_pwr_ex.o(.text.HAL_PWREx_ControlVoltageScaling) for HAL_PWREx_ControlVoltageScaling
    main.o(.text.SystemClock_Config) refers to stm32g4xx_hal_rcc.o(.text.HAL_RCC_OscConfig) for HAL_RCC_OscConfig
    main.o(.text.SystemClock_Config) refers to main.o(.text.Error_Handler) for Error_Handler
    main.o(.text.SystemClock_Config) refers to stm32g4xx_hal_rcc.o(.text.HAL_RCC_ClockConfig) for HAL_RCC_ClockConfig
    main.o(.text.SystemClock_Config) refers to stm32g4xx_hal_rcc_ex.o(.text.HAL_RCCEx_PeriphCLKConfig) for HAL_RCCEx_PeriphCLKConfig
    main.o(.ARM.exidx.text.SystemClock_Config) refers to main.o(.text.SystemClock_Config) for [Anonymous Symbol]
    main.o(.ARM.exidx.text.Error_Handler) refers to main.o(.text.Error_Handler) for [Anonymous Symbol]
    gpio.o(.text.MX_GPIO_Init) refers to stm32g4xx_hal_gpio.o(.text.HAL_GPIO_WritePin) for HAL_GPIO_WritePin
    gpio.o(.text.MX_GPIO_Init) refers to stm32g4xx_hal_gpio.o(.text.HAL_GPIO_Init) for HAL_GPIO_Init
    gpio.o(.ARM.exidx.text.MX_GPIO_Init) refers to gpio.o(.text.MX_GPIO_Init) for [Anonymous Symbol]
    adc.o(.text.MX_ADC2_Init) refers to adc.o(.bss.hadc2) for hadc2
    adc.o(.text.MX_ADC2_Init) refers to stm32g4xx_hal_adc.o(.text.HAL_ADC_Init) for HAL_ADC_Init
    adc.o(.text.MX_ADC2_Init) refers to main.o(.text.Error_Handler) for Error_Handler
    adc.o(.text.MX_ADC2_Init) refers to stm32g4xx_hal_adc.o(.text.HAL_ADC_ConfigChannel) for HAL_ADC_ConfigChannel
    adc.o(.ARM.exidx.text.MX_ADC2_Init) refers to adc.o(.text.MX_ADC2_Init) for [Anonymous Symbol]
[...]
    LL_ADC_GetMultimode                      0x08005325   Thumb Code    16  stm32g4xx_hal_adc.o(.text.LL_ADC_GetMultimode)
    [Anonymous Symbol]                       0x08005324   Section        0  stm32g4xx_hal_adc.o(.text.LL_ADC_GetMultimode)
    LL_ADC_GetOffsetChannel                  0x08005335   Thumb Code    30  stm32g4xx_hal_adc.o(.text.LL_ADC_GetOffsetChannel)
    [Anonymous Symbol]                       0x08005334   Section        0  stm32g4xx_hal_adc.o(.text.LL_ADC_GetOffsetChannel)
    LL_ADC_INJ_IsConversionOngoing           0x08005355   Thumb Code    16  stm32g4xx_hal_adc.o(.text.LL_ADC_INJ_IsConversionOngoing)
    [Anonymous Symbol]                       0x08005354   Section        0  stm32g4xx_hal_adc.o(.text.LL_ADC_INJ_IsConversionOngoing)
    LL_ADC_IsCalibrationOnGoing              0x08005365   Thumb Code    14  stm32g4xx_hal_adc_ex.o(.text.LL_ADC_IsCalibrationOnGoing)
    [Anonymous Symbol]                       0x08005364   Section        0  stm32g4xx_hal_adc_ex.o(.text.LL_ADC_IsCalibrationOnGoing)
    LL_ADC_IsDeepPowerDownEnabled            0x08005375   Thumb Code    16  stm32g4xx_hal_adc.o(.text.LL_ADC_IsDeepPowerDownEnabled)
    [Anonymous Symbol]                       0x08005374   Section        0  stm32g4xx_hal_adc.o(.text.LL_ADC_IsDeepPowerDownEnabled)
    LL_ADC_IsDisableOngoing                  0x08005385   Thumb Code    16  stm32g4xx_hal_adc.o(.text.LL_ADC_IsDisableOngoing)
    [Anonymous Symbol]                       0x08005384   Section        0  stm32g4xx_hal_adc.o(.text.LL_ADC_IsDisableOngoing)
    LL_ADC_IsEnabled                         0x08005395   Thumb Code    16  stm32g4xx_hal_adc.o(.text.LL_ADC_IsEnabled)
    [Anonymous Symbol]                       0x08005394   Section        0  stm32g4xx_hal_adc.o(.text.LL_ADC_IsEnabled)
    LL_ADC_IsInternalRegulatorEnabled        0x080053a5   Thumb Code    16  stm32g4xx_hal_adc.o(.text.LL_ADC_IsInternalRegulatorEnabled)
    [Anonymous Symbol]                       0x080053a4   Section        0  stm32g4xx_hal_adc.o(.text.LL_ADC_IsInternalRegulatorEnabled)
    LL_ADC_REG_IsConversionOngoing           0x080053b5   Thumb Code    16  stm32g4xx_hal_adc.o(.text.LL_ADC_REG_IsConversionOngoing)
    [Anonymous Symbol]                       0x080053b4   Section        0  stm32g4xx_hal_adc.o(.text.LL_ADC_REG_IsConversionOngoing)
    LL_ADC_REG_IsTriggerSourceSWStart        0x080053c5   Thumb Code    22  stm32g4xx_hal_adc.o(.text.LL_ADC_REG_IsTriggerSourceSWStart)
    [Anonymous Symbol]                       0x080053c4   Section        0  stm32g4xx_hal_adc.o(.text.LL_ADC_REG_IsTriggerSourceSWStart)
    LL_ADC_REG_SetSequencerRanks             0x080053dd   Thumb Code    58  stm32g4xx_hal_adc.o(.text.LL_ADC_REG_SetSequencerRanks)
    [Anonymous Symbol]                       0x080053dc   Section        0  stm32g4xx_hal_adc.o(.text.LL_ADC_REG_SetSequencerRanks)
    LL_ADC_REG_StartConversion               0x08005419   Thumb Code    28  stm32g4xx_hal_adc.o(.text.LL_ADC_REG_StartConversion)
    [Anonymous Symbol]                       0x08005418   Section        0  stm32g4xx_hal_adc.o(.text.LL_ADC_REG_StartConversion)
    LL_ADC_SetChannelSamplingTime            0x08005435   Thumb Code    54  stm32g4xx_hal_adc.o(.text.LL_ADC_SetChannelSamplingTime)
    [Anonymous Symbol]                       0x08005434   Section        0  stm32g4xx_hal_adc.o(.text.LL_ADC_SetChannelSamplingTime)
    LL_ADC_SetChannelSingleDiff              0x0800546d   Thumb Code    52  stm32g4xx_hal_adc.o(.text.LL_ADC_SetChannelSingleDiff)
    [Anonymous Symbol]                       0x0800546c   Section        0  stm32g4xx_hal_adc.o(.text.LL_ADC_SetChannelSingleDiff)
    LL_ADC_SetCommonClock                    0x080054a1   Thumb Code    26  stm32g4xx_hal_adc.o(.text.LL_ADC_SetCommonClock)
    [Anonymous Symbol]                       0x080054a0   Section        0  stm32g4xx_hal_adc.o(.text.LL_ADC_SetCommonClock)
    LL_ADC_SetCommonPathInternalCh           0x080054bd   Thumb Code    26  stm32g4xx_hal_adc.o(.text.LL_ADC_SetCommonPathInternalCh)
    [Anonymous Symbol]                       0x080054bc   Section        0  stm32g4xx_hal_adc.o(.text.LL_ADC_SetCommonPathInternalCh)
    LL_ADC_SetOffset                         0x080054d9   Thumb Code    60  stm32g4xx_hal_adc.o(.text.LL_ADC_SetOffset)
    [Anonymous Symbol]                       0x080054d8   Section        0  stm32g4xx_hal_adc.o(.text.LL_ADC_SetOffset)
    LL_ADC_SetOffsetSaturation               0x08005515   Thumb Code    40  stm32g4xx_hal_adc.o(.text.LL_ADC_SetOffsetSaturation)
    [Anonymous Symbol]                       0x08005514   Section        0  stm32g4xx_hal_adc.o(.text.LL_ADC_SetOffsetSaturation)
    LL_ADC_SetOffsetSign                     0x0800553d   Thumb Code    40  stm32g4xx_hal_adc.o(.text.LL_ADC_SetOffsetSign)
    [Anonymous Symbol]                       0x0800553c   Section        0  stm32g4xx_hal_adc.o(.text.LL_ADC_SetOffsetSign)
    LL_ADC_SetOffsetState                    0x08005565   Thumb Code    40  stm32g4xx_hal_adc.o(.text.LL_ADC_SetOffsetState)
    [Anonymous Symbol]                       0x08005564   Section        0  stm32g4xx_hal_adc.o(.text.LL_ADC_SetOffsetState)
    LL_ADC_SetSamplingTimeCommonConfig       0x0800558d   Thumb Code    26  stm32g4xx_hal_adc.o(.text.LL_ADC_SetSamplingTimeCommonConfig)
    [Anonymous Symbol]                       0x0800558c   Section        0  stm32g4xx_hal_adc.o(.text.LL_ADC_SetSamplingTimeCommonConfig)
    LL_ADC_StartCalibration                  0x080055a9   Thumb Code    40  stm32g4xx_hal_adc_ex.o(.text.LL_ADC_StartCalibration)
    [Anonymous Symbol]                       0x080055a8   Section        0  stm32g4xx_hal_adc_ex.o(.text.LL_ADC_StartCalibration)
    [Anonymous Symbol]                       0x080055d0   Section        0  adc.o(.text.MX_ADC2_Init)
    [Anonymous Symbol]                       0x08005670   Section        0  dma.o(.text.MX_DMA_Init)
    [Anonymous Symbol]                       0x080056dc   Section        0  gpio.o(.text.MX_GPIO_Init)
    [Anonymous Symbol]                       0x08005814   Section        0  tim.o(.text.MX_TIM6_Init)
    [Anonymous Symbol]                       0x08005874   Section        0  tim.o(.text.MX_TIM7_Init)
    [Anonymous Symbol]                       0x080058d0   Section        0  usart.o(.text.MX_USART1_UART_Init)
    [Anonymous Symbol]                       0x08005988   Section        0  stm32g4xx_it.o(.text.MemManage_Handler)
    [Anonymous Symbol]                       0x0800598c   Section        0  stm32g4xx_it.o(.text.NMI_Handler)
    NVIC_EncodePriority                      0x08005991   Thumb Code   108  stm32g4xx_hal_cortex.o(.text.NVIC_EncodePriority)
    [Anonymous Symbol]                       0x08005990   Section        0  stm32g4xx_hal_cortex.o(.text.NVIC_EncodePriority)
    [Anonymous Symbol]                       0x080059fc   Section        0  stm32g4xx_it.o(.text.PendSV_Handler)
    RCC_GetSysClockFreqFromPLLSource         0x08005a01   Thumb Code   156  stm32g4xx_hal_rcc.o(.text.RCC_GetSysClockFreqFromPLLSource)
    [Anonymous Symbol]                       0x08005a00   Section        0  stm32g4xx_hal_rcc.o(.text.RCC_GetSysClockFreqFromPLLSource)
    [Anonymous Symbol]                       0x08005a9c   Section        0  lcd.o(.text.REG_8230_Init)
    [Anonymous Symbol]                       0x08005bbc   Section        0  lcd.o(.text.REG_932X_Init)
    [Anonymous Symbol]                       0x08005dd8   Section        0  i2c_hal.o(.text.SCL_Output)
    [Anonymous Symbol]                       0x08005e10   Section        0  i2c_hal.o(.text.SDA_Input)
    [Anonymous Symbol]                       0x08005e40   Section        0  i2c_hal.o(.text.SDA_Input_Mode)
    [Anonymous Symbol]                       0x08005e70   Section        0  i2c_hal.o(.text.SDA_Output)
    [Anonymous Symbol]                       0x08005ea8   Section        0  i2c_hal.o(.text.SDA_Output_Mode)
    [Anonymous Symbol]                       0x08005ed8   Section        0  stm32g4xx_it.o(.text.SVC_Handler)
    SysTick_Config                           0x08005edd   Thumb Code    82  stm32g4xx_hal_cortex.o(.text.SysTick_Config)
    [Anonymous Symbol]                       0x08005edc   Section        0  stm32g4xx_hal_cortex.o(.text.SysTick_Config)
    [Anonymous Symbol]                       0x08005f30   Section        0  stm32g4xx_it.o(.text.SysTick_Handler)
    [Anonymous Symbol]                       0x08005f38   Section        0  main.o(.text.SystemClock_Config)
    [Anonymous Symbol]                       0x08005fd8   Section        0  system_stm32g4xx.o(.text.SystemInit)
    [Anonymous Symbol]                       0x08005fec   Section        0  stm32g4xx_it.o(.text.TIM6_DAC_IRQHandler)
    [Anonymous Symbol]                       0x08005ffc   Section        0  stm32g4xx_it.o(.text.TIM7_IRQHandler)
    [Anonymous Symbol]                       0x0800600c   Section        0  stm32g4xx_hal_tim.o(.text.TIM_Base_SetConfig)
    UARTEx_SetNbDataToProcess                0x080061a5   Thumb Code   134  stm32g4xx_hal_uart_ex.o(.text.UARTEx_SetNbDataToProcess)
    [Anonymous Symbol]                       0x080061a4   Section        0  stm32g4xx_hal_uart_ex.o(.text.UARTEx_SetNbDataToProcess)
    [Anonymous Symbol]                       0x0800622c   Section        0  stm32g4xx_hal_uart.o(.text.UART_AdvFeatureConfig)
    [Anonymous Symbol]                       0x08006374   Section        0  stm32g4xx_hal_uart.o(.text.UART_CheckIdleState)
    UART_DMAAbortOnError                     0x080064bd   Thumb Code    36  stm32g4xx_hal_uart.o(.text.UART_DMAAbortOnError)
    [Anonymous Symbol]                       0x080064bc   Section        0  stm32g4xx_hal_uart.o(.text.UART_DMAAbortOnError)
    UART_DMAError                            0x080064e1   Thumb Code   128  stm32g4xx_hal_uart.o(.text.UART_DMAError)
    [Anonymous Symbol]                       0x080064e0   Section        0  stm32g4xx_hal_uart.o(.text.UART_DMAError)
    UART_DMAReceiveCplt                      0x08006561   Thumb Code   248  stm32g4xx_hal_uart.o(.text.UART_DMAReceiveCplt)
    [Anonymous Symbol]                       0x08006560   Section        0  stm32g4xx_hal_uart.o(.text.UART_DMAReceiveCplt)
    UART_DMARxHalfCplt                       0x08006659   Thumb Code    54  stm32g4xx_hal_uart.o(.text.UART_DMARxHalfCplt)
    [Anonymous Symbol]                       0x08006658   Section        0  stm32g4xx_hal_uart.o(.text.UART_DMARxHalfCplt)
    UART_EndRxTransfer                       0x08006691   Thumb Code   158  stm32g4xx_hal_uart.o(.text.UART_EndRxTransfer)
    [Anonymous Symbol]                       0x08006690   Section        0  stm32g4xx_hal_uart.o(.text.UART_EndRxTransfer)
    UART_EndTransmit_IT                      0x08006731   Thumb Code    68  stm32g4xx_hal_uart.o(.text.UART_EndTransmit_IT)
    [Anonymous Symbol]                       0x08006730   Section        0  stm32g4xx_hal_uart.o(.text.UART_EndTransmit_IT)
    UART_EndTxTransfer                       0x08006775   Thumb Code    92  stm32g4xx_hal_uart.o(.text.UART_EndTxTransfer)
    [Anonymous Symbol]                       0x08006774   Section        0  stm32g4xx_hal_uart.o(.text.UART_EndTxTransfer)
    [Anonymous Symbol]                       0x080067d0   Section        0  stm32g4xx_hal_uart.o(.text.UART_SetConfig)
    [Anonymous Symbol]                       0x08006d40   Section        0  stm32g4xx_hal_uart.o(.text.UART_Start_Receive_DMA)
    [Anonymous Symbol]                       0x08006e70   Section        0  stm32g4xx_hal_uart.o(.text.UART_WaitOnFlagUntilTimeout)
    [Anonymous Symbol]                       0x08006f7c   Section        0  stm32g4xx_it.o(.text.USART1_IRQHandler)
    [Anonymous Symbol]                       0x08006f8c   Section        0  stm32g4xx_it.o(.text.UsageFault_Handler)
    __NVIC_EnableIRQ                         0x08006f91   Thumb Code    48  stm32g4xx_hal_cortex.o(.text.__NVIC_EnableIRQ)
    [Anonymous Symbol]                       0x08006f90   Section        0  stm32g4xx_hal_cortex.o(.text.__NVIC_EnableIRQ)
    __NVIC_GetPriorityGrouping               0x08006fc1   Thumb Code    16  stm32g4xx_hal_cortex.o(.text.__NVIC_GetPriorityGrouping)
    [Anonymous Symbol]                       0x08006fc0   Section        0  stm32g4xx_hal_cortex.o(.text.__NVIC_GetPriorityGrouping)
    __NVIC_SetPriority                       0x08006fd1   Thumb Code    66  stm32g4xx_hal_cortex.o(.text.__NVIC_SetPriority)
    [Anonymous Symbol]                       0x08006fd0   Section        0  stm32g4xx_hal_cortex.o(.text.__NVIC_SetPriority)
    __NVIC_SetPriorityGrouping               0x08007015   Thumb Code    60  stm32g4xx_hal_cortex.o(.text.__NVIC_SetPriorityGrouping)
    [Anonymous Symbol]                       0x08007014   Section        0  stm32g4xx_hal_cortex.o(.text.__NVIC_SetPriorityGrouping)
    [Anonymous Symbol]                       0x08007050   Section        0  adcapp.o(.text.adc_init)
    [Anonymous Symbol]                       0x0800716c   Section        0  adcapp.o(.text.adc_proc)
    delay1                                   0x0800733d   Thumb Code    34  i2c_hal.o(.text.delay1)
    [Anonymous Symbol]                       0x0800733c   Section        0  i2c_hal.o(.text.delay1)
    [Anonymous Symbol]                       0x08007360   Section        0  usart.o(.text.fputc)
    [Anonymous Symbol]                       0x08007380   Section        0  keyapp.o(.text.key_proc)
    [Anonymous Symbol]                       0x08007530   Section        0  lcdapp.o(.text.lcd_disp)
    [Anonymous Symbol]                       0x08007568   Section        0  lcdapp.o(.text.lcd_init)
    [Anonymous Symbol]                       0x0800758c   Section        0  lcdapp.o(.text.lcd_proc)
    [Anonymous Symbol]                       0x08007734   Section        0  ledapp.o(.text.led_renew)
    [Anonymous Symbol]                       0x08007788   Section        0  main.o(.text.main)
    [Anonymous Symbol]                       0x080077d4   Section        0  iicapp.o(.text.read_eeprom)
    [Anonymous Symbol]                       0x08007838   Section        0  scheduler.o(.text.scheduler_run)
    [Anonymous Symbol]                       0x080078c8   Section        0  timapp.o(.text.tims_init)
    [Anonymous Symbol]                       0x080078e4   Section        0  uartapp.o(.text.uart_proc)
    [Anonymous Symbol]                       0x08007a18   Section        0  iicapp.o(.text.write_eeprom)
    i.__0printf                              0x08007a68   Section        0  printfa.o(i.__0printf)
    i.__0vsprintf                            0x08007a88   Section        0  printfa.o(i.__0vsprintf)
    i.__scatterload_copy                     0x08007aac   Section       14  handlers.o(i.__scatterload_copy)
    i.__scatterload_null                     0x08007aba   Section        2  handlers.o(i.__scatterload_null)
    i.__scatterload_zeroinit                 0x08007abc   Section       14  handlers.o(i.__scatterload_zeroinit)
    _fp_digits                               0x08007acd   Thumb Code   366  printfa.o(i._fp_digits)
    i._fp_digits                             0x08007acc   Section        0  printfa.o(i._fp_digits)
    _printf_core                             0x08007c51   Thumb Code  1744  printfa.o(i._printf_core)
    i._printf_core                           0x08007c50   Section        0  printfa.o(i._printf_core)
    _printf_post_padding                     0x0800832d   Thumb Code    36  printfa.o(i._printf_post_padding)
    i._printf_post_padding                   0x0800832c   Section        0  printfa.o(i._printf_post_padding)
    _printf_pre_padding                      0x08008351   Thumb Code    46  printfa.o(i._printf_pre_padding)
    i._printf_pre_padding                    0x08008350   Section        0  printfa.o(i._printf_pre_padding)
    _sputc                                   0x0800837f   Thumb Code    10  printfa.o(i._sputc)
    i._sputc                                 0x0800837e   Section        0  printfa.o(i._sputc)
    UARTEx_SetNbDataToProcess.denominator    0x08009570   Data           8  stm32g4xx_hal_uart_ex.o(.rodata.UARTEx_SetNbDataToProcess.denominator)
    [Anonymous Symbol]                       0x08009570   Section        0  stm32g4xx_hal_uart_ex.o(.rodata.UARTEx_SetNbDataToProcess.denominator)
    UARTEx_SetNbDataToProcess.numerator      0x08009578   Data           8  stm32g4xx_hal_uart_ex.o(.rodata.UARTEx_SetNbDataToProcess.numerator)
    [Anonymous Symbol]                       0x08009578   Section        0  stm32g4xx_hal_uart_ex.o(.rodata.UARTEx_SetNbDataToProcess.numerator)
    .L.str.5                                 0x08009598   Data          13  lcdapp.o(.rodata.str1.1)
    [Anonymous Symbol]                       0x08009598   Section        0  lcdapp.o(.rodata.str1.1)
    .L.str.6                                 0x080095a5   Data          13  lcdapp.o(.rodata.str1.1)
    .L.str.7                                 0x080095b2   Data          13  lcdapp.o(.rodata.str1.1)
    .L.str.1                                 0x080095bf   Data          14  lcdapp.o(.rodata.str1.1)
    .L.str.4                                 0x080095cd   Data          13  lcdapp.o(.rodata.str1.1)
    .L.str.3                                 0x080095da   Data          10  lcdapp.o(.rodata.str1.1)
    .L.str.2                                 0x080095e4   Data          10  lcdapp.o(.rodata.str1.1)
    .L.str                                   0x080095ee   Data          13  lcdapp.o(.rodata.str1.1)
    .L.str.1                                 0x080095fb   Data          14  adcapp.o(.rodata.str1.1)
    [Anonymous Symbol]                       0x080095fb   Section        0  adcapp.o(.rodata.str1.1)
    .L.str                                   0x08009609   Data          14  adcapp.o(.rodata.str1.1)
    .L.str.1                                 0x08009617   Data          19  uartapp.o(.rodata.str1.1)
    [Anonymous Symbol]                       0x08009617   Section        0  uartapp.o(.rodata.str1.1)
    .L.str                                   0x0800962a   Data          12  uartapp.o(.rodata.str1.1)
    .data                                    0x20000000   Section        4  stdout.o(.data)
    BackColor                                0x20000004   Data           2  lcd.o(.data.BackColor)
    [Anonymous Symbol]                       0x20000004   Section        0  lcd.o(.data.BackColor)
    scheduler_run.tasks_num                  0x2000000c   Data           1  scheduler.o(.data.scheduler_run.tasks_num)
    [Anonymous Symbol]                       0x2000000c   Section        0  scheduler.o(.data.scheduler_run.tasks_num)
    TextColor                                0x20000038   Data           2  lcd.o(.bss.TextColor)
    [Anonymous Symbol]                       0x20000038   Section        0  lcd.o(.bss.TextColor)
    STACK                                    0x20000398   Section     1024  startup_stm32g431xx.o(STACK)

    Global Symbols

    Symbol Name                              Value     Ov Type        Size  Object(Section)

    BuildAttributes$$THM_ISAv4$E$P$D$K$B$S$7EM$VFPi3$EXTD16$VFPS$VFMA$PE$A:L22UL41UL21$X:L11$S22US41US21$IEEE1$IW$~IW$USESV6$~STKCKD$USESV7$~SHL$OSPACE$ROPI$EBA8$MICROLIB$REQ8$PRES8$EABIv2 0x00000000   Number         0  anon$$obj.o ABSOLUTE
    __cpp_initialize__aeabi_                  - Undefined Weak Reference
    __cxa_finalize                            - Undefined Weak Reference
    __decompress                              - Undefined Weak Reference
    _clock_init                               - Undefined Weak Reference
    _microlib_exit                            - Undefined Weak Reference
    __Vectors_Size                           0x000001d8   Number         0  startup_stm32g431xx.o ABSOLUTE
    __Vectors                                0x08000000   Data           4  startup_stm32g431xx.o(RESET)
    __Vectors_End                            0x080001d8   Data           0  startup_stm32g431xx.o(RESET)
    __main                                   0x080001d9   Thumb Code     0  entry.o(.ARM.Collect$$$$00000000)
    _main_stk                                0x080001d9   Thumb Code     0  entry2.o(.ARM.Collect$$$$00000001)
    _main_scatterload                        0x080001dd   Thumb Code     0  entry5.o(.ARM.Collect$$$$00000004)
    __main_after_scatterload                 0x080001e1   Thumb Code     0  entry5.o(.ARM.Collect$$$$00000004)
    _main_clock                              0x080001e1   Thumb Code     0  entry7b.o(.ARM.Collect$$$$00000008)
    _main_cpp_init                           0x080001e1   Thumb Code     0  entry8b.o(.ARM.Collect$$$$0000000A)
    _main_init                               0x080001e1   Thumb Code     0  entry9a.o(.ARM.Collect$$$$0000000B)
    __rt_final_cpp                           0x080001e9   Thumb Code     0  entry10a.o(.ARM.Collect$$$$0000000D)
    __rt_final_exit                          0x080001e9   Thumb Code     0  entry11a.o(.ARM.Collect$$$$0000000F)
    Reset_Handler                            0x080001ed   Thumb Code     8  startup_stm32g431xx.o(.text)
    ADC1_2_IRQHandler                        0x08000207   Thumb Code     0  startup_stm32g431xx.o(.text)
    COMP1_2_3_IRQHandler                     0x08000207   Thumb Code     0  startup_stm32g431xx.o(.text)
    COMP4_IRQHandler                         0x08000207   Thumb Code     0  startup_stm32g431xx.o(.text)
    CORDIC_IRQHandler                        0x08000207   Thumb Code     0  startup_stm32g431xx.o(.text)
    CRS_IRQHandler                           0x08000207   Thumb Code     0  startup_stm32g431xx.o(.text)
    DMA1_Channel3_IRQHandler                 0x08000207   Thumb Code     0  startup_stm32g431xx.o(.text)
    DMA1_Channel4_IRQHandler                 0x08000207   Thumb Code     0  startup_stm32g431xx.o(.text)
    DMA1_Channel5_IRQHandler                 0x08000207   Thumb Code     0  startup_stm32g431xx.o(.text)
    DMA1_Channel6_IRQHandler                 0x08000207   Thumb Code     0  startup_stm32g431xx.o(.text)
    DMA2_Channel1_IRQHandler                 0x08000207   Thumb Code     0  startup_stm32g431xx.o(.text)
    DMA2_Channel2_IRQHandler                 0x08000207   Thumb Code     0  startup_stm32g431xx.o(.text)
    DMA2_Channel3_IRQHandler                 0x08000207   Thumb Code     0  startup_stm32g431xx.o(.text)
    DMA2_Channel4_IRQHandler                 0x08000207   Thumb Code     0  startup_stm32g431xx.o(.text)
    DMA2_Channel5_IRQHandler                 0x08000207   Thumb Code     0  startup_stm32g431xx.o(.text)
    DMA2_Channel6_IRQHandler                 0x08000207   Thumb Code     0  startup_stm32g431xx.o(.text)
    DMAMUX_OVR_IRQHandler                    0x08000207   Thumb Code     0  startup_stm32g431xx.o(.text)
    EXTI0_IRQHandler                         0x08000207   Thumb Code     0  startup_stm32g431xx.o(.text)
    EXTI15_10_IRQHandler                     0x08000207   Thumb Code     0  startup_stm32g431xx.o(.text)
    EXTI1_IRQHandler                         0x08000207   Thumb Code     0  startup_stm32g431xx.o(.text)
    EXTI2_IRQHandler                         0x08000207   Thumb Code     0  startup_stm32g431xx.o(.text)
    EXTI3_IRQHandler                         0x08000207   Thumb Code     0  startup_stm32g431xx.o(.text)
    EXTI4_IRQHandler                         0x08000207   Thumb Code     0  startup_stm32g431xx.o(.text)
    EXTI9_5_IRQHandler                       0x08000207   Thumb Code     0  startup_stm32g431xx.o(.text)
    FDCAN1_IT0_IRQHandler                    0x08000207   Thumb Code     0  startup_stm32g431xx.o(.text)
    FDCAN1_IT1_IRQHandler                    0x08000207   Thumb Code     0  startup_stm32g431xx.o(.text)
    FLASH_IRQHandler                         0x08000207   Thumb Code     0  startup_stm32g431xx.o(.text)
    FMAC_IRQHandler                          0x08000207   Thumb Code     0  startup_stm32g431xx.o(.text)
    FPU_IRQHandler                           0x08000207   Thumb Code     0  startup_stm32g431xx.o(.text)
    I2C1_ER_IRQHandler                       0x08000207   Thumb Code     0  startup_stm32g431xx.o(.text)
    I2C1_EV_IRQHandler                       0x08000207   Thumb Code     0  startup_stm32g431xx.o(.text)
    I2C2_ER_IRQHandler                       0x08000207   Thumb Code     0  startup_stm32g431xx.o(.text)
    I2C2_EV_IRQHandler                       0x08000207   Thumb Code     0  startup_stm32g431xx.o(.text)
    I2C3_ER_IRQHandler                       0x08000207   Thumb Code     0  startup_stm32g431xx.o(.text)
    I2C3_EV_IRQHandler                       0x08000207   Thumb Code     0  startup_stm32g431xx.o(.text)
    LPTIM1_IRQHandler                        0x08000207   Thumb Code     0  startup_stm32g431xx.o(.text)
    LPUART1_IRQHandler                       0x08000207   Thumb Code     0  startup_stm32g431xx.o(.text)
    PVD_PVM_IRQHandler                       0x08000207   Thumb Code     0  startup_stm32g431xx.o(.text)
    RCC_IRQHandler                           0x08000207   Thumb Code     0  startup_stm32g431xx.o(.text)
    RNG_IRQHandler                           0x08000207   Thumb Code     0  startup_stm32g431xx.o(.text)
    RTC_Alarm_IRQHandler                     0x08000207   Thumb Code     0  startup_stm32g431xx.o(.text)
    RTC_TAMP_LSECSS_IRQHandler               0x08000207   Thumb Code     0  startup_stm32g431xx.o(.text)
    RTC_WKUP_IRQHandler                      0x08000207   Thumb Code     0  startup_stm32g431xx.o(.text)
    SAI1_IRQHandler                          0x08000207   Thumb Code     0  startup_stm32g431xx.o(.text)
    SPI1_IRQHandler                          0x08000207   Thumb Code     0  startup_stm32g431xx.o(.text)
    SPI2_IRQHandler                          0x08000207   Thumb Code     0  startup_stm32g431xx.o(.text)
    SPI3_IRQHandler                          0x08000207   Thumb Code     0  startup_stm32g431xx.o(.text)
    TIM1_BRK_TIM15_IRQHandler                0x08000207   Thumb Code     0  startup_stm32g431xx.o(.text)
    TIM1_CC_IRQHandler                       0x08000207   Thumb Code     0  startup_stm32g431xx.o(.text)
    TIM1_TRG_COM_TIM17_IRQHandler            0x08000207   Thumb Code     0  startup_stm32g431xx.o(.text)
    TIM1_UP_TIM16_IRQHandler                 0x08000207   Thumb Code     0  startup_stm32g431xx.o(.text)
    TIM2_IRQHandler                          0x08000207   Thumb Code     0  startup_stm32g431xx.o(.text)
    TIM3_IRQHandler                          0x08000207   Thumb Code     0  startup_stm32g431xx.o(.text)
    TIM4_IRQHandler                          0x08000207   Thumb Code     0  startup_stm32g431xx.o(.text)
    TIM8_BRK_IRQHandler                      0x08000207   Thumb Code     0  startup_stm32g431xx.o(.text)
    TIM8_CC_IRQHandler                       0x08000207   Thumb Code     0  startup_stm32g431xx.o(.text)
    TIM8_TRG_COM_IRQHandler                  0x08000207   Thumb Code     0  startup_stm32g431xx.o(.text)
    TIM8_UP_IRQHandler                       0x08000207   Thumb Code     0  startup_stm32g431xx.o(.text)
    UART4_IRQHandler                         0x08000207   Thumb Code     0  startup_stm32g431xx.o(.text)
    UCPD1_IRQHandler                         0x08000207   Thumb Code     0  startup_stm32g431xx.o(.text)
    USART2_IRQHandler                        0x08000207   Thumb Code     0  startup_stm32g431xx.o(.text)
    USART3_IRQHandler                        0x08000207   Thumb Code     0  startup_stm32g431xx.o(.text)
    USBWakeUp_IRQHandler                     0x08000207   Thumb Code     0  startup_stm32g431xx.o(.text)
    USB_HP_IRQHandler                        0x08000207   Thumb Code     0  startup_stm32g431xx.o(.text)
    USB_LP_IRQHandler                        0x08000207   Thumb Code     0  startup_stm32g431xx.o(.text)
    WWDG_IRQHandler                          0x08000207   Thumb Code     0  startup_stm32g431xx.o(.text)
    __aeabi_uldivmod                         0x08000211   Thumb Code    98  uldiv.o(.text)
    __aeabi_memset                           0x08000273   Thumb Code    14  memseta.o(.text)
    __aeabi_memset4                          0x08000273   Thumb Code     0  memseta.o(.text)
    __aeabi_memset8                          0x08000273   Thumb Code     0  memseta.o(.text)
    __aeabi_memclr                           0x08000281   Thumb Code     4  memseta.o(.text)
    __aeabi_memclr4                          0x08000281   Thumb Code     0  memseta.o(.text)
    __aeabi_memclr8                          0x08000281   Thumb Code     0  memseta.o(.text)
    _memset$wrapper                          0x08000285   Thumb Code    18  memseta.o(.text)
    __aeabi_f2d                              0x08000297   Thumb Code    38  f2d.o(.text)
    __aeabi_uidiv                            0x080002bd   Thumb Code     0  uidiv.o(.text)
    __aeabi_uidivmod                         0x080002bd   Thumb Code    44  uidiv.o(.text)
    __aeabi_llsl                             0x080002e9   Thumb Code    30  llshl.o(.text)
    _ll_shift_l                              0x080002e9   Thumb Code     0  llshl.o(.text)
    __aeabi_llsr                             0x08000307   Thumb Code    32  llushr.o(.text)
    _ll_ushift_r                             0x08000307   Thumb Code     0  llushr.o(.text)
    __I$use$fp                               0x08000327   Thumb Code     0  iusefp.o(.text)
    __aeabi_dadd                             0x08000327   Thumb Code   322  dadd.o(.text)
    __aeabi_dsub                             0x08000469   Thumb Code     6  dadd.o(.text)
    __aeabi_drsub                            0x0800046f   Thumb Code     6  dadd.o(.text)
    __aeabi_dmul                             0x08000475   Thumb Code   228  dmul.o(.text)
    __aeabi_ddiv                             0x08000559   Thumb Code   222  ddiv.o(.text)
    __aeabi_d2ulz                            0x08000637   Thumb Code    48  dfixul.o(.text)
    __aeabi_cdrcmple                         0x08000669   Thumb Code    48  cdrcmple.o(.text)
    __scatterload                            0x08000699   Thumb Code    38  init.o(.text)
    __scatterload_rt2                        0x08000699   Thumb Code     0  init.o(.text)
    __aeabi_lasr                             0x080006c9   Thumb Code    36  llsshr.o(.text)
    _ll_sshift_r                             0x080006c9   Thumb Code     0  llsshr.o(.text)
    _double_round                            0x080006ed   Thumb Code    30  depilogue.o(.text)
    _double_epilogue                         0x0800070b   Thumb Code   156  depilogue.o(.text)
    ADC_DMAConvCplt                          0x080007a9   Thumb Code   212  stm32g4xx_hal_adc.o(.text.ADC_DMAConvCplt)
    ADC_DMAError                             0x0800087d   Thumb Code    42  stm32g4xx_hal_adc.o(.text.ADC_DMAError)
    ADC_DMAHalfConvCplt                      0x080008a9   Thumb Code    22  stm32g4xx_hal_adc.o(.text.ADC_DMAHalfConvCplt)
    ADC_Disable                              0x080008c1   Thumb Code   196  stm32g4xx_hal_adc.o(.text.ADC_Disable)
    ADC_Enable                               0x08000985   Thumb Code   272  stm32g4xx_hal_adc.o(.text.ADC_Enable)
    BusFault_Handler                         0x08000a95   Thumb Code     4  stm32g4xx_it.o(.text.BusFault_Handler)
    DMA1_Channel1_IRQHandler                 0x08000a99   Thumb Code    16  stm32g4xx_it.o(.text.DMA1_Channel1_IRQHandler)
    DMA1_Channel2_IRQHandler                 0x08000aa9   Thumb Code    16  stm32g4xx_it.o(.text.DMA1_Channel2_IRQHandler)
    DebugMon_Handler                         0x08000bd9   Thumb Code     2  stm32g4xx_it.o(.text.DebugMon_Handler)
    Delay_LCD                                0x08000bdd   Thumb Code    82  lcd.o(.text.Delay_LCD)
    Error_Handler                            0x08000c31   Thumb Code    14  main.o(.text.Error_Handler)
    HAL_ADCEx_Calibration_Start              0x08000c41   Thumb Code   224  stm32g4xx_hal_adc_ex.o(.text.HAL_ADCEx_Calibration_Start)
    HAL_ADC_ConfigChannel                    0x08000d21   Thumb Code  2024  stm32g4xx_hal_adc.o(.text.HAL_ADC_ConfigChannel)
    HAL_ADC_ConvCpltCallback                 0x08001509   Thumb Code     8  stm32g4xx_hal_adc.o(.text.HAL_ADC_ConvCpltCallback)
    HAL_ADC_ConvHalfCpltCallback             0x08001511   Thumb Code     8  stm32g4xx_hal_adc.o(.text.HAL_ADC_ConvHalfCpltCallback)
    HAL_ADC_ErrorCallback                    0x08001519   Thumb Code     8  stm32g4xx_hal_adc.o(.text.HAL_ADC_ErrorCallback)
    HAL_ADC_Init                             0x08001521   Thumb Code   792  stm32g4xx_hal_adc.o(.text.HAL_ADC_Init)
    HAL_ADC_MspInit                          0x08001839   Thumb Code   216  adc.o(.text.HAL_ADC_MspInit)
    HAL_ADC_Start_DMA                        0x08001911   Thumb Code   412  stm32g4xx_hal_adc.o(.text.HAL_ADC_Start_DMA)
    HAL_DMA_Abort                            0x08001aad   Thumb Code   156  stm32g4xx_hal_dma.o(.text.HAL_DMA_Abort)
    HAL_DMA_Abort_IT                         0x08001b49   Thumb Code   194  stm32g4xx_hal_dma.o(.text.HAL_DMA_Abort_IT)
    HAL_DMA_IRQHandler                       0x08001c0d   Thumb Code   342  stm32g4xx_hal_dma.o(.text.HAL_DMA_IRQHandler)
    HAL_DMA_Init                             0x08001d65   Thumb Code   342  stm32g4xx_hal_dma.o(.text.HAL_DMA_Init)
    HAL_DMA_Start_IT                         0x08001ebd   Thumb Code   252  stm32g4xx_hal_dma.o(.text.HAL_DMA_Start_IT)
    HAL_Delay                                0x08001fb9   Thumb Code    66  stm32g4xx_hal.o(.text.HAL_Delay)
    HAL_GPIO_Init                            0x08001ffd   Thumb Code   872  stm32g4xx_hal_gpio.o(.text.HAL_GPIO_Init)
    HAL_GPIO_ReadPin                         0x08002365   Thumb Code    46  stm32g4xx_hal_gpio.o(.text.HAL_GPIO_ReadPin)
    HAL_GPIO_WritePin                        0x08002395   Thumb Code    44  stm32g4xx_hal_gpio.o(.text.HAL_GPIO_WritePin)
    HAL_GetTick                              0x080023c1   Thumb Code    12  stm32g4xx_hal.o(.text.HAL_GetTick)
    HAL_IncTick                              0x080023cd   Thumb Code    26  stm32g4xx_hal.o(.text.HAL_IncTick)
    HAL_Init                                 0x080023e9   Thumb Code    50  stm32g4xx_hal.o(.text.HAL_Init)
    HAL_InitTick                             0x0800241d   Thumb Code   136  stm32g4xx_hal.o(.text.HAL_InitTick)
    HAL_MspInit                              0x080024a5   Thumb Code    72  stm32g4xx_hal_msp.o(.text.HAL_MspInit)
    HAL_NVIC_EnableIRQ                       0x080024ed   Thumb Code    20  stm32g4xx_hal_cortex.o(.text.HAL_NVIC_EnableIRQ)
    HAL_NVIC_SetPriority                     0x08002501   Thumb Code    46  stm32g4xx_hal_cortex.o(.text.HAL_NVIC_SetPriority)
    HAL_NVIC_SetPriorityGrouping             0x08002531   Thumb Code    16  stm32g4xx_hal_cortex.o(.text.HAL_NVIC_SetPriorityGrouping)
    HAL_PWREx_ControlVoltageScaling          0x08002541   Thumb Code   436  stm32g4xx_hal_pwr_ex.o(.text.HAL_PWREx_ControlVoltageScaling)
    HAL_PWREx_DisableUCPDDeadBattery         0x080026f5   Thumb Code    18  stm32g4xx_hal_pwr_ex.o(.text.HAL_PWREx_DisableUCPDDeadBattery)
    HAL_RCCEx_PeriphCLKConfig                0x08002709   Thumb Code  1114  stm32g4xx_hal_rcc_ex.o(.text.HAL_RCCEx_PeriphCLKConfig)
    HAL_RCC_ClockConfig                      0x08002b65   Thumb Code   806  stm32g4xx_hal_rcc.o(.text.HAL_RCC_ClockConfig)
    HAL_RCC_GetHCLKFreq                      0x08002e8d   Thumb Code    12  stm32g4xx_hal_rcc.o(.text.HAL_RCC_GetHCLKFreq)
    HAL_RCC_GetPCLK1Freq                     0x08002e99   Thumb Code    38  stm32g4xx_hal_rcc.o(.text.HAL_RCC_GetPCLK1Freq)
    HAL_RCC_GetPCLK2Freq                     0x08002ec1   Thumb Code    38  stm32g4xx_hal_rcc.o(.text.HAL_RCC_GetPCLK2Freq)
    HAL_RCC_GetSysClockFreq                  0x08002ee9   Thumb Code   252  stm32g4xx_hal_rcc.o(.text.HAL_RCC_GetSysClockFreq)
    HAL_RCC_OscConfig                        0x08002fe5   Thumb Code  1974  stm32g4xx_hal_rcc.o(.text.HAL_RCC_OscConfig)
    HAL_SYSTICK_Config                       0x0800379d   Thumb Code    16  stm32g4xx_hal_cortex.o(.text.HAL_SYSTICK_Config)
    HAL_TIMEx_Break2Callback                 0x080037ad   Thumb Code     8  stm32g4xx_hal_tim_ex.o(.text.HAL_TIMEx_Break2Callback)
    HAL_TIMEx_BreakCallback                  0x080037b5   Thumb Code     8  stm32g4xx_hal_tim_ex.o(.text.HAL_TIMEx_BreakCallback)
    HAL_TIMEx_CommutCallback                 0x080037bd   Thumb Code     8  stm32g4xx_hal_tim_ex.o(.text.HAL_TIMEx_CommutCallback)
    HAL_TIMEx_DirectionChangeCallback        0x080037c5   Thumb Code     8  stm32g4xx_hal_tim_ex.o(.text.HAL_TIMEx_DirectionChangeCallback)
    HAL_TIMEx_EncoderIndexCallback           0x080037cd   Thumb Code     8  stm32g4xx_hal_tim_ex.o(.text.HAL_TIMEx_EncoderIndexCallback)
    HAL_TIMEx_IndexErrorCallback             0x080037d5   Thumb Code     8  stm32g4xx_hal_tim_ex.o(.text.HAL_TIMEx_IndexErrorCallback)
    HAL_TIMEx_MasterConfigSynchronization    0x080037dd   Thumb Code   318  stm32g4xx_hal_tim_ex.o(.text.HAL_TIMEx_MasterConfigSynchronization)
    HAL_TIMEx_TransitionErrorCallback        0x0800391d   Thumb Code     8  stm32g4xx_hal_tim_ex.o(.text.HAL_TIMEx_TransitionErrorCallback)
    HAL_TIM_Base_Init                        0x08003925   Thumb Code   168  stm32g4xx_hal_tim.o(.text.HAL_TIM_Base_Init)
    HAL_TIM_Base_MspInit                     0x080039cd   Thumb Code   148  tim.o(.text.HAL_TIM_Base_MspInit)
    HAL_TIM_Base_Start_IT                    0x08003a61   Thumb Code   226  stm32g4xx_hal_tim.o(.text.HAL_TIM_Base_Start_IT)
    HAL_TIM_IC_CaptureCallback               0x08003b45   Thumb Code     8  stm32g4xx_hal_tim.o(.text.HAL_TIM_IC_CaptureCallback)
    HAL_TIM_IRQHandler                       0x08003b4d   Thumb Code   768  stm32g4xx_hal_tim.o(.text.HAL_TIM_IRQHandler)
    HAL_TIM_OC_DelayElapsedCallback          0x08003e4d   Thumb Code     8  stm32g4xx_hal_tim.o(.text.HAL_TIM_OC_DelayElapsedCallback)
    HAL_TIM_PWM_PulseFinishedCallback        0x08003e55   Thumb Code     8  stm32g4xx_hal_tim.o(.text.HAL_TIM_PWM_PulseFinishedCallback)
    HAL_TIM_PeriodElapsedCallback            0x08003e5d   Thumb Code   344  timapp.o(.text.HAL_TIM_PeriodElapsedCallback)
    HAL_TIM_TriggerCallback                  0x08003fb5   Thumb Code     8  stm32g4xx_hal_tim.o(.text.HAL_TIM_TriggerCallback)
    HAL_UARTEx_DisableFifoMode               0x08003fbd   Thumb Code   124  stm32g4xx_hal_uart_ex.o(.text.HAL_UARTEx_DisableFifoMode)
    HAL_UARTEx_ReceiveToIdle_DMA             0x08004039   Thumb Code   176  stm32g4xx_hal_uart_ex.o(.text.HAL_UARTEx_ReceiveToIdle_DMA)
    HAL_UARTEx_RxEventCallback               0x080040e9   Thumb Code    26  usart.o(.text.HAL_UARTEx_RxEventCallback)
    HAL_UARTEx_RxFifoFullCallback            0x08004105   Thumb Code     8  stm32g4xx_hal_uart_ex.o(.text.HAL_UARTEx_RxFifoFullCallback)
    HAL_UARTEx_SetRxFifoThreshold            0x0800410d   Thumb Code   140  stm32g4xx_hal_uart_ex.o(.text.HAL_UARTEx_SetRxFifoThreshold)
    HAL_UARTEx_SetTxFifoThreshold            0x08004199   Thumb Code   140  stm32g4xx_hal_uart_ex.o(.text.HAL_UARTEx_SetTxFifoThreshold)
    HAL_UARTEx_TxFifoEmptyCallback           0x08004225   Thumb Code     8  stm32g4xx_hal_uart_ex.o(.text.HAL_UARTEx_TxFifoEmptyCallback)
    HAL_UARTEx_WakeupCallback                0x0800422d   Thumb Code     8  stm32g4xx_hal_uart_ex.o(.text.HAL_UARTEx_WakeupCallback)
    HAL_UART_ErrorCallback                   0x08004235   Thumb Code     8  stm32g4xx_hal_uart.o(.text.HAL_UART_ErrorCallback)
    HAL_UART_IRQHandler                      0x0800423d   Thumb Code  1430  stm32g4xx_hal_uart.o(.text.HAL_UART_IRQHandler)
    HAL_UART_Init                            0x080047d5   Thumb Code   170  stm32g4xx_hal_uart.o(.text.HAL_UART_Init)
    HAL_UART_MspInit                         0x08004881   Thumb Code   232  usart.o(.text.HAL_UART_MspInit)
    HAL_UART_RxCpltCallback                  0x08004969   Thumb Code     8  stm32g4xx_hal_uart.o(.text.HAL_UART_RxCpltCallback)
    HAL_UART_RxHalfCpltCallback              0x08004971   Thumb Code     8  stm32g4xx_hal_uart.o(.text.HAL_UART_RxHalfCpltCallback)
    HAL_UART_Transmit                        0x08004979   Thumb Code   312  stm32g4xx_hal_uart.o(.text.HAL_UART_Transmit)
    HAL_UART_TxCpltCallback                  0x08004ab1   Thumb Code     8  stm32g4xx_hal_uart.o(.text.HAL_UART_TxCpltCallback)
    HardFault_Handler                        0x08004ab9   Thumb Code     4  stm32g4xx_it.o(.text.HardFault_Handler)
    I2CInit                                  0x08004abd   Thumb Code    48  i2c_hal.o(.text.I2CInit)
    I2CReceiveByte                           0x08004aed   Thumb Code   120  i2c_hal.o(.text.I2CReceiveByte)
    I2CSendAck                               0x08004b65   Thumb Code    54  i2c_hal.o(.text.I2CSendAck)
    I2CSendByte                              0x08004b9d   Thumb Code   108  i2c_hal.o(.text.I2CSendByte)
    I2CSendNotAck                            0x08004c09   Thumb Code    54  i2c_hal.o(.text.I2CSendNotAck)
    I2CStart                                 0x08004c41   Thumb Code    62  i2c_hal.o(.text.I2CStart)
    I2CStop                                  0x08004c81   Thumb Code    62  i2c_hal.o(.text.I2CStop)
    I2CWaitAck                               0x08004cc1   Thumb Code   120  i2c_hal.o(.text.I2CWaitAck)
    LCD_BusIn                                0x08004d39   Thumb Code    48  lcd.o(.text.LCD_BusIn)
    LCD_BusOut                               0x08004d69   Thumb Code    50  lcd.o(.text.LCD_BusOut)
    LCD_Clear                                0x08004d9d   Thumb Code    62  lcd.o(.text.LCD_Clear)
    LCD_CtrlLinesConfig                      0x08004ddd   Thumb Code   214  lcd.o(.text.LCD_CtrlLinesConfig)
    LCD_DisplayChar                          0x08004eb5   Thumb Code    62  lcd.o(.text.LCD_DisplayChar)
    LCD_DisplayStringLine                    0x08004ef5   Thumb Code   102  lcd.o(.text.LCD_DisplayStringLine)
    LCD_DrawChar                             0x08004f5d   Thumb Code   174  lcd.o(.text.LCD_DrawChar)
    LCD_Init                                 0x0800500d   Thumb Code    66  lcd.o(.text.LCD_Init)
    LCD_ReadReg                              0x08005051   Thumb Code   168  lcd.o(.text.LCD_ReadReg)
    LCD_SetBackColor                         0x080050f9   Thumb Code    24  lcd.o(.text.LCD_SetBackColor)
    LCD_SetCursor                            0x08005111   Thumb Code    36  lcd.o(.text.LCD_SetCursor)
    LCD_SetTextColor                         0x08005135   Thumb Code    24  lcd.o(.text.LCD_SetTextColor)
    LCD_WriteRAM                             0x0800514d   Thumb Code   108  lcd.o(.text.LCD_WriteRAM)
    LCD_WriteRAM_Prepare                     0x080051b9   Thumb Code    98  lcd.o(.text.LCD_WriteRAM_Prepare)
    LCD_WriteReg                             0x0800521d   Thumb Code   134  lcd.o(.text.LCD_WriteReg)
    MX_ADC2_Init                             0x080055d1   Thumb Code   158  adc.o(.text.MX_ADC2_Init)
    MX_DMA_Init                              0x08005671   Thumb Code   106  dma.o(.text.MX_DMA_Init)
    MX_GPIO_Init                             0x080056dd   Thumb Code   310  gpio.o(.text.MX_GPIO_Init)
    MX_TIM6_Init                             0x08005815   Thumb Code    94  tim.o(.text.MX_TIM6_Init)
    MX_TIM7_Init                             0x08005875   Thumb Code    92  tim.o(.text.MX_TIM7_Init)
    MX_USART1_UART_Init                      0x080058d1   Thumb Code   182  usart.o(.text.MX_USART1_UART_Init)
    MemManage_Handler                        0x08005989   Thumb Code     4  stm32g4xx_it.o(.text.MemManage_Handler)
    NMI_Handler                              0x0800598d   Thumb Code     4  stm32g4xx_it.o(.text.NMI_Handler)
    PendSV_Handler                           0x080059fd   Thumb Code     2  stm32g4xx_it.o(.text.PendSV_Handler)
    REG_8230_Init                            0x08005a9d   Thumb Code   286  lcd.o(.text.REG_8230_Init)
    REG_932X_Init                            0x08005bbd   Thumb Code   540  lcd.o(.text.REG_932X_Init)
    SCL_Output                               0x08005dd9   Thumb Code    54  i2c_hal.o(.text.SCL_Output)
    SDA_Input                                0x08005e11   Thumb Code    48  i2c_hal.o(.text.SDA_Input)
    SDA_Input_Mode                           0x08005e41   Thumb Code    48  i2c_hal.o(.text.SDA_Input_Mode)
    SDA_Output                               0x08005e71   Thumb Code    54  i2c_hal.o(.text.SDA_Output)
    SDA_Output_Mode                          0x08005ea9   Thumb Code    48  i2c_hal.o(.text.SDA_Output_Mode)
    SVC_Handler                              0x08005ed9   Thumb Code     2  stm32g4xx_it.o(.text.SVC_Handler)
    SysTick_Handler                          0x08005f31   Thumb Code     8  stm32g4xx_it.o(.text.SysTick_Handler)
    SystemClock_Config                       0x08005f39   Thumb Code   158  main.o(.text.SystemClock_Config)
    SystemInit                               0x08005fd9   Thumb Code    18  system_stm32g4xx.o(.text.SystemInit)
    TIM6_DAC_IRQHandler                      0x08005fed   Thumb Code    16  stm32g4xx_it.o(.text.TIM6_DAC_IRQHandler)
    TIM7_IRQHandler                          0x08005ffd   Thumb Code    16  stm32g4xx_it.o(.text.TIM7_IRQHandler)
    TIM_Base_SetConfig                       0x0800600d   Thumb Code   406  stm32g4xx_hal_tim.o(.text.TIM_Base_SetConfig)
    UART_AdvFeatureConfig                    0x0800622d   Thumb Code   328  stm32g4xx_hal_uart.o(.text.UART_AdvFeatureConfig)
    UART_CheckIdleState                      0x08006375   Thumb Code   326  stm32g4xx_hal_uart.o(.text.UART_CheckIdleState)
    UART_SetConfig                           0x080067d1   Thumb Code  1392  stm32g4xx_hal_uart.o(.text.UART_SetConfig)
    UART_Start_Receive_DMA                   0x08006d41   Thumb Code   302  stm32g4xx_hal_uart.o(.text.UART_Start_Receive_DMA)
    UART_WaitOnFlagUntilTimeout              0x08006e71   Thumb Code   268  stm32g4xx_hal_uart.o(.text.UART_WaitOnFlagUntilTimeout)
    USART1_IRQHandler                        0x08006f7d   Thumb Code    16  stm32g4xx_it.o(.text.USART1_IRQHandler)
    UsageFault_Handler                       0x08006f8d   Thumb Code     4  stm32g4xx_it.o(.text.UsageFault_Handler)
    adc_init                                 0x08007051   Thumb Code   272  adcapp.o(.text.adc_init)
    adc_proc                                 0x0800716d   Thumb Code   452  adcapp.o(.text.adc_proc)
    fputc                                    0x08007361   Thumb Code    32  usart.o(.text.fputc)
    key_proc                                 0x08007381   Thumb Code   430  keyapp.o(.text.key_proc)
    lcd_disp                                 0x08007531   Thumb Code    54  lcdapp.o(.text.lcd_disp)
    lcd_init                                 0x08007569   Thumb Code    34  lcdapp.o(.text.lcd_init)
    lcd_proc                                 0x0800758d   Thumb Code   424  lcdapp.o(.text.lcd_proc)
    led_renew                                0x08007735   Thumb Code    82  ledapp.o(.text.led_renew)
    main                                     0x08007789   Thumb Code    76  main.o(.text.main)
    read_eeprom                              0x080077d5   Thumb Code    98  iicapp.o(.text.read_eeprom)
    scheduler_run                            0x08007839   Thumb Code   144  scheduler.o(.text.scheduler_run)
    tims_init                                0x080078c9   Thumb Code    28  timapp.o(.text.tims_init)
    uart_proc                                0x080078e5   Thumb Code   308  uartapp.o(.text.uart_proc)
    write_eeprom                             0x08007a19   Thumb Code    80  iicapp.o(.text.write_eeprom)
    __0printf                                0x08007a69   Thumb Code    22  printfa.o(i.__0printf)
    __1printf                                0x08007a69   Thumb Code     0  printfa.o(i.__0printf)
    __2printf                                0x08007a69   Thumb Code     0  printfa.o(i.__0printf)
    __c89printf                              0x08007a69   Thumb Code     0  printfa.o(i.__0printf)
    printf                                   0x08007a69   Thumb Code     0  printfa.o(i.__0printf)
    __0vsprintf                              0x08007a89   Thumb Code    30  printfa.o(i.__0vsprintf)
    __1vsprintf                              0x08007a89   Thumb Code     0  printfa.o(i.__0vsprintf)
    __2vsprintf                              0x08007a89   Thumb Code     0  printfa.o(i.__0vsprintf)
    __c89vsprintf                            0x08007a89   Thumb Code     0  printfa.o(i.__0vsprintf)
    vsprintf                                 0x08007a89   Thumb Code     0  printfa.o(i.__0vsprintf)
    __scatterload_copy                       0x08007aad   Thumb Code    14  handlers.o(i.__scatterload_copy)
    __scatterload_null                       0x08007abb   Thumb Code     2  handlers.o(i.__scatterload_null)
    __scatterload_zeroinit                   0x08007abd   Thumb Code    14  handlers.o(i.__scatterload_zeroinit)
    AHBPrescTable                            0x08008388   Data          16  system_stm32g4xx.o(.rodata.AHBPrescTable)
    APBPrescTable                            0x08008398   Data           8  system_stm32g4xx.o(.rodata.APBPrescTable)
    ASCII_Table                              0x080083a0   Data        4560  lcd.o(.rodata.ASCII_Table)
    UARTPrescTable                           0x08009580   Data          24  stm32g4xx_hal_uart.o(.rodata.UARTPrescTable)
    Region$$Table$$Base                      0x08009638   Number         0  anon$$obj.o(Region$$Table)
    Region$$Table$$Limit                     0x08009658   Number         0  anon$$obj.o(Region$$Table)
    __stdout                                 0x20000000   Data           4  stdout.o(.data)
    SystemCoreClock                          0x20000008   Data           4  system_stm32g4xx.o(.data.SystemCoreClock)
    tasks                                    0x20000010   Data          24  scheduler.o(.data.tasks)
    th_arr                                   0x20000028   Data           3  lcdapp.o(.data.th_arr)
    uwTickFreq                               0x2000002c   Data           4  stm32g4xx_hal.o(.data.uwTickFreq)
    uwTickPrio                               0x20000030   Data           4  stm32g4xx_hal.o(.data.uwTickPrio)
    adc_buffer                               0x2000003c   Data         120  adcapp.o(.bss.adc_buffer)
    adc_value                                0x200000b4   Data           4  adcapp.o(.bss.adc_value)
    dummy                                    0x200000b8   Data           2  lcd.o(.bss.dummy)
    hadc2                                    0x200000bc   Data         108  adc.o(.bss.hadc2)
    hdma_adc2                                0x20000128   Data          96  adc.o(.bss.hdma_adc2)
    hdma_usart1_rx                           0x20000188   Data          96  usart.o(.bss.hdma_usart1_rx)
    height_value                             0x200001e8   Data           1  adcapp.o(.bss.height_value)
    htim6                                    0x200001ec   Data          76  tim.o(.bss.htim6)
    htim7                                    0x20000238   Data          76  tim.o(.bss.htim7)
    huart1                                   0x20000284   Data         148  usart.o(.bss.huart1)
    key_down                                 0x20000318   Data           1  keyapp.o(.bss.key_down)
    key_old                                  0x20000319   Data           1  keyapp.o(.bss.key_old)
    key_val                                  0x2000031a   Data           1  keyapp.o(.bss.key_val)
    last_level                               0x2000031b   Data           1  adcapp.o(.bss.last_level)
    lcd_view                                 0x2000031c   Data           1  lcdapp.o(.bss.lcd_view)
    led2_count                               0x2000031e   Data           2  timapp.o(.bss.led2_count)
    led2_state                               0x20000320   Data           1  timapp.o(.bss.led2_state)
    led3_count                               0x20000322   Data           2  timapp.o(.bss.led3_count)
    led3_state                               0x20000324   Data           1  timapp.o(.bss.led3_state)
    level_value                              0x20000325   Data           1  adcapp.o(.bss.level_value)
    set_obj                                  0x20000326   Data           1  keyapp.o(.bss.set_obj)
    uart_buffer_size                         0x20000327   Data           1  usart.o(.bss.uart_buffer_size)
    uart_rx_buffer                           0x20000328   Data         100  usart.o(.bss.uart_rx_buffer)
    ucled                                    0x2000038c   Data           1  ledapp.o(.bss.ucled)
    uwTick                                   0x20000390   Data           4  stm32g4xx_hal.o(.bss.uwTick)
    __initial_sp                             0x20000798   Data           0  startup_stm32g431xx.o(STACK)



==============================================================================

Memory Map of the image

  Image Entry point : 0x080001d9

  Load Region LR_IROM1 (Base: 0x08000000, Size: 0x00009690, Max: 0x00020000, ABSOLUTE)

    Execution Region ER_IROM1 (Exec base: 0x08000000, Load base: 0x08000000, Size: 0x00009658, Max: 0x00020000, ABSOLUTE)

    Exec Addr    Load Addr    Size         Type   Attr      Idx    E Section Name        Object

    0x08000000   0x08000000   0x000001d8   Data   RO            3    RESET               startup_stm32g431xx.o
    0x080001d8   0x080001d8   0x00000000   Code   RO         1771  * .ARM.Collect$$$$00000000  mc_w.l(entry.o)
    0x080001d8   0x080001d8   0x00000004   Code   RO         1808    .ARM.Collect$$$$00000001  mc_w.l(entry2.o)
    0x080001dc   0x080001dc   0x00000004   Code   RO         1811    .ARM.Collect$$$$00000004  mc_w.l(entry5.o)
    0x080001e0   0x080001e0   0x00000000   Code   RO         1813    .ARM.Collect$$$$00000008  mc_w.l(entry7b.o)
    0x080001e0   0x080001e0   0x00000000   Code   RO         1815    .ARM.Collect$$$$0000000A  mc_w.l(entry8b.o)
    0x080001e0   0x080001e0   0x00000008   Code   RO         1816    .ARM.Collect$$$$0000000B  mc_w.l(entry9a.o)
    0x080001e8   0x080001e8   0x00000000   Code   RO         1818    .ARM.Collect$$$$0000000D  mc_w.l(entry10a.o)
    0x080001e8   0x080001e8   0x00000000   Code   RO         1820    .ARM.Collect$$$$0000000F  mc_w.l(entry11a.o)
    0x080001e8   0x080001e8   0x00000004   Code   RO         1809    .ARM.Collect$$$$00002712  mc_w.l(entry2.o)
    0x080001ec   0x080001ec   0x00000024   Code   RO            4    .text               startup_stm32g431xx.o
    0x08000210   0x08000210   0x00000062   Code   RO         1774    .text               mc_w.l(uldiv.o)
    0x08000272   0x08000272   0x00000024   Code   RO         1776    .text               mc_w.l(memseta.o)
    0x08000296   0x08000296   0x00000026   Code   RO         1806    .text               mf_w.l(f2d.o)
    0x080002bc   0x080002bc   0x0000002c   Code   RO         1832    .text               mc_w.l(uidiv.o)
    0x080002e8   0x080002e8   0x0000001e   Code   RO         1834    .text               mc_w.l(llshl.o)
    0x08000306   0x08000306   0x00000020   Code   RO         1836    .text               mc_w.l(llushr.o)
    0x08000326   0x08000326   0x00000000   Code   RO         1838    .text               mc_w.l(iusefp.o)
    0x08000326   0x08000326   0x0000014e   Code   RO         1839    .text               mf_w.l(dadd.o)
    0x08000474   0x08000474   0x000000e4   Code   RO         1841    .text               mf_w.l(dmul.o)
    0x08000558   0x08000558   0x000000de   Code   RO         1843    .text               mf_w.l(ddiv.o)
    0x08000636   0x08000636   0x00000030   Code   RO         1845    .text               mf_w.l(dfixul.o)
    0x08000666   0x08000666   0x00000002   PAD
    0x08000668   0x08000668   0x00000030   Code   RO         1847    .text               mf_w.l(cdrcmple.o)
    0x08000698   0x08000698   0x00000030   Code   RO         1849    .text               mc_w.l(init.o)
    0x080006c8   0x080006c8   0x00000024   Code   RO         1851    .text               mc_w.l(llsshr.o)
    0x080006ec   0x080006ec   0x000000ba   Code   RO         1853    .text               mf_w.l(depilogue.o)
    0x080007a6   0x080007a6   0x00000002   PAD
    0x080007a8   0x080007a8   0x000000d4   Code   RO          189    .text.ADC_DMAConvCplt  stm32g4xx_hal_adc.o
    0x0800087c   0x0800087c   0x0000002a   Code   RO          193    .text.ADC_DMAError  stm32g4xx_hal_adc.o
    0x080008a6   0x080008a6   0x00000002   PAD
    0x080008a8   0x080008a8   0x00000016   Code   RO          191    .text.ADC_DMAHalfConvCplt  stm32g4xx_hal_adc.o
    0x080008be   0x080008be   0x00000002   PAD
    0x080008c0   0x080008c0   0x000000c4   Code   RO          161    .text.ADC_Disable   stm32g4xx_hal_adc.o
    0x08000984   0x08000984   0x00000110   Code   RO          169    .text.ADC_Enable    stm32g4xx_hal_adc.o
    0x08000a94   0x08000a94   0x00000004   Code   RO          100    .text.BusFault_Handler  stm32g4xx_it.o
    0x08000a98   0x08000a98   0x00000010   Code   RO          112    .text.DMA1_Channel1_IRQHandler  stm32g4xx_it.o
    0x08000aa8   0x08000aa8   0x00000010   Code   RO          114    .text.DMA1_Channel2_IRQHandler  stm32g4xx_it.o
    0x08000ab8   0x08000ab8   0x00000074   Code   RO          716    .text.DMA_CalcDMAMUXChannelBaseAndMask  stm32g4xx_hal_dma.o
    0x08000b2c   0x08000b2c   0x0000003c   Code   RO          718    .text.DMA_CalcDMAMUXRequestGenBaseAndMask  stm32g4xx_hal_dma.o
    0x08000b68   0x08000b68   0x0000006e   Code   RO          724    .text.DMA_SetConfig  stm32g4xx_hal_dma.o
    0x08000bd6   0x08000bd6   0x00000002   PAD
    0x08000bd8   0x08000bd8   0x00000002   Code   RO          106    .text.DebugMon_Handler  stm32g4xx_it.o
    0x08000bda   0x08000bda   0x00000002   PAD
    0x08000bdc   0x08000bdc   0x00000052   Code   RO         1580    .text.Delay_LCD     lcd.o
    0x08000c2e   0x08000c2e   0x00000002   PAD
    0x08000c30   0x08000c30   0x0000000e   Code   RO           15    .text.Error_Handler  main.o
    0x08000c3e   0x08000c3e   0x00000002   PAD
    0x08000c40   0x08000c40   0x000000e0   Code   RO          284    .text.HAL_ADCEx_Calibration_Start  stm32g4xx_hal_adc_ex.o
    0x08000d20   0x08000d20   0x000007e8   Code   RO          215    .text.HAL_ADC_ConfigChannel  stm32g4xx_hal_adc.o
    0x08001508   0x08001508   0x00000008   Code   RO          205    .text.HAL_ADC_ConvCpltCallback  stm32g4xx_hal_adc.o
    0x08001510   0x08001510   0x00000008   Code   RO          213    .text.HAL_ADC_ConvHalfCpltCallback  stm32g4xx_hal_adc.o
    0x08001518   0x08001518   0x00000008   Code   RO          211    .text.HAL_ADC_ErrorCallback  stm32g4xx_hal_adc.o
    0x08001520   0x08001520   0x00000318   Code   RO          137    .text.HAL_ADC_Init  stm32g4xx_hal_adc.o
    0x08001838   0x08001838   0x000000d8   Code   RO           35    .text.HAL_ADC_MspInit  adc.o
    0x08001910   0x08001910   0x0000019c   Code   RO          187    .text.HAL_ADC_Start_DMA  stm32g4xx_hal_adc.o
    0x08001aac   0x08001aac   0x0000009c   Code   RO          728    .text.HAL_DMA_Abort  stm32g4xx_hal_dma.o
    0x08001b48   0x08001b48   0x000000c2   Code   RO          730    .text.HAL_DMA_Abort_IT  stm32g4xx_hal_dma.o
    0x08001c0a   0x08001c0a   0x00000002   PAD
    0x08001c0c   0x08001c0c   0x00000156   Code   RO          734    .text.HAL_DMA_IRQHandler  stm32g4xx_hal_dma.o
    0x08001d62   0x08001d62   0x00000002   PAD
    0x08001d64   0x08001d64   0x00000156   Code   RO          714    .text.HAL_DMA_Init  stm32g4xx_hal_dma.o
    0x08001eba   0x08001eba   0x00000002   PAD
    0x08001ebc   0x08001ebc   0x000000fc   Code   RO          726    .text.HAL_DMA_Start_IT  stm32g4xx_hal_dma.o
    0x08001fb8   0x08001fb8   0x00000042   Code   RO          418    .text.HAL_Delay     stm32g4xx_hal.o
    0x08001ffa   0x08001ffa   0x00000002   PAD
    0x08001ffc   0x08001ffc   0x00000368   Code   RO          666    .text.HAL_GPIO_Init  stm32g4xx_hal_gpio.o
    0x08002364   0x08002364   0x0000002e   Code   RO          670    .text.HAL_GPIO_ReadPin  stm32g4xx_hal_gpio.o
    0x08002392   0x08002392   0x00000002   PAD
    0x08002394   0x08002394   0x0000002c   Code   RO          672    .text.HAL_GPIO_WritePin  stm32g4xx_hal_gpio.o
    0x080023c0   0x080023c0   0x0000000c   Code   RO          410    .text.HAL_GetTick   stm32g4xx_hal.o
    0x080023cc   0x080023cc   0x0000001a   Code   RO          408    .text.HAL_IncTick   stm32g4xx_hal.o
    0x080023e6   0x080023e6   0x00000002   PAD
    0x080023e8   0x080023e8   0x00000032   Code   RO          398    .text.HAL_Init      stm32g4xx_hal.o
    0x0800241a   0x0800241a   0x00000002   PAD
    0x0800241c   0x0800241c   0x00000088   Code   RO          400    .text.HAL_InitTick  stm32g4xx_hal.o
    0x080024a4   0x080024a4   0x00000048   Code   RO          129    .text.HAL_MspInit   stm32g4xx_hal_msp.o
    0x080024ec   0x080024ec   0x00000014   Code   RO          900    .text.HAL_NVIC_EnableIRQ  stm32g4xx_hal_cortex.o
    0x08002500   0x08002500   0x0000002e   Code   RO          892    .text.HAL_NVIC_SetPriority  stm32g4xx_hal_cortex.o
    0x0800252e   0x0800252e   0x00000002   PAD
    0x08002530   0x08002530   0x00000010   Code   RO          888    .text.HAL_NVIC_SetPriorityGrouping  stm32g4xx_hal_cortex.o
    0x08002540   0x08002540   0x000001b4   Code   RO          809    .text.HAL_PWREx_ControlVoltageScaling  stm32g4xx_hal_pwr_ex.o
    0x080026f4   0x080026f4   0x00000012   Code   RO          879    .text.HAL_PWREx_DisableUCPDDeadBattery  stm32g4xx_hal_pwr_ex.o
    0x08002706   0x08002706   0x00000002   PAD
    0x08002708   0x08002708   0x0000045a   Code   RO          523    .text.HAL_RCCEx_PeriphCLKConfig  stm32g4xx_hal_rcc_ex.o
    0x08002b62   0x08002b62   0x00000002   PAD
    0x08002b64   0x08002b64   0x00000326   Code   RO          488    .text.HAL_RCC_ClockConfig  stm32g4xx_hal_rcc.o
    0x08002e8a   0x08002e8a   0x00000002   PAD
    0x08002e8c   0x08002e8c   0x0000000c   Code   RO          496    .text.HAL_RCC_GetHCLKFreq  stm32g4xx_hal_rcc.o
    0x08002e98   0x08002e98   0x00000026   Code   RO          498    .text.HAL_RCC_GetPCLK1Freq  stm32g4xx_hal_rcc.o
    0x08002ebe   0x08002ebe   0x00000002   PAD
    0x08002ec0   0x08002ec0   0x00000026   Code   RO          500    .text.HAL_RCC_GetPCLK2Freq  stm32g4xx_hal_rcc.o
    0x08002ee6   0x08002ee6   0x00000002   PAD
    0x08002ee8   0x08002ee8   0x000000fc   Code   RO          492    .text.HAL_RCC_GetSysClockFreq  stm32g4xx_hal_rcc.o
    0x08002fe4   0x08002fe4   0x000007b6   Code   RO          486    .text.HAL_RCC_OscConfig  stm32g4xx_hal_rcc.o
    0x0800379a   0x0800379a   0x00000002   PAD
    0x0800379c   0x0800379c   0x00000010   Code   RO          912    .text.HAL_SYSTICK_Config  stm32g4xx_hal_cortex.o
    0x080037ac   0x080037ac   0x00000008   Code   RO         1336    .text.HAL_TIMEx_Break2Callback  stm32g4xx_hal_tim_ex.o
    0x080037b4   0x080037b4   0x00000008   Code   RO         1334    .text.HAL_TIMEx_BreakCallback  stm32g4xx_hal_tim_ex.o
    0x080037bc   0x080037bc   0x00000008   Code   RO         1330    .text.HAL_TIMEx_CommutCallback  stm32g4xx_hal_tim_ex.o
    0x080037c4   0x080037c4   0x00000008   Code   RO         1340    .text.HAL_TIMEx_DirectionChangeCallback  stm32g4xx_hal_tim_ex.o
    0x080037cc   0x080037cc   0x00000008   Code   RO         1338    .text.HAL_TIMEx_EncoderIndexCallback  stm32g4xx_hal_tim_ex.o
    0x080037d4   0x080037d4   0x00000008   Code   RO         1342    .text.HAL_TIMEx_IndexErrorCallback  stm32g4xx_hal_tim_ex.o
    0x080037dc   0x080037dc   0x0000013e   Code   RO         1280    .text.HAL_TIMEx_MasterConfigSynchronization  stm32g4xx_hal_tim_ex.o
    0x0800391a   0x0800391a   0x00000002   PAD
    0x0800391c   0x0800391c   0x00000008   Code   RO         1344    .text.HAL_TIMEx_TransitionErrorCallback  stm32g4xx_hal_tim_ex.o
    0x08003924   0x08003924   0x000000a8   Code   RO          963    .text.HAL_TIM_Base_Init  stm32g4xx_hal_tim.o
    0x080039cc   0x080039cc   0x00000094   Code   RO           60    .text.HAL_TIM_Base_MspInit  tim.o
    0x08003a60   0x08003a60   0x000000e2   Code   RO          977    .text.HAL_TIM_Base_Start_IT  stm32g4xx_hal_tim.o
    0x08003b42   0x08003b42   0x00000002   PAD
    0x08003b44   0x08003b44   0x00000008   Code   RO         1099    .text.HAL_TIM_IC_CaptureCallback  stm32g4xx_hal_tim.o
    0x08003b4c   0x08003b4c   0x00000300   Code   RO         1097    .text.HAL_TIM_IRQHandler  stm32g4xx_hal_tim.o
    0x08003e4c   0x08003e4c   0x00000008   Code   RO         1101    .text.HAL_TIM_OC_DelayElapsedCallback  stm32g4xx_hal_tim.o
    0x08003e54   0x08003e54   0x00000008   Code   RO         1103    .text.HAL_TIM_PWM_PulseFinishedCallback  stm32g4xx_hal_tim.o
    0x08003e5c   0x08003e5c   0x00000158   Code   RO         1692    .text.HAL_TIM_PeriodElapsedCallback  timapp.o
    0x08003fb4   0x08003fb4   0x00000008   Code   RO         1107    .text.HAL_TIM_TriggerCallback  stm32g4xx_hal_tim.o
    0x08003fbc   0x08003fbc   0x0000007c   Code   RO         1527    .text.HAL_UARTEx_DisableFifoMode  stm32g4xx_hal_uart_ex.o
    0x08004038   0x08004038   0x000000b0   Code   RO         1537    .text.HAL_UARTEx_ReceiveToIdle_DMA  stm32g4xx_hal_uart_ex.o
    0x080040e8   0x080040e8   0x0000001a   Code   RO           81    .text.HAL_UARTEx_RxEventCallback  usart.o
    0x08004102   0x08004102   0x00000002   PAD
    0x08004104   0x08004104   0x00000008   Code   RO         1509    .text.HAL_UARTEx_RxFifoFullCallback  stm32g4xx_hal_uart_ex.o
    0x0800410c   0x0800410c   0x0000008c   Code   RO         1531    .text.HAL_UARTEx_SetRxFifoThreshold  stm32g4xx_hal_uart_ex.o
    0x08004198   0x08004198   0x0000008c   Code   RO         1529    .text.HAL_UARTEx_SetTxFifoThreshold  stm32g4xx_hal_uart_ex.o
    0x08004224   0x08004224   0x00000008   Code   RO         1511    .text.HAL_UARTEx_TxFifoEmptyCallback  stm32g4xx_hal_uart_ex.o
    0x0800422c   0x0800422c   0x00000008   Code   RO         1507    .text.HAL_UARTEx_WakeupCallback  stm32g4xx_hal_uart_ex.o
    0x08004234   0x08004234   0x00000008   Code   RO         1449    .text.HAL_UART_ErrorCallback  stm32g4xx_hal_uart.o
    0x0800423c   0x0800423c   0x00000596   Code   RO         1445    .text.HAL_UART_IRQHandler  stm32g4xx_hal_uart.o
    0x080047d2   0x080047d2   0x00000002   PAD
    0x080047d4   0x080047d4   0x000000aa   Code   RO         1357    .text.HAL_UART_Init  stm32g4xx_hal_uart.o
    0x0800487e   0x0800487e   0x00000002   PAD
    0x08004880   0x08004880   0x000000e8   Code   RO           75    .text.HAL_UART_MspInit  usart.o
    0x08004968   0x08004968   0x00000008   Code   RO         1459    .text.HAL_UART_RxCpltCallback  stm32g4xx_hal_uart.o
    0x08004970   0x08004970   0x00000008   Code   RO         1461    .text.HAL_UART_RxHalfCpltCallback  stm32g4xx_hal_uart.o
    0x08004978   0x08004978   0x00000138   Code   RO         1377    .text.HAL_UART_Transmit  stm32g4xx_hal_uart.o
    0x08004ab0   0x08004ab0   0x00000008   Code   RO         1455    .text.HAL_UART_TxCpltCallback  stm32g4xx_hal_uart.o
    0x08004ab8   0x08004ab8   0x00000004   Code   RO           96    .text.HardFault_Handler  stm32g4xx_it.o
    0x08004abc   0x08004abc   0x00000030   Code   RO         1763    .text.I2CInit       i2c_hal.o
    0x08004aec   0x08004aec   0x00000078   Code   RO         1761    .text.I2CReceiveByte  i2c_hal.o
    0x08004b64   0x08004b64   0x00000036   Code   RO         1755    .text.I2CSendAck    i2c_hal.o
    0x08004b9a   0x08004b9a   0x00000002   PAD
    0x08004b9c   0x08004b9c   0x0000006c   Code   RO         1759    .text.I2CSendByte   i2c_hal.o
    0x08004c08   0x08004c08   0x00000036   Code   RO         1757    .text.I2CSendNotAck  i2c_hal.o
    0x08004c3e   0x08004c3e   0x00000002   PAD
    0x08004c40   0x08004c40   0x0000003e   Code   RO         1747    .text.I2CStart      i2c_hal.o
    0x08004c7e   0x08004c7e   0x00000002   PAD
    0x08004c80   0x08004c80   0x0000003e   Code   RO         1751    .text.I2CStop       i2c_hal.o
    0x08004cbe   0x08004cbe   0x00000002   PAD
    0x08004cc0   0x08004cc0   0x00000078   Code   RO         1753    .text.I2CWaitAck    i2c_hal.o
    0x08004d38   0x08004d38   0x00000030   Code   RO         1628    .text.LCD_BusIn     lcd.o
    0x08004d68   0x08004d68   0x00000032   Code   RO         1630    .text.LCD_BusOut    lcd.o
    0x08004d9a   0x08004d9a   0x00000002   PAD
    0x08004d9c   0x08004d9c   0x0000003e   Code   RO         1602    .text.LCD_Clear     lcd.o
    0x08004dda   0x08004dda   0x00000002   PAD
    0x08004ddc   0x08004ddc   0x000000d6   Code   RO         1590    .text.LCD_CtrlLinesConfig  lcd.o
    0x08004eb2   0x08004eb2   0x00000002   PAD
    0x08004eb4   0x08004eb4   0x0000003e   Code   RO         1612    .text.LCD_DisplayChar  lcd.o
    0x08004ef2   0x08004ef2   0x00000002   PAD
    0x08004ef4   0x08004ef4   0x00000066   Code   RO         1600    .text.LCD_DisplayStringLine  lcd.o
    0x08004f5a   0x08004f5a   0x00000002   PAD
    0x08004f5c   0x08004f5c   0x000000ae   Code   RO         1610    .text.LCD_DrawChar  lcd.o
    0x0800500a   0x0800500a   0x00000002   PAD
    0x0800500c   0x0800500c   0x00000042   Code   RO         1588    .text.LCD_Init      lcd.o
    0x0800504e   0x0800504e   0x00000002   PAD
    0x08005050   0x08005050   0x000000a8   Code   RO         1592    .text.LCD_ReadReg   lcd.o
    0x080050f8   0x080050f8   0x00000018   Code   RO         1596    .text.LCD_SetBackColor  lcd.o
    0x08005110   0x08005110   0x00000024   Code   RO         1604    .text.LCD_SetCursor  lcd.o
    0x08005134   0x08005134   0x00000018   Code   RO         1594    .text.LCD_SetTextColor  lcd.o
    0x0800514c   0x0800514c   0x0000006c   Code   RO         1608    .text.LCD_WriteRAM  lcd.o
    0x080051b8   0x080051b8   0x00000062   Code   RO         1606    .text.LCD_WriteRAM_Prepare  lcd.o
    0x0800521a   0x0800521a   0x00000002   PAD
    0x0800521c   0x0800521c   0x00000086   Code   RO         1584    .text.LCD_WriteReg  lcd.o
    0x080052a2   0x080052a2   0x00000002   PAD
    0x080052a4   0x080052a4   0x0000001c   Code   RO          275    .text.LL_ADC_Disable  stm32g4xx_hal_adc.o
    0x080052c0   0x080052c0   0x00000018   Code   RO          143    .text.LL_ADC_DisableDeepPowerDown  stm32g4xx_hal_adc.o
    0x080052d8   0x080052d8   0x0000001c   Code   RO          273    .text.LL_ADC_Enable  stm32g4xx_hal_adc.o
    0x080052f4   0x080052f4   0x0000001e   Code   RO          147    .text.LL_ADC_EnableInternalRegulator  stm32g4xx_hal_adc.o
    0x08005312   0x08005312   0x00000002   PAD
    0x08005314   0x08005314   0x00000010   Code   RO          235    .text.LL_ADC_GetCommonPathInternalCh  stm32g4xx_hal_adc.o
    0x08005324   0x08005324   0x00000010   Code   RO          167    .text.LL_ADC_GetMultimode  stm32g4xx_hal_adc.o
    0x08005334   0x08005334   0x0000001e   Code   RO          229    .text.LL_ADC_GetOffsetChannel  stm32g4xx_hal_adc.o
    0x08005352   0x08005352   0x00000002   PAD
    0x08005354   0x08005354   0x00000010   Code   RO          155    .text.LL_ADC_INJ_IsConversionOngoing  stm32g4xx_hal_adc.o
    0x08005364   0x08005364   0x0000000e   Code   RO          288    .text.LL_ADC_IsCalibrationOnGoing  stm32g4xx_hal_adc_ex.o
    0x08005372   0x08005372   0x00000002   PAD
    0x08005374   0x08005374   0x00000010   Code   RO          141    .text.LL_ADC_IsDeepPowerDownEnabled  stm32g4xx_hal_adc.o
    0x08005384   0x08005384   0x00000010   Code   RO          267    .text.LL_ADC_IsDisableOngoing  stm32g4xx_hal_adc.o
    0x08005394   0x08005394   0x00000010   Code   RO          151    .text.LL_ADC_IsEnabled  stm32g4xx_hal_adc.o
    0x080053a4   0x080053a4   0x00000010   Code   RO          145    .text.LL_ADC_IsInternalRegulatorEnabled  stm32g4xx_hal_adc.o
    0x080053b4   0x080053b4   0x00000010   Code   RO          149    .text.LL_ADC_REG_IsConversionOngoing  stm32g4xx_hal_adc.o
    0x080053c4   0x080053c4   0x00000016   Code   RO          179    .text.LL_ADC_REG_IsTriggerSourceSWStart  stm32g4xx_hal_adc.o
    0x080053da   0x080053da   0x00000002   PAD
    0x080053dc   0x080053dc   0x0000003a   Code   RO          217    .text.LL_ADC_REG_SetSequencerRanks  stm32g4xx_hal_adc.o
    0x08005416   0x08005416   0x00000002   PAD
    0x08005418   0x08005418   0x0000001c   Code   RO          171    .text.LL_ADC_REG_StartConversion  stm32g4xx_hal_adc.o
    0x08005434   0x08005434   0x00000036   Code   RO          219    .text.LL_ADC_SetChannelSamplingTime  stm32g4xx_hal_adc.o
    0x0800546a   0x0800546a   0x00000002   PAD
    0x0800546c   0x0800546c   0x00000034   Code   RO          233    .text.LL_ADC_SetChannelSingleDiff  stm32g4xx_hal_adc.o
    0x080054a0   0x080054a0   0x0000001a   Code   RO          153    .text.LL_ADC_SetCommonClock  stm32g4xx_hal_adc.o
    0x080054ba   0x080054ba   0x00000002   PAD
    0x080054bc   0x080054bc   0x0000001a   Code   RO          237    .text.LL_ADC_SetCommonPathInternalCh  stm32g4xx_hal_adc.o
    0x080054d6   0x080054d6   0x00000002   PAD
    0x080054d8   0x080054d8   0x0000003c   Code   RO          223    .text.LL_ADC_SetOffset  stm32g4xx_hal_adc.o
    0x08005514   0x08005514   0x00000028   Code   RO          227    .text.LL_ADC_SetOffsetSaturation  stm32g4xx_hal_adc.o
    0x0800553c   0x0800553c   0x00000028   Code   RO          225    .text.LL_ADC_SetOffsetSign  stm32g4xx_hal_adc.o
    0x08005564   0x08005564   0x00000028   Code   RO          231    .text.LL_ADC_SetOffsetState  stm32g4xx_hal_adc.o
    0x0800558c   0x0800558c   0x0000001a   Code   RO          221    .text.LL_ADC_SetSamplingTimeCommonConfig  stm32g4xx_hal_adc.o
    0x080055a6   0x080055a6   0x00000002   PAD
    0x080055a8   0x080055a8   0x00000028   Code   RO          286    .text.LL_ADC_StartCalibration  stm32g4xx_hal_adc_ex.o
    0x080055d0   0x080055d0   0x0000009e   Code   RO           33    .text.MX_ADC2_Init  adc.o
    0x0800566e   0x0800566e   0x00000002   PAD
    0x08005670   0x08005670   0x0000006a   Code   RO           48    .text.MX_DMA_Init   dma.o
    0x080056da   0x080056da   0x00000002   PAD
    0x080056dc   0x080056dc   0x00000136   Code   RO           25    .text.MX_GPIO_Init  gpio.o
    0x08005812   0x08005812   0x00000002   PAD
    0x08005814   0x08005814   0x0000005e   Code   RO           56    .text.MX_TIM6_Init  tim.o
    0x08005872   0x08005872   0x00000002   PAD
    0x08005874   0x08005874   0x0000005c   Code   RO           58    .text.MX_TIM7_Init  tim.o
    0x080058d0   0x080058d0   0x000000b6   Code   RO           73    .text.MX_USART1_UART_Init  usart.o
    0x08005986   0x08005986   0x00000002   PAD
    0x08005988   0x08005988   0x00000004   Code   RO           98    .text.MemManage_Handler  stm32g4xx_it.o
    0x0800598c   0x0800598c   0x00000004   Code   RO           94    .text.NMI_Handler   stm32g4xx_it.o
    0x08005990   0x08005990   0x0000006c   Code   RO          898    .text.NVIC_EncodePriority  stm32g4xx_hal_cortex.o
    0x080059fc   0x080059fc   0x00000002   Code   RO          108    .text.PendSV_Handler  stm32g4xx_it.o
    0x080059fe   0x080059fe   0x00000002   PAD
    0x08005a00   0x08005a00   0x0000009c   Code   RO          490    .text.RCC_GetSysClockFreqFromPLLSource  stm32g4xx_hal_rcc.o
    0x08005a9c   0x08005a9c   0x0000011e   Code   RO         1582    .text.REG_8230_Init  lcd.o
    0x08005bba   0x08005bba   0x00000002   PAD
    0x08005bbc   0x08005bbc   0x0000021c   Code   RO         1586    .text.REG_932X_Init  lcd.o
    0x08005dd8   0x08005dd8   0x00000036   Code   RO         1743    .text.SCL_Output    i2c_hal.o
    0x08005e0e   0x08005e0e   0x00000002   PAD
    0x08005e10   0x08005e10   0x00000030   Code   RO         1745    .text.SDA_Input     i2c_hal.o
    0x08005e40   0x08005e40   0x00000030   Code   RO         1737    .text.SDA_Input_Mode  i2c_hal.o
    0x08005e70   0x08005e70   0x00000036   Code   RO         1741    .text.SDA_Output    i2c_hal.o
    0x08005ea6   0x08005ea6   0x00000002   PAD
    0x08005ea8   0x08005ea8   0x00000030   Code   RO         1739    .text.SDA_Output_Mode  i2c_hal.o
    0x08005ed8   0x08005ed8   0x00000002   Code   RO          104    .text.SVC_Handler   stm32g4xx_it.o
    0x08005eda   0x08005eda   0x00000002   PAD
    0x08005edc   0x08005edc   0x00000052   Code   RO          914    .text.SysTick_Config  stm32g4xx_hal_cortex.o
    0x08005f2e   0x08005f2e   0x00000002   PAD
    0x08005f30   0x08005f30   0x00000008   Code   RO          110    .text.SysTick_Handler  stm32g4xx_it.o
    0x08005f38   0x08005f38   0x0000009e   Code   RO           13    .text.SystemClock_Config  main.o
    0x08005fd6   0x08005fd6   0x00000002   PAD
    0x08005fd8   0x08005fd8   0x00000012   Code   RO         1550    .text.SystemInit    system_stm32g4xx.o
    0x08005fea   0x08005fea   0x00000002   PAD
    0x08005fec   0x08005fec   0x00000010   Code   RO          118    .text.TIM6_DAC_IRQHandler  stm32g4xx_it.o
    0x08005ffc   0x08005ffc   0x00000010   Code   RO          120    .text.TIM7_IRQHandler  stm32g4xx_it.o
    0x0800600c   0x0800600c   0x00000196   Code   RO          967    .text.TIM_Base_SetConfig  stm32g4xx_hal_tim.o
    0x080061a2   0x080061a2   0x00000002   PAD
    0x080061a4   0x080061a4   0x00000086   Code   RO         1525    .text.UARTEx_SetNbDataToProcess  stm32g4xx_hal_uart_ex.o
    0x0800622a   0x0800622a   0x00000002   PAD
    0x0800622c   0x0800622c   0x00000148   Code   RO         1361    .text.UART_AdvFeatureConfig  stm32g4xx_hal_uart.o
    0x08006374   0x08006374   0x00000146   Code   RO         1365    .text.UART_CheckIdleState  stm32g4xx_hal_uart.o
    0x080064ba   0x080064ba   0x00000002   PAD
    0x080064bc   0x080064bc   0x00000024   Code   RO         1447    .text.UART_DMAAbortOnError  stm32g4xx_hal_uart.o
    0x080064e0   0x080064e0   0x00000080   Code   RO         1403    .text.UART_DMAError  stm32g4xx_hal_uart.o
    0x08006560   0x08006560   0x000000f8   Code   RO         1493    .text.UART_DMAReceiveCplt  stm32g4xx_hal_uart.o
    0x08006658   0x08006658   0x00000036   Code   RO         1495    .text.UART_DMARxHalfCplt  stm32g4xx_hal_uart.o
    0x0800668e   0x0800668e   0x00000002   PAD
    0x08006690   0x08006690   0x0000009e   Code   RO         1417    .text.UART_EndRxTransfer  stm32g4xx_hal_uart.o
    0x0800672e   0x0800672e   0x00000002   PAD
    0x08006730   0x08006730   0x00000044   Code   RO         1453    .text.UART_EndTransmit_IT  stm32g4xx_hal_uart.o
    0x08006774   0x08006774   0x0000005c   Code   RO         1415    .text.UART_EndTxTransfer  stm32g4xx_hal_uart.o
    0x080067d0   0x080067d0   0x00000570   Code   RO         1363    .text.UART_SetConfig  stm32g4xx_hal_uart.o
    0x08006d40   0x08006d40   0x0000012e   Code   RO         1407    .text.UART_Start_Receive_DMA  stm32g4xx_hal_uart.o
    0x08006e6e   0x08006e6e   0x00000002   PAD
    0x08006e70   0x08006e70   0x0000010c   Code   RO         1379    .text.UART_WaitOnFlagUntilTimeout  stm32g4xx_hal_uart.o
    0x08006f7c   0x08006f7c   0x00000010   Code   RO          116    .text.USART1_IRQHandler  stm32g4xx_it.o
    0x08006f8c   0x08006f8c   0x00000004   Code   RO          102    .text.UsageFault_Handler  stm32g4xx_it.o
    0x08006f90   0x08006f90   0x00000030   Code   RO          902    .text.__NVIC_EnableIRQ  stm32g4xx_hal_cortex.o
    0x08006fc0   0x08006fc0   0x00000010   Code   RO          894    .text.__NVIC_GetPriorityGrouping  stm32g4xx_hal_cortex.o
    0x08006fd0   0x08006fd0   0x00000042   Code   RO          896    .text.__NVIC_SetPriority  stm32g4xx_hal_cortex.o
    0x08007012   0x08007012   0x00000002   PAD
    0x08007014   0x08007014   0x0000003c   Code   RO          890    .text.__NVIC_SetPriorityGrouping  stm32g4xx_hal_cortex.o
    0x08007050   0x08007050   0x0000011c   Code   RO         1673    .text.adc_init      adcapp.o
    0x0800716c   0x0800716c   0x000001d0   Code   RO         1675    .text.adc_proc      adcapp.o
    0x0800733c   0x0800733c   0x00000022   Code   RO         1749    .text.delay1        i2c_hal.o
    0x0800735e   0x0800735e   0x00000002   PAD
    0x08007360   0x08007360   0x00000020   Code   RO           79    .text.fputc         usart.o
    0x08007380   0x08007380   0x000001ae   Code   RO         1705    .text.key_proc      keyapp.o
    0x0800752e   0x0800752e   0x00000002   PAD
    0x08007530   0x08007530   0x00000036   Code   RO         1566    .text.lcd_disp      lcdapp.o
    0x08007566   0x08007566   0x00000002   PAD
    0x08007568   0x08007568   0x00000022   Code   RO         1564    .text.lcd_init      lcdapp.o
    0x0800758a   0x0800758a   0x00000002   PAD
    0x0800758c   0x0800758c   0x000001a8   Code   RO         1568    .text.lcd_proc      lcdapp.o
    0x08007734   0x08007734   0x00000052   Code   RO         1664    .text.led_renew     ledapp.o
    0x08007786   0x08007786   0x00000002   PAD
    0x08007788   0x08007788   0x0000004c   Code   RO           11    .text.main          main.o
    0x080077d4   0x080077d4   0x00000062   Code   RO         1728    .text.read_eeprom   iicapp.o
    0x08007836   0x08007836   0x00000002   PAD
    0x08007838   0x08007838   0x00000090   Code   RO         1654    .text.scheduler_run  scheduler.o
    0x080078c8   0x080078c8   0x0000001c   Code   RO         1690    .text.tims_init     timapp.o
    0x080078e4   0x080078e4   0x00000134   Code   RO         1717    .text.uart_proc     uartapp.o
    0x08007a18   0x08007a18   0x00000050   Code   RO         1726    .text.write_eeprom  iicapp.o
    0x08007a68   0x08007a68   0x00000020   Code   RO         1779    i.__0printf         mc_w.l(printfa.o)
    0x08007a88   0x08007a88   0x00000024   Code   RO         1785    i.__0vsprintf       mc_w.l(printfa.o)
    0x08007aac   0x08007aac   0x0000000e   Code   RO         1857    i.__scatterload_copy  mc_w.l(handlers.o)
    0x08007aba   0x08007aba   0x00000002   Code   RO         1858    i.__scatterload_null  mc_w.l(handlers.o)
    0x08007abc   0x08007abc   0x0000000e   Code   RO         1859    i.__scatterload_zeroinit  mc_w.l(handlers.o)
    0x08007aca   0x08007aca   0x00000002   PAD
    0x08007acc   0x08007acc   0x00000184   Code   RO         1786    i._fp_digits        mc_w.l(printfa.o)
    0x08007c50   0x08007c50   0x000006dc   Code   RO         1787    i._printf_core      mc_w.l(printfa.o)
    0x0800832c   0x0800832c   0x00000024   Code   RO         1788    i._printf_post_padding  mc_w.l(printfa.o)
    0x08008350   0x08008350   0x0000002e   Code   RO         1789    i._printf_pre_padding  mc_w.l(printfa.o)
    0x0800837e   0x0800837e   0x0000000a   Code   RO         1791    i._sputc            mc_w.l(printfa.o)
    0x08008388   0x08008388   0x00000010   Data   RO         1555    .rodata.AHBPrescTable  system_stm32g4xx.o
    0x08008398   0x08008398   0x00000008   Data   RO         1556    .rodata.APBPrescTable  system_stm32g4xx.o
    0x080083a0   0x080083a0   0x000011d0   Data   RO         1642    .rodata.ASCII_Table  lcd.o
    0x08009570   0x08009570   0x00000008   Data   RO         1542    .rodata.UARTEx_SetNbDataToProcess.denominator  stm32g4xx_hal_uart_ex.o
    0x08009578   0x08009578   0x00000008   Data   RO         1541    .rodata.UARTEx_SetNbDataToProcess.numerator  stm32g4xx_hal_uart_ex.o
    0x08009580   0x08009580   0x00000018   Data   RO         1497    .rodata.UARTPrescTable  stm32g4xx_hal_uart.o
    0x08009598   0x08009598   0x00000063   Data   RO         1572    .rodata.str1.1      lcdapp.o
    0x080095fb   0x080095fb   0x0000001c   Data   RO         1682    .rodata.str1.1      adcapp.o
    0x08009617   0x08009617   0x0000001f   Data   RO         1719    .rodata.str1.1      uartapp.o
    0x08009636   0x08009636   0x00000002   PAD
    0x08009638   0x08009638   0x00000020   Data   RO         1856    Region$$Table       anon$$obj.o


    Execution Region RW_IRAM1 (Exec base: 0x20000000, Load base: 0x08009658, Size: 0x00000798, Max: 0x00008000, ABSOLUTE)

    Exec Addr    Load Addr    Size         Type   Attr      Idx    E Section Name        Object

    0x20000000   0x08009658   0x00000004   Data   RW         1822    .data               mc_w.l(stdout.o)
    0x20000004   0x0800965c   0x00000002   Data   RW         1645    .data.BackColor     lcd.o
    0x20000006   0x0800965e   0x00000002   PAD
    0x20000008   0x08009660   0x00000004   Data   RW         1554    .data.SystemCoreClock  system_stm32g4xx.o
    0x2000000c   0x08009664   0x00000001   Data   RW         1657    .data.scheduler_run.tasks_num  scheduler.o
    0x2000000d   0x08009665   0x00000003   PAD
    0x20000010   0x08009668   0x00000018   Data   RW         1656    .data.tasks         scheduler.o
    0x20000028   0x08009680   0x00000003   Data   RW         1571    .data.th_arr        lcdapp.o
    0x2000002b   0x08009683   0x00000001   PAD
    0x2000002c   0x08009684   0x00000004   Data   RW          475    .data.uwTickFreq    stm32g4xx_hal.o
    0x20000030   0x08009688   0x00000004   Data   RW          474    .data.uwTickPrio    stm32g4xx_hal.o
    0x20000034   0x0800968c   0x00000004   PAD
    0x20000038        -       0x00000002   Zero   RW         1644    .bss.TextColor      lcd.o
    0x2000003a   0x0800968c   0x00000002   PAD
    0x2000003c        -       0x00000078   Zero   RW         1677    .bss.adc_buffer     adcapp.o
    0x200000b4        -       0x00000004   Zero   RW         1678    .bss.adc_value      adcapp.o
    0x200000b8        -       0x00000002   Zero   RW         1643    .bss.dummy          lcd.o
    0x200000ba   0x0800968c   0x00000002   PAD
    0x200000bc        -       0x0000006c   Zero   RW           39    .bss.hadc2          adc.o
    0x20000128        -       0x00000060   Zero   RW           40    .bss.hdma_adc2      adc.o
    0x20000188        -       0x00000060   Zero   RW           86    .bss.hdma_usart1_rx  usart.o
    0x200001e8        -       0x00000001   Zero   RW         1679    .bss.height_value   adcapp.o
    0x200001e9   0x0800968c   0x00000003   PAD
    0x200001ec        -       0x0000004c   Zero   RW           64    .bss.htim6          tim.o
    0x20000238        -       0x0000004c   Zero   RW           65    .bss.htim7          tim.o
    0x20000284        -       0x00000094   Zero   RW           85    .bss.huart1         usart.o
    0x20000318        -       0x00000001   Zero   RW         1710    .bss.key_down       keyapp.o
    0x20000319        -       0x00000001   Zero   RW         1707    .bss.key_old        keyapp.o
    0x2000031a        -       0x00000001   Zero   RW         1709    .bss.key_val        keyapp.o
    0x2000031b        -       0x00000001   Zero   RW         1681    .bss.last_level     adcapp.o
    0x2000031c        -       0x00000001   Zero   RW         1570    .bss.lcd_view       lcdapp.o
    0x2000031d   0x0800968c   0x00000001   PAD
    0x2000031e        -       0x00000002   Zero   RW         1696    .bss.led2_count     timapp.o
    0x20000320        -       0x00000001   Zero   RW         1694    .bss.led2_state     timapp.o
    0x20000321   0x0800968c   0x00000001   PAD
    0x20000322        -       0x00000002   Zero   RW         1697    .bss.led3_count     timapp.o
    0x20000324        -       0x00000001   Zero   RW         1695    .bss.led3_state     timapp.o
    0x20000325        -       0x00000001   Zero   RW         1680    .bss.level_value    adcapp.o
    0x20000326        -       0x00000001   Zero   RW         1708    .bss.set_obj        keyapp.o
    0x20000327        -       0x00000001   Zero   RW           84    .bss.uart_buffer_size  usart.o
    0x20000328        -       0x00000064   Zero   RW           83    .bss.uart_rx_buffer  usart.o
    0x2000038c        -       0x00000001   Zero   RW         1666    .bss.ucled          ledapp.o
    0x2000038d   0x0800968c   0x00000003   PAD
    0x20000390        -       0x00000004   Zero   RW          476    .bss.uwTick         stm32g4xx_hal.o
    0x20000394   0x0800968c   0x00000004   PAD
    0x20000398        -       0x00000400   Zero   RW            1    STACK               startup_stm32g431xx.o


==============================================================================

Image component sizes


      Code (inc. data)   RO Data    RW Data    ZI Data      Debug   Object Name

       374          0          0          0        204       6350   adc.o
       748         24         28          0        127       1353   adcapp.o
       106          0          0          0          0       3262   dma.o
       310          0          0          0          0       2428   gpio.o
       914          0          0          0          0       3186   i2c_hal.o
       178          0          0          0          0        553   iicapp.o
       430          4          0          0          4       1453   keyapp.o
      2278          0       4560          2          4       8339   lcd.o
       512          0         99          3          1       1493   lcdapp.o
        82          0          0          0          1       1165   ledapp.o
       248          0          0          0          0       2350   main.o
       144          0          0         25          0        949   scheduler.o
        36          8        472          0       1024        848   startup_stm32g431xx.o
       290          0          0          8          4       8424   stm32g4xx_hal.o
      4736          0          0          0          0      22038   stm32g4xx_hal_adc.o
       278          0          0          0          0      19448   stm32g4xx_hal_adc_ex.o
       478          0          0          0          0       9414   stm32g4xx_hal_cortex.o
      1572          0          0          0          0       7775   stm32g4xx_hal_dma.o
       962          0          0          0          0       5312   stm32g4xx_hal_gpio.o
        72          0          0          0          0       1641   stm32g4xx_hal_msp.o
       454          0          0          0          0       7807   stm32g4xx_hal_pwr_ex.o
      3276          0          0          0          0       9396   stm32g4xx_hal_rcc.o
      1114          0          0          0          0      10907   stm32g4xx_hal_rcc_ex.o
      1600          0          0          0          0      37862   stm32g4xx_hal_tim.o
       374          0          0          0          0      21673   stm32g4xx_hal_tim_ex.o
      5344         48         24          0          0      27366   stm32g4xx_hal_uart.o
       738          0         16          0          0       8895   stm32g4xx_hal_uart_ex.o
       114          0          0          0          0       1514   stm32g4xx_it.o
        18          0         24          4          0       2692   system_stm32g4xx.o
       334          0          0          0        152       7697   tim.o
       372          0          0          0          6       4661   timapp.o
       308          0         31          0          0        627   uartapp.o
       472          0          0          0        345       8195   usart.o

    ----------------------------------------------------------------------
     29412         84       5288         48       1892     257073   Object Totals
         0          0         32          0          0          0   (incl. Generated)
       146          0          2          6         20          0   (incl. Padding)

    ----------------------------------------------------------------------

      Code (inc. data)   RO Data    RW Data    ZI Data      Debug   Library Member Name

         0          0          0          0          0          0   entry.o
         0          0          0          0          0          0   entry10a.o
         0          0          0          0          0          0   entry11a.o
         8          4          0          0          0          0   entry2.o
         4          0          0          0          0          0   entry5.o
         0          0          0          0          0          0   entry7b.o
         0          0          0          0          0          0   entry8b.o
         8          4          0          0          0          0   entry9a.o
        30          0          0          0          0          0   handlers.o
        48         10          0          0          0         68   init.o
         0          0          0          0          0          0   iusefp.o
        30          0          0          0          0         68   llshl.o
        36          0          0          0          0         68   llsshr.o
        32          0          0          0          0         68   llushr.o
        36          0          0          0          0        108   memseta.o
      2304         96          0          0          0        600   printfa.o
         0          0          0          4          0          0   stdout.o
        44          0          0          0          0         80   uidiv.o
        98          0          0          0          0         92   uldiv.o
        48          0          0          0          0         68   cdrcmple.o
       334          0          0          0          0        148   dadd.o
       222          0          0          0          0        100   ddiv.o
       186          0          0          0          0        176   depilogue.o
        48          0          0          0          0         68   dfixul.o
       228          0          0          0          0         96   dmul.o
        38          0          0          0          0         68   f2d.o

    ----------------------------------------------------------------------
      3788        114          0          4          0       1876   Library Totals
         6          0          0          0          0          0   (incl. Padding)

    ----------------------------------------------------------------------

      Code (inc. data)   RO Data    RW Data    ZI Data      Debug   Library Name

      2678        114          0          4          0       1152   mc_w.l
      1104          0          0          0          0        724   mf_w.l

    ----------------------------------------------------------------------
      3788        114          0          4          0       1876   Library Totals

    ----------------------------------------------------------------------

==============================================================================


      Code (inc. data)   RO Data    RW Data    ZI Data      Debug   

     33200        198       5288         52       1892     257597   Grand Totals
     33200        198       5288         52       1892     257597   ELF Image Totals
     33200        198       5288         52          0          0   ROM Totals

==============================================================================

    Total RO  Size (Code + RO Data)                38488 (  37.59kB)
    Total RW  Size (RW Data + ZI Data)              1944 (   1.90kB)
    Total ROM Size (Code + RO Data + RW Data)      38540 (  37.64kB)

==============================================================================

