<html>
<body>
<pre>
<h1>µVision Build Log</h1>
<h2>Tool Versions:</h2>
IDE-Version: ¦ÌVision V5.41.0.0
Copyright (C) 2024 ARM Ltd and ARM Germany GmbH. All rights reserved.
License Information: 1 8613829583892, 1, LIC=14HV2-99USS-12MLE-5TNWS-A3NTD-H2MKH
 
Tool Versions:
Toolchain:       MDK-ARM Plus  Version: 5.41.0.0
Toolchain Path:  E:\skill\keil\ARM\ARMCLANG\Bin
C Compiler:      ArmClang.exe V6.22
Assembler:       Armasm.exe V6.22
Linker/Locator:  ArmLink.exe V6.22
Library Manager: ArmAr.exe V6.22
Hex Converter:   FromElf.exe V6.22
CPU DLL:         SARMCM3.DLL V5.41.0.0
Dialog DLL:      DCM.DLL V1.17.5.0
Target DLL:      CMSIS_AGDI.dll V1.33.21.0
Dialog DLL:      TCM.DLL V1.56.4.0
 
<h2>Project:</h2>
D:\project_qianrushi\guosai\Provincial\Fifteenth\16631196\MDK-ARM\16631196.uvprojx
Project File Date:  06/12/2025

<h2>Output:</h2>
*** Using Compiler 'V6.22', folder: 'E:\skill\keil\ARM\ARMCLANG\Bin'
Rebuild target '16631196'
assembling startup_stm32g431xx.s...
compiling main.c...
compiling stm32g4xx_hal_msp.c...
compiling gpio.c...
compiling stm32g4xx_hal_tim_ex.c...
compiling dma.c...
compiling stm32g4xx_hal_rcc.c...
compiling stm32g4xx_it.c...
compiling stm32g4xx_hal.c...
compiling tim.c...
compiling stm32g4xx_hal_pwr_ex.c...
compiling stm32g4xx_hal_tim.c...
compiling stm32g4xx_hal_rcc_ex.c...
compiling stm32g4xx_hal_flash.c...
compiling stm32g4xx_hal_flash_ex.c...
compiling stm32g4xx_hal_flash_ramfunc.c...
compiling stm32g4xx_hal_gpio.c...
compiling stm32g4xx_hal_exti.c...
compiling stm32g4xx_hal_dma.c...
compiling stm32g4xx_hal_dma_ex.c...
compiling stm32g4xx_hal_cortex.c...
compiling system_stm32g4xx.c...
compiling stm32g4xx_hal_pwr.c...
compiling lcdapp.c...
compiling scheduler.c...
compiling lcd.c...
compiling ledapp.c...
compiling keyapp.c...
compiling timapp.c...
linking...
Program Size: Code=23216 RO-data=5424 RW-data=156 ZI-data=1908  
FromELF: creating hex file...
After Build - User command #1: "C:\Users\86138\Documents\WeChat Files\wxid_b8llytmalavm22\FileStorage\File\2025-06\keil5_disp_size_bar.exe"
ram:
  RW_IRAM1 :0x20000000
   32.00 KB :|¡ö___________________|    6.30 % (    2.02 KB /    32.00 KB) [30704 B]
flash:
  ER_IROM1 :0x8000000
  128.00 KB :|¡ö¡ö¡ö¡ö________________|   21.85 % (   27.97 KB /   128.00 KB) [102432 B]
"16631196\16631196.axf" - 0 Error(s), 0 Warning(s).

<h2>Software Packages used:</h2>

Package Vendor: Keil
                https://www.keil.com/pack/Keil.STM32G4xx_DFP.2.0.0.pack
                Keil::STM32G4xx_DFP@2.0.0
                STMicroelectronics STM32G4 Series Device Support

<h2>Collection of Component include folders:</h2>

<h2>Collection of Component Files used:</h2>
Build Time Elapsed:  00:00:03
</pre>
</body>
</html>
