Component: Arm Compiler for Embedded 6.22 Tool: armlink [5ee90200]

==============================================================================

Section Cross References

    startup_stm32g431xx.o(RESET) refers to startup_stm32g431xx.o(STACK) for __initial_sp
    startup_stm32g431xx.o(RESET) refers to startup_stm32g431xx.o(.text) for Reset_Handler
    startup_stm32g431xx.o(RESET) refers to stm32g4xx_it.o(.text.NMI_Handler) for NMI_Handler
    startup_stm32g431xx.o(RESET) refers to stm32g4xx_it.o(.text.HardFault_Handler) for HardFault_Handler
    startup_stm32g431xx.o(RESET) refers to stm32g4xx_it.o(.text.MemManage_Handler) for MemManage_Handler
    startup_stm32g431xx.o(RESET) refers to stm32g4xx_it.o(.text.BusFault_Handler) for BusFault_Handler
    startup_stm32g431xx.o(RESET) refers to stm32g4xx_it.o(.text.UsageFault_Handler) for UsageFault_Handler
    startup_stm32g431xx.o(RESET) refers to stm32g4xx_it.o(.text.SVC_Handler) for SVC_Handler
    startup_stm32g431xx.o(RESET) refers to stm32g4xx_it.o(.text.DebugMon_Handler) for DebugMon_Handler
    startup_stm32g431xx.o(RESET) refers to stm32g4xx_it.o(.text.PendSV_Handler) for PendSV_Handler
    startup_stm32g431xx.o(RESET) refers to stm32g4xx_it.o(.text.SysTick_Handler) for SysTick_Handler
    startup_stm32g431xx.o(RESET) refers to stm32g4xx_it.o(.text.DMA1_Channel1_IRQHandler) for DMA1_Channel1_IRQHandler
    startup_stm32g431xx.o(RESET) refers to stm32g4xx_it.o(.text.DMA1_Channel2_IRQHandler) for DMA1_Channel2_IRQHandler
    startup_stm32g431xx.o(RESET) refers to stm32g4xx_it.o(.text.TIM6_DAC_IRQHandler) for TIM6_DAC_IRQHandler
    startup_stm32g431xx.o(RESET) refers to stm32g4xx_it.o(.text.TIM7_IRQHandler) for TIM7_IRQHandler
    startup_stm32g431xx.o(.text) refers to system_stm32g4xx.o(.text.SystemInit) for SystemInit
    startup_stm32g431xx.o(.text) refers to entry.o(.ARM.Collect$$$$00000000) for __main
    main.o(.text.main) refers to stm32g4xx_hal.o(.text.HAL_Init) for HAL_Init
    main.o(.text.main) refers to main.o(.text.SystemClock_Config) for SystemClock_Config
    main.o(.text.main) refers to gpio.o(.text.MX_GPIO_Init) for MX_GPIO_Init
    main.o(.text.main) refers to dma.o(.text.MX_DMA_Init) for MX_DMA_Init
    main.o(.text.main) refers to adc.o(.text.MX_ADC2_Init) for MX_ADC2_Init
    main.o(.text.main) refers to tim.o(.text.MX_TIM3_Init) for MX_TIM3_Init
    main.o(.text.main) refers to tim.o(.text.MX_TIM2_Init) for MX_TIM2_Init
    main.o(.text.main) refers to tim.o(.text.MX_TIM6_Init) for MX_TIM6_Init
    main.o(.text.main) refers to tim.o(.text.MX_TIM7_Init) for MX_TIM7_Init
    main.o(.text.main) refers to adcapp.o(.text.adc_init) for adc_init
    main.o(.text.main) refers to lcdapp.o(.text.lcd_init) for lcd_init
    main.o(.text.main) refers to ledapp.o(.text.led_renew) for led_renew
    main.o(.text.main) refers to timapp.o(.text.tims_init) for tims_init
    main.o(.text.main) refers to scheduler.o(.text.scheduler_run) for scheduler_run
    main.o(.ARM.exidx.text.main) refers to main.o(.text.main) for [Anonymous Symbol]
    main.o(.text.SystemClock_Config) refers to memseta.o(.text) for __aeabi_memclr4
    main.o(.text.SystemClock_Config) refers to stm32g4xx_hal_pwr_ex.o(.text.HAL_PWREx_ControlVoltageScaling) for HAL_PWREx_ControlVoltageScaling
    main.o(.text.SystemClock_Config) refers to stm32g4xx_hal_rcc.o(.text.HAL_RCC_OscConfig) for HAL_RCC_OscConfig
    main.o(.text.SystemClock_Config) refers to main.o(.text.Error_Handler) for Error_Handler
    main.o(.text.SystemClock_Config) refers to stm32g4xx_hal_rcc.o(.text.HAL_RCC_ClockConfig) for HAL_RCC_ClockConfig
    main.o(.text.SystemClock_Config) refers to stm32g4xx_hal_rcc_ex.o(.text.HAL_RCCEx_PeriphCLKConfig) for HAL_RCCEx_PeriphCLKConfig
    main.o(.ARM.exidx.text.SystemClock_Config) refers to main.o(.text.SystemClock_Config) for [Anonymous Symbol]
    main.o(.ARM.exidx.text.Error_Handler) refers to main.o(.text.Error_Handler) for [Anonymous Symbol]
    gpio.o(.text.MX_GPIO_Init) refers to stm32g4xx_hal_gpio.o(.text.HAL_GPIO_WritePin) for HAL_GPIO_WritePin
    gpio.o(.text.MX_GPIO_Init) refers to stm32g4xx_hal_gpio.o(.text.HAL_GPIO_Init) for HAL_GPIO_Init
    gpio.o(.ARM.exidx.text.MX_GPIO_Init) refers to gpio.o(.text.MX_GPIO_Init) for [Anonymous Symbol]
    adc.o(.text.MX_ADC2_Init) refers to adc.o(.bss.hadc2) for hadc2
    adc.o(.text.MX_ADC2_Init) refers to stm32g4xx_hal_adc.o(.text.HAL_ADC_Init) for HAL_ADC_Init
    adc.o(.text.MX_ADC2_Init) refers to main.o(.text.Error_Handler) for Error_Handler
    adc.o(.text.MX_ADC2_Init) refers to stm32g4xx_hal_adc.o(.text.HAL_ADC_ConfigChannel) for HAL_ADC_ConfigChannel
    adc.o(.ARM.exidx.text.MX_ADC2_Init) refers to adc.o(.text.MX_ADC2_Init) for [Anonymous Symbol]
    adc.o(.text.HAL_ADC_MspInit) refers to stm32g4xx_hal_gpio.o(.text.HAL_GPIO_Init) for HAL_GPIO_Init
    adc.o(.text.HAL_ADC_MspInit) refers to adc.o(.bss.hdma_adc2) for hdma_adc2
[...]
    [Anonymous Symbol]                       0x080048e8   Section        0  stm32g4xx_hal_tim.o(.text.HAL_TIM_PWM_MspInit)
    [Anonymous Symbol]                       0x080048f0   Section        0  stm32g4xx_hal_tim.o(.text.HAL_TIM_PWM_PulseFinishedCallback)
    [Anonymous Symbol]                       0x080048f8   Section        0  stm32g4xx_hal_tim.o(.text.HAL_TIM_PWM_Start)
    [Anonymous Symbol]                       0x08004b58   Section        0  timapp.o(.text.HAL_TIM_PeriodElapsedCallback)
    [Anonymous Symbol]                       0x08004cc4   Section        0  stm32g4xx_hal_tim.o(.text.HAL_TIM_SlaveConfigSynchro)
    [Anonymous Symbol]                       0x08004d5c   Section        0  stm32g4xx_hal_tim.o(.text.HAL_TIM_TriggerCallback)
    [Anonymous Symbol]                       0x08004d64   Section        0  stm32g4xx_it.o(.text.HardFault_Handler)
    [Anonymous Symbol]                       0x08004d68   Section        0  lcd.o(.text.LCD_BusIn)
    [Anonymous Symbol]                       0x08004d98   Section        0  lcd.o(.text.LCD_BusOut)
    [Anonymous Symbol]                       0x08004dcc   Section        0  lcd.o(.text.LCD_Clear)
    [Anonymous Symbol]                       0x08004e0c   Section        0  lcd.o(.text.LCD_CtrlLinesConfig)
    [Anonymous Symbol]                       0x08004ee4   Section        0  lcd.o(.text.LCD_DisplayChar)
    [Anonymous Symbol]                       0x08004f24   Section        0  lcd.o(.text.LCD_DisplayStringLine)
    [Anonymous Symbol]                       0x08004f8c   Section        0  lcd.o(.text.LCD_DrawChar)
    [Anonymous Symbol]                       0x0800503c   Section        0  lcd.o(.text.LCD_Init)
    [Anonymous Symbol]                       0x08005080   Section        0  lcd.o(.text.LCD_ReadReg)
    [Anonymous Symbol]                       0x08005128   Section        0  lcd.o(.text.LCD_SetBackColor)
    [Anonymous Symbol]                       0x08005140   Section        0  lcd.o(.text.LCD_SetCursor)
    [Anonymous Symbol]                       0x08005164   Section        0  lcd.o(.text.LCD_SetTextColor)
    [Anonymous Symbol]                       0x0800517c   Section        0  lcd.o(.text.LCD_WriteRAM)
    [Anonymous Symbol]                       0x080051e8   Section        0  lcd.o(.text.LCD_WriteRAM_Prepare)
    [Anonymous Symbol]                       0x0800524c   Section        0  lcd.o(.text.LCD_WriteReg)
    LL_ADC_Disable                           0x080052d5   Thumb Code    28  stm32g4xx_hal_adc.o(.text.LL_ADC_Disable)
    [Anonymous Symbol]                       0x080052d4   Section        0  stm32g4xx_hal_adc.o(.text.LL_ADC_Disable)
    LL_ADC_DisableDeepPowerDown              0x080052f1   Thumb Code    24  stm32g4xx_hal_adc.o(.text.LL_ADC_DisableDeepPowerDown)
    [Anonymous Symbol]                       0x080052f0   Section        0  stm32g4xx_hal_adc.o(.text.LL_ADC_DisableDeepPowerDown)
    LL_ADC_Enable                            0x08005309   Thumb Code    28  stm32g4xx_hal_adc.o(.text.LL_ADC_Enable)
    [Anonymous Symbol]                       0x08005308   Section        0  stm32g4xx_hal_adc.o(.text.LL_ADC_Enable)
    LL_ADC_EnableInternalRegulator           0x08005325   Thumb Code    30  stm32g4xx_hal_adc.o(.text.LL_ADC_EnableInternalRegulator)
    [Anonymous Symbol]                       0x08005324   Section        0  stm32g4xx_hal_adc.o(.text.LL_ADC_EnableInternalRegulator)
    LL_ADC_GetCommonPathInternalCh           0x08005345   Thumb Code    16  stm32g4xx_hal_adc.o(.text.LL_ADC_GetCommonPathInternalCh)
    [Anonymous Symbol]                       0x08005344   Section        0  stm32g4xx_hal_adc.o(.text.LL_ADC_GetCommonPathInternalCh)
    LL_ADC_GetMultimode                      0x08005355   Thumb Code    16  stm32g4xx_hal_adc.o(.text.LL_ADC_GetMultimode)
    [Anonymous Symbol]                       0x08005354   Section        0  stm32g4xx_hal_adc.o(.text.LL_ADC_GetMultimode)
    LL_ADC_GetOffsetChannel                  0x08005365   Thumb Code    30  stm32g4xx_hal_adc.o(.text.LL_ADC_GetOffsetChannel)
    [Anonymous Symbol]                       0x08005364   Section        0  stm32g4xx_hal_adc.o(.text.LL_ADC_GetOffsetChannel)
    LL_ADC_INJ_IsConversionOngoing           0x08005385   Thumb Code    16  stm32g4xx_hal_adc.o(.text.LL_ADC_INJ_IsConversionOngoing)
    [Anonymous Symbol]                       0x08005384   Section        0  stm32g4xx_hal_adc.o(.text.LL_ADC_INJ_IsConversionOngoing)
    LL_ADC_IsCalibrationOnGoing              0x08005395   Thumb Code    14  stm32g4xx_hal_adc_ex.o(.text.LL_ADC_IsCalibrationOnGoing)
    [Anonymous Symbol]                       0x08005394   Section        0  stm32g4xx_hal_adc_ex.o(.text.LL_ADC_IsCalibrationOnGoing)
    LL_ADC_IsDeepPowerDownEnabled            0x080053a5   Thumb Code    16  stm32g4xx_hal_adc.o(.text.LL_ADC_IsDeepPowerDownEnabled)
    [Anonymous Symbol]                       0x080053a4   Section        0  stm32g4xx_hal_adc.o(.text.LL_ADC_IsDeepPowerDownEnabled)
    LL_ADC_IsDisableOngoing                  0x080053b5   Thumb Code    16  stm32g4xx_hal_adc.o(.text.LL_ADC_IsDisableOngoing)
    [Anonymous Symbol]                       0x080053b4   Section        0  stm32g4xx_hal_adc.o(.text.LL_ADC_IsDisableOngoing)
    LL_ADC_IsEnabled                         0x080053c5   Thumb Code    16  stm32g4xx_hal_adc.o(.text.LL_ADC_IsEnabled)
    [Anonymous Symbol]                       0x080053c4   Section        0  stm32g4xx_hal_adc.o(.text.LL_ADC_IsEnabled)
    LL_ADC_IsInternalRegulatorEnabled        0x080053d5   Thumb Code    16  stm32g4xx_hal_adc.o(.text.LL_ADC_IsInternalRegulatorEnabled)
    [Anonymous Symbol]                       0x080053d4   Section        0  stm32g4xx_hal_adc.o(.text.LL_ADC_IsInternalRegulatorEnabled)
    LL_ADC_REG_IsConversionOngoing           0x080053e5   Thumb Code    16  stm32g4xx_hal_adc.o(.text.LL_ADC_REG_IsConversionOngoing)
    [Anonymous Symbol]                       0x080053e4   Section        0  stm32g4xx_hal_adc.o(.text.LL_ADC_REG_IsConversionOngoing)
    LL_ADC_REG_IsTriggerSourceSWStart        0x080053f5   Thumb Code    22  stm32g4xx_hal_adc.o(.text.LL_ADC_REG_IsTriggerSourceSWStart)
    [Anonymous Symbol]                       0x080053f4   Section        0  stm32g4xx_hal_adc.o(.text.LL_ADC_REG_IsTriggerSourceSWStart)
    LL_ADC_REG_SetSequencerRanks             0x0800540d   Thumb Code    58  stm32g4xx_hal_adc.o(.text.LL_ADC_REG_SetSequencerRanks)
    [Anonymous Symbol]                       0x0800540c   Section        0  stm32g4xx_hal_adc.o(.text.LL_ADC_REG_SetSequencerRanks)
    LL_ADC_REG_StartConversion               0x08005449   Thumb Code    28  stm32g4xx_hal_adc.o(.text.LL_ADC_REG_StartConversion)
    [Anonymous Symbol]                       0x08005448   Section        0  stm32g4xx_hal_adc.o(.text.LL_ADC_REG_StartConversion)
    LL_ADC_SetChannelSamplingTime            0x08005465   Thumb Code    54  stm32g4xx_hal_adc.o(.text.LL_ADC_SetChannelSamplingTime)
    [Anonymous Symbol]                       0x08005464   Section        0  stm32g4xx_hal_adc.o(.text.LL_ADC_SetChannelSamplingTime)
    LL_ADC_SetChannelSingleDiff              0x0800549d   Thumb Code    52  stm32g4xx_hal_adc.o(.text.LL_ADC_SetChannelSingleDiff)
    [Anonymous Symbol]                       0x0800549c   Section        0  stm32g4xx_hal_adc.o(.text.LL_ADC_SetChannelSingleDiff)
    LL_ADC_SetCommonClock                    0x080054d1   Thumb Code    26  stm32g4xx_hal_adc.o(.text.LL_ADC_SetCommonClock)
    [Anonymous Symbol]                       0x080054d0   Section        0  stm32g4xx_hal_adc.o(.text.LL_ADC_SetCommonClock)
    LL_ADC_SetCommonPathInternalCh           0x080054ed   Thumb Code    26  stm32g4xx_hal_adc.o(.text.LL_ADC_SetCommonPathInternalCh)
    [Anonymous Symbol]                       0x080054ec   Section        0  stm32g4xx_hal_adc.o(.text.LL_ADC_SetCommonPathInternalCh)
    LL_ADC_SetOffset                         0x08005509   Thumb Code    60  stm32g4xx_hal_adc.o(.text.LL_ADC_SetOffset)
    [Anonymous Symbol]                       0x08005508   Section        0  stm32g4xx_hal_adc.o(.text.LL_ADC_SetOffset)
    LL_ADC_SetOffsetSaturation               0x08005545   Thumb Code    40  stm32g4xx_hal_adc.o(.text.LL_ADC_SetOffsetSaturation)
    [Anonymous Symbol]                       0x08005544   Section        0  stm32g4xx_hal_adc.o(.text.LL_ADC_SetOffsetSaturation)
    LL_ADC_SetOffsetSign                     0x0800556d   Thumb Code    40  stm32g4xx_hal_adc.o(.text.LL_ADC_SetOffsetSign)
    [Anonymous Symbol]                       0x0800556c   Section        0  stm32g4xx_hal_adc.o(.text.LL_ADC_SetOffsetSign)
    LL_ADC_SetOffsetState                    0x08005595   Thumb Code    40  stm32g4xx_hal_adc.o(.text.LL_ADC_SetOffsetState)
    [Anonymous Symbol]                       0x08005594   Section        0  stm32g4xx_hal_adc.o(.text.LL_ADC_SetOffsetState)
    LL_ADC_SetSamplingTimeCommonConfig       0x080055bd   Thumb Code    26  stm32g4xx_hal_adc.o(.text.LL_ADC_SetSamplingTimeCommonConfig)
    [Anonymous Symbol]                       0x080055bc   Section        0  stm32g4xx_hal_adc.o(.text.LL_ADC_SetSamplingTimeCommonConfig)
    LL_ADC_StartCalibration                  0x080055d9   Thumb Code    40  stm32g4xx_hal_adc_ex.o(.text.LL_ADC_StartCalibration)
    [Anonymous Symbol]                       0x080055d8   Section        0  stm32g4xx_hal_adc_ex.o(.text.LL_ADC_StartCalibration)
    [Anonymous Symbol]                       0x08005600   Section        0  adc.o(.text.MX_ADC2_Init)
    [Anonymous Symbol]                       0x080056a0   Section        0  dma.o(.text.MX_DMA_Init)
    [Anonymous Symbol]                       0x0800570c   Section        0  gpio.o(.text.MX_GPIO_Init)
    [Anonymous Symbol]                       0x08005844   Section        0  tim.o(.text.MX_TIM2_Init)
    [Anonymous Symbol]                       0x08005920   Section        0  tim.o(.text.MX_TIM3_Init)
    [Anonymous Symbol]                       0x08005a1c   Section        0  tim.o(.text.MX_TIM6_Init)
    [Anonymous Symbol]                       0x08005a78   Section        0  tim.o(.text.MX_TIM7_Init)
    [Anonymous Symbol]                       0x08005ad4   Section        0  stm32g4xx_it.o(.text.MemManage_Handler)
    [Anonymous Symbol]                       0x08005ad8   Section        0  stm32g4xx_it.o(.text.NMI_Handler)
    NVIC_EncodePriority                      0x08005add   Thumb Code   108  stm32g4xx_hal_cortex.o(.text.NVIC_EncodePriority)
    [Anonymous Symbol]                       0x08005adc   Section        0  stm32g4xx_hal_cortex.o(.text.NVIC_EncodePriority)
    [Anonymous Symbol]                       0x08005b48   Section        0  stm32g4xx_it.o(.text.PendSV_Handler)
    RCC_GetSysClockFreqFromPLLSource         0x08005b4d   Thumb Code   156  stm32g4xx_hal_rcc.o(.text.RCC_GetSysClockFreqFromPLLSource)
    [Anonymous Symbol]                       0x08005b4c   Section        0  stm32g4xx_hal_rcc.o(.text.RCC_GetSysClockFreqFromPLLSource)
    [Anonymous Symbol]                       0x08005be8   Section        0  lcd.o(.text.REG_8230_Init)
    [Anonymous Symbol]                       0x08005d08   Section        0  lcd.o(.text.REG_932X_Init)
    [Anonymous Symbol]                       0x08005f24   Section        0  stm32g4xx_it.o(.text.SVC_Handler)
    SysTick_Config                           0x08005f29   Thumb Code    82  stm32g4xx_hal_cortex.o(.text.SysTick_Config)
    [Anonymous Symbol]                       0x08005f28   Section        0  stm32g4xx_hal_cortex.o(.text.SysTick_Config)
    [Anonymous Symbol]                       0x08005f7c   Section        0  stm32g4xx_it.o(.text.SysTick_Handler)
    [Anonymous Symbol]                       0x08005f84   Section        0  main.o(.text.SystemClock_Config)
    [Anonymous Symbol]                       0x08006020   Section        0  system_stm32g4xx.o(.text.SystemInit)
    [Anonymous Symbol]                       0x08006034   Section        0  stm32g4xx_it.o(.text.TIM6_DAC_IRQHandler)
    [Anonymous Symbol]                       0x08006044   Section        0  stm32g4xx_it.o(.text.TIM7_IRQHandler)
    [Anonymous Symbol]                       0x08006054   Section        0  stm32g4xx_hal_tim.o(.text.TIM_Base_SetConfig)
    [Anonymous Symbol]                       0x080061ec   Section        0  stm32g4xx_hal_tim.o(.text.TIM_CCxChannelCmd)
    [Anonymous Symbol]                       0x08006224   Section        0  stm32g4xx_hal_tim.o(.text.TIM_DMACaptureCplt)
    [Anonymous Symbol]                       0x080062f8   Section        0  stm32g4xx_hal_tim.o(.text.TIM_DMACaptureHalfCplt)
    [Anonymous Symbol]                       0x0800636c   Section        0  stm32g4xx_hal_tim.o(.text.TIM_DMAError)
    [Anonymous Symbol]                       0x08006408   Section        0  stm32g4xx_hal_tim.o(.text.TIM_ETR_SetConfig)
    TIM_ITRx_SetConfig                       0x0800643d   Thumb Code    48  stm32g4xx_hal_tim.o(.text.TIM_ITRx_SetConfig)
    [Anonymous Symbol]                       0x0800643c   Section        0  stm32g4xx_hal_tim.o(.text.TIM_ITRx_SetConfig)
    TIM_OC1_SetConfig                        0x0800646d   Thumb Code   340  stm32g4xx_hal_tim.o(.text.TIM_OC1_SetConfig)
    [Anonymous Symbol]                       0x0800646c   Section        0  stm32g4xx_hal_tim.o(.text.TIM_OC1_SetConfig)
    [Anonymous Symbol]                       0x080065c0   Section        0  stm32g4xx_hal_tim.o(.text.TIM_OC2_SetConfig)
    TIM_OC3_SetConfig                        0x08006731   Thumb Code   366  stm32g4xx_hal_tim.o(.text.TIM_OC3_SetConfig)
    [Anonymous Symbol]                       0x08006730   Section        0  stm32g4xx_hal_tim.o(.text.TIM_OC3_SetConfig)
    TIM_OC4_SetConfig                        0x080068a1   Thumb Code   368  stm32g4xx_hal_tim.o(.text.TIM_OC4_SetConfig)
    [Anonymous Symbol]                       0x080068a0   Section        0  stm32g4xx_hal_tim.o(.text.TIM_OC4_SetConfig)
    TIM_OC5_SetConfig                        0x08006a11   Thumb Code   210  stm32g4xx_hal_tim.o(.text.TIM_OC5_SetConfig)
    [Anonymous Symbol]                       0x08006a10   Section        0  stm32g4xx_hal_tim.o(.text.TIM_OC5_SetConfig)
    TIM_OC6_SetConfig                        0x08006ae5   Thumb Code   212  stm32g4xx_hal_tim.o(.text.TIM_OC6_SetConfig)
    [Anonymous Symbol]                       0x08006ae4   Section        0  stm32g4xx_hal_tim.o(.text.TIM_OC6_SetConfig)
    TIM_SlaveTimer_SetConfig                 0x08006bb9   Thumb Code   390  stm32g4xx_hal_tim.o(.text.TIM_SlaveTimer_SetConfig)
    [Anonymous Symbol]                       0x08006bb8   Section        0  stm32g4xx_hal_tim.o(.text.TIM_SlaveTimer_SetConfig)
    TIM_TI1_ConfigInputStage                 0x08006d41   Thumb Code    80  stm32g4xx_hal_tim.o(.text.TIM_TI1_ConfigInputStage)
    [Anonymous Symbol]                       0x08006d40   Section        0  stm32g4xx_hal_tim.o(.text.TIM_TI1_ConfigInputStage)
    [Anonymous Symbol]                       0x08006d90   Section        0  stm32g4xx_hal_tim.o(.text.TIM_TI1_SetConfig)
    TIM_TI2_ConfigInputStage                 0x08006e81   Thumb Code    82  stm32g4xx_hal_tim.o(.text.TIM_TI2_ConfigInputStage)
    [Anonymous Symbol]                       0x08006e80   Section        0  stm32g4xx_hal_tim.o(.text.TIM_TI2_ConfigInputStage)
    TIM_TI2_SetConfig                        0x08006ed5   Thumb Code   108  stm32g4xx_hal_tim.o(.text.TIM_TI2_SetConfig)
    [Anonymous Symbol]                       0x08006ed4   Section        0  stm32g4xx_hal_tim.o(.text.TIM_TI2_SetConfig)
    TIM_TI3_SetConfig                        0x08006f41   Thumb Code   106  stm32g4xx_hal_tim.o(.text.TIM_TI3_SetConfig)
    [Anonymous Symbol]                       0x08006f40   Section        0  stm32g4xx_hal_tim.o(.text.TIM_TI3_SetConfig)
    TIM_TI4_SetConfig                        0x08006fad   Thumb Code   108  stm32g4xx_hal_tim.o(.text.TIM_TI4_SetConfig)
    [Anonymous Symbol]                       0x08006fac   Section        0  stm32g4xx_hal_tim.o(.text.TIM_TI4_SetConfig)
    [Anonymous Symbol]                       0x08007018   Section        0  stm32g4xx_it.o(.text.UsageFault_Handler)
    __NVIC_EnableIRQ                         0x0800701d   Thumb Code    48  stm32g4xx_hal_cortex.o(.text.__NVIC_EnableIRQ)
    [Anonymous Symbol]                       0x0800701c   Section        0  stm32g4xx_hal_cortex.o(.text.__NVIC_EnableIRQ)
    __NVIC_GetPriorityGrouping               0x0800704d   Thumb Code    16  stm32g4xx_hal_cortex.o(.text.__NVIC_GetPriorityGrouping)
    [Anonymous Symbol]                       0x0800704c   Section        0  stm32g4xx_hal_cortex.o(.text.__NVIC_GetPriorityGrouping)
    __NVIC_SetPriority                       0x0800705d   Thumb Code    66  stm32g4xx_hal_cortex.o(.text.__NVIC_SetPriority)
    [Anonymous Symbol]                       0x0800705c   Section        0  stm32g4xx_hal_cortex.o(.text.__NVIC_SetPriority)
    __NVIC_SetPriorityGrouping               0x080070a1   Thumb Code    60  stm32g4xx_hal_cortex.o(.text.__NVIC_SetPriorityGrouping)
    [Anonymous Symbol]                       0x080070a0   Section        0  stm32g4xx_hal_cortex.o(.text.__NVIC_SetPriorityGrouping)
    [Anonymous Symbol]                       0x080070dc   Section        0  adcapp.o(.text.adc_init)
    [Anonymous Symbol]                       0x08007104   Section        0  adcapp.o(.text.adc_proc)
    [Anonymous Symbol]                       0x08007218   Section        0  timapp.o(.text.ic_proc)
    [Anonymous Symbol]                       0x080074f0   Section        0  keyapp.o(.text.key_proc)
    [Anonymous Symbol]                       0x080078b0   Section        0  lcdapp.o(.text.lcd_disp)
    [Anonymous Symbol]                       0x080078e8   Section        0  lcdapp.o(.text.lcd_init)
    [Anonymous Symbol]                       0x0800790c   Section        0  lcdapp.o(.text.lcd_proc)
    [Anonymous Symbol]                       0x08007a98   Section        0  ledapp.o(.text.led_renew)
    [Anonymous Symbol]                       0x08007aec   Section        0  main.o(.text.main)
    [Anonymous Symbol]                       0x08007b30   Section        0  timapp.o(.text.pa1_duty_renew)
    [Anonymous Symbol]                       0x08007bd4   Section        0  timapp.o(.text.pa1_freq_renew)
    [Anonymous Symbol]                       0x08007bfc   Section        0  scheduler.o(.text.scheduler_run)
    [Anonymous Symbol]                       0x08007c8c   Section        0  timapp.o(.text.tims_init)
    i.__0vsprintf                            0x08007cdc   Section        0  printfa.o(i.__0vsprintf)
    i.__scatterload_copy                     0x08007d00   Section       14  handlers.o(i.__scatterload_copy)
    i.__scatterload_null                     0x08007d0e   Section        2  handlers.o(i.__scatterload_null)
    i.__scatterload_zeroinit                 0x08007d10   Section       14  handlers.o(i.__scatterload_zeroinit)
    _fp_digits                               0x08007d21   Thumb Code   366  printfa.o(i._fp_digits)
    i._fp_digits                             0x08007d20   Section        0  printfa.o(i._fp_digits)
    _printf_core                             0x08007ea5   Thumb Code  1744  printfa.o(i._printf_core)
    i._printf_core                           0x08007ea4   Section        0  printfa.o(i._printf_core)
    _printf_post_padding                     0x08008581   Thumb Code    36  printfa.o(i._printf_post_padding)
    i._printf_post_padding                   0x08008580   Section        0  printfa.o(i._printf_post_padding)
    _printf_pre_padding                      0x080085a5   Thumb Code    46  printfa.o(i._printf_pre_padding)
    i._printf_pre_padding                    0x080085a4   Section        0  printfa.o(i._printf_pre_padding)
    _sputc                                   0x080085d3   Thumb Code    10  printfa.o(i._sputc)
    i._sputc                                 0x080085d2   Section        0  printfa.o(i._sputc)
    .L.str.8                                 0x080097bc   Data          17  lcdapp.o(.rodata.str1.1)
    [Anonymous Symbol]                       0x080097bc   Section        0  lcdapp.o(.rodata.str1.1)
    .L.str.7                                 0x080097cd   Data          17  lcdapp.o(.rodata.str1.1)
    .L.str.4                                 0x080097de   Data          19  lcdapp.o(.rodata.str1.1)
    .L.str.3                                 0x080097f1   Data          16  lcdapp.o(.rodata.str1.1)
    .L.str.11                                0x08009801   Data          17  lcdapp.o(.rodata.str1.1)
    .L.str.12                                0x08009812   Data          17  lcdapp.o(.rodata.str1.1)
    .L.str.10                                0x08009823   Data          13  lcdapp.o(.rodata.str1.1)
    .L.str.6                                 0x08009830   Data          13  lcdapp.o(.rodata.str1.1)
    .L.str.5                                 0x0800983d   Data          13  lcdapp.o(.rodata.str1.1)
    .L.str                                   0x0800984a   Data          13  lcdapp.o(.rodata.str1.1)
    .L.str.9                                 0x08009857   Data          13  lcdapp.o(.rodata.str1.1)
    .L.str.1                                 0x08009864   Data           9  lcdapp.o(.rodata.str1.1)
    .L.str.2                                 0x0800986d   Data           9  lcdapp.o(.rodata.str1.1)
    BackColor                                0x20000000   Data           2  lcd.o(.data.BackColor)
    [Anonymous Symbol]                       0x20000000   Section        0  lcd.o(.data.BackColor)
    pa1_duty_renew.last_duty                 0x2000000c   Data           4  timapp.o(.data.pa1_duty_renew.last_duty)
    [Anonymous Symbol]                       0x2000000c   Section        0  timapp.o(.data.pa1_duty_renew.last_duty)
    scheduler_run.tasks_num                  0x20000012   Data           1  scheduler.o(.data.scheduler_run.tasks_num)
    [Anonymous Symbol]                       0x20000012   Section        0  scheduler.o(.data.scheduler_run.tasks_num)
    TextColor                                0x20000078   Data           2  lcd.o(.bss.TextColor)
    [Anonymous Symbol]                       0x20000078   Section        0  lcd.o(.bss.TextColor)
    STACK                                    0x20000398   Section     1024  startup_stm32g431xx.o(STACK)

    Global Symbols

    Symbol Name                              Value     Ov Type        Size  Object(Section)

    BuildAttributes$$THM_ISAv4$E$P$D$K$B$S$7EM$VFPi3$EXTD16$VFPS$VFMA$PE$A:L22UL41UL21$X:L11$S22US41US21$IEEE1$IW$~IW$USESV6$~STKCKD$USESV7$~SHL$OSPACE$ROPI$EBA8$MICROLIB$REQ8$PRES8$EABIv2 0x00000000   Number         0  anon$$obj.o ABSOLUTE
    __cpp_initialize__aeabi_                  - Undefined Weak Reference
    __cxa_finalize                            - Undefined Weak Reference
    __decompress                              - Undefined Weak Reference
    _clock_init                               - Undefined Weak Reference
    _microlib_exit                            - Undefined Weak Reference
    __Vectors_Size                           0x000001d8   Number         0  startup_stm32g431xx.o ABSOLUTE
    __Vectors                                0x08000000   Data           4  startup_stm32g431xx.o(RESET)
    __Vectors_End                            0x080001d8   Data           0  startup_stm32g431xx.o(RESET)
    __main                                   0x080001d9   Thumb Code     0  entry.o(.ARM.Collect$$$$00000000)
    _main_stk                                0x080001d9   Thumb Code     0  entry2.o(.ARM.Collect$$$$00000001)
    _main_scatterload                        0x080001dd   Thumb Code     0  entry5.o(.ARM.Collect$$$$00000004)
    __main_after_scatterload                 0x080001e1   Thumb Code     0  entry5.o(.ARM.Collect$$$$00000004)
    _main_clock                              0x080001e1   Thumb Code     0  entry7b.o(.ARM.Collect$$$$00000008)
    _main_cpp_init                           0x080001e1   Thumb Code     0  entry8b.o(.ARM.Collect$$$$0000000A)
    _main_init                               0x080001e1   Thumb Code     0  entry9a.o(.ARM.Collect$$$$0000000B)
    __rt_final_cpp                           0x080001e9   Thumb Code     0  entry10a.o(.ARM.Collect$$$$0000000D)
    __rt_final_exit                          0x080001e9   Thumb Code     0  entry11a.o(.ARM.Collect$$$$0000000F)
    Reset_Handler                            0x080001ed   Thumb Code     8  startup_stm32g431xx.o(.text)
    ADC1_2_IRQHandler                        0x08000207   Thumb Code     0  startup_stm32g431xx.o(.text)
    COMP1_2_3_IRQHandler                     0x08000207   Thumb Code     0  startup_stm32g431xx.o(.text)
    COMP4_IRQHandler                         0x08000207   Thumb Code     0  startup_stm32g431xx.o(.text)
    CORDIC_IRQHandler                        0x08000207   Thumb Code     0  startup_stm32g431xx.o(.text)
    CRS_IRQHandler                           0x08000207   Thumb Code     0  startup_stm32g431xx.o(.text)
    DMA1_Channel3_IRQHandler                 0x08000207   Thumb Code     0  startup_stm32g431xx.o(.text)
    DMA1_Channel4_IRQHandler                 0x08000207   Thumb Code     0  startup_stm32g431xx.o(.text)
    DMA1_Channel5_IRQHandler                 0x08000207   Thumb Code     0  startup_stm32g431xx.o(.text)
    DMA1_Channel6_IRQHandler                 0x08000207   Thumb Code     0  startup_stm32g431xx.o(.text)
    DMA2_Channel1_IRQHandler                 0x08000207   Thumb Code     0  startup_stm32g431xx.o(.text)
    DMA2_Channel2_IRQHandler                 0x08000207   Thumb Code     0  startup_stm32g431xx.o(.text)
    DMA2_Channel3_IRQHandler                 0x08000207   Thumb Code     0  startup_stm32g431xx.o(.text)
    DMA2_Channel4_IRQHandler                 0x08000207   Thumb Code     0  startup_stm32g431xx.o(.text)
    DMA2_Channel5_IRQHandler                 0x08000207   Thumb Code     0  startup_stm32g431xx.o(.text)
    DMA2_Channel6_IRQHandler                 0x08000207   Thumb Code     0  startup_stm32g431xx.o(.text)
    DMAMUX_OVR_IRQHandler                    0x08000207   Thumb Code     0  startup_stm32g431xx.o(.text)
    EXTI0_IRQHandler                         0x08000207   Thumb Code     0  startup_stm32g431xx.o(.text)
    EXTI15_10_IRQHandler                     0x08000207   Thumb Code     0  startup_stm32g431xx.o(.text)
    EXTI1_IRQHandler                         0x08000207   Thumb Code     0  startup_stm32g431xx.o(.text)
    EXTI2_IRQHandler                         0x08000207   Thumb Code     0  startup_stm32g431xx.o(.text)
    EXTI3_IRQHandler                         0x08000207   Thumb Code     0  startup_stm32g431xx.o(.text)
    EXTI4_IRQHandler                         0x08000207   Thumb Code     0  startup_stm32g431xx.o(.text)
    EXTI9_5_IRQHandler                       0x08000207   Thumb Code     0  startup_stm32g431xx.o(.text)
    FDCAN1_IT0_IRQHandler                    0x08000207   Thumb Code     0  startup_stm32g431xx.o(.text)
    FDCAN1_IT1_IRQHandler                    0x08000207   Thumb Code     0  startup_stm32g431xx.o(.text)
    FLASH_IRQHandler                         0x08000207   Thumb Code     0  startup_stm32g431xx.o(.text)
    FMAC_IRQHandler                          0x08000207   Thumb Code     0  startup_stm32g431xx.o(.text)
    FPU_IRQHandler                           0x08000207   Thumb Code     0  startup_stm32g431xx.o(.text)
    I2C1_ER_IRQHandler                       0x08000207   Thumb Code     0  startup_stm32g431xx.o(.text)
    I2C1_EV_IRQHandler                       0x08000207   Thumb Code     0  startup_stm32g431xx.o(.text)
    I2C2_ER_IRQHandler                       0x08000207   Thumb Code     0  startup_stm32g431xx.o(.text)
    I2C2_EV_IRQHandler                       0x08000207   Thumb Code     0  startup_stm32g431xx.o(.text)
    I2C3_ER_IRQHandler                       0x08000207   Thumb Code     0  startup_stm32g431xx.o(.text)
    I2C3_EV_IRQHandler                       0x08000207   Thumb Code     0  startup_stm32g431xx.o(.text)
    LPTIM1_IRQHandler                        0x08000207   Thumb Code     0  startup_stm32g431xx.o(.text)
    LPUART1_IRQHandler                       0x08000207   Thumb Code     0  startup_stm32g431xx.o(.text)
    PVD_PVM_IRQHandler                       0x08000207   Thumb Code     0  startup_stm32g431xx.o(.text)
    RCC_IRQHandler                           0x08000207   Thumb Code     0  startup_stm32g431xx.o(.text)
    RNG_IRQHandler                           0x08000207   Thumb Code     0  startup_stm32g431xx.o(.text)
    RTC_Alarm_IRQHandler                     0x08000207   Thumb Code     0  startup_stm32g431xx.o(.text)
    RTC_TAMP_LSECSS_IRQHandler               0x08000207   Thumb Code     0  startup_stm32g431xx.o(.text)
    RTC_WKUP_IRQHandler                      0x08000207   Thumb Code     0  startup_stm32g431xx.o(.text)
    SAI1_IRQHandler                          0x08000207   Thumb Code     0  startup_stm32g431xx.o(.text)
    SPI1_IRQHandler                          0x08000207   Thumb Code     0  startup_stm32g431xx.o(.text)
    SPI2_IRQHandler                          0x08000207   Thumb Code     0  startup_stm32g431xx.o(.text)
    SPI3_IRQHandler                          0x08000207   Thumb Code     0  startup_stm32g431xx.o(.text)
    TIM1_BRK_TIM15_IRQHandler                0x08000207   Thumb Code     0  startup_stm32g431xx.o(.text)
    TIM1_CC_IRQHandler                       0x08000207   Thumb Code     0  startup_stm32g431xx.o(.text)
    TIM1_TRG_COM_TIM17_IRQHandler            0x08000207   Thumb Code     0  startup_stm32g431xx.o(.text)
    TIM1_UP_TIM16_IRQHandler                 0x08000207   Thumb Code     0  startup_stm32g431xx.o(.text)
    TIM2_IRQHandler                          0x08000207   Thumb Code     0  startup_stm32g431xx.o(.text)
    TIM3_IRQHandler                          0x08000207   Thumb Code     0  startup_stm32g431xx.o(.text)
    TIM4_IRQHandler                          0x08000207   Thumb Code     0  startup_stm32g431xx.o(.text)
    TIM8_BRK_IRQHandler                      0x08000207   Thumb Code     0  startup_stm32g431xx.o(.text)
    TIM8_CC_IRQHandler                       0x08000207   Thumb Code     0  startup_stm32g431xx.o(.text)
    TIM8_TRG_COM_IRQHandler                  0x08000207   Thumb Code     0  startup_stm32g431xx.o(.text)
    TIM8_UP_IRQHandler                       0x08000207   Thumb Code     0  startup_stm32g431xx.o(.text)
    UART4_IRQHandler                         0x08000207   Thumb Code     0  startup_stm32g431xx.o(.text)
    UCPD1_IRQHandler                         0x08000207   Thumb Code     0  startup_stm32g431xx.o(.text)
    USART1_IRQHandler                        0x08000207   Thumb Code     0  startup_stm32g431xx.o(.text)
    USART2_IRQHandler                        0x08000207   Thumb Code     0  startup_stm32g431xx.o(.text)
    USART3_IRQHandler                        0x08000207   Thumb Code     0  startup_stm32g431xx.o(.text)
    USBWakeUp_IRQHandler                     0x08000207   Thumb Code     0  startup_stm32g431xx.o(.text)
    USB_HP_IRQHandler                        0x08000207   Thumb Code     0  startup_stm32g431xx.o(.text)
    USB_LP_IRQHandler                        0x08000207   Thumb Code     0  startup_stm32g431xx.o(.text)
    WWDG_IRQHandler                          0x08000207   Thumb Code     0  startup_stm32g431xx.o(.text)
    __aeabi_memset                           0x08000211   Thumb Code    14  memseta.o(.text)
    __aeabi_memset4                          0x08000211   Thumb Code     0  memseta.o(.text)
    __aeabi_memset8                          0x08000211   Thumb Code     0  memseta.o(.text)
    __aeabi_memclr                           0x0800021f   Thumb Code     4  memseta.o(.text)
    __aeabi_memclr4                          0x0800021f   Thumb Code     0  memseta.o(.text)
    __aeabi_memclr8                          0x0800021f   Thumb Code     0  memseta.o(.text)
    _memset$wrapper                          0x08000223   Thumb Code    18  memseta.o(.text)
    __aeabi_dmul                             0x08000235   Thumb Code   228  dmul.o(.text)
    __aeabi_dcmple                           0x08000319   Thumb Code    54  dcmple.o(.text)
    __aeabi_f2d                              0x0800034f   Thumb Code    38  f2d.o(.text)
    __aeabi_uidiv                            0x08000375   Thumb Code     0  uidiv.o(.text)
    __aeabi_uidivmod                         0x08000375   Thumb Code    44  uidiv.o(.text)
    __aeabi_uldivmod                         0x080003a1   Thumb Code    98  uldiv.o(.text)
    __I$use$fp                               0x08000403   Thumb Code     0  iusefp.o(.text)
    _double_round                            0x08000403   Thumb Code    30  depilogue.o(.text)
    _double_epilogue                         0x08000421   Thumb Code   156  depilogue.o(.text)
    __aeabi_dadd                             0x080004bd   Thumb Code   322  dadd.o(.text)
    __aeabi_dsub                             0x080005ff   Thumb Code     6  dadd.o(.text)
    __aeabi_drsub                            0x08000605   Thumb Code     6  dadd.o(.text)
    __aeabi_ddiv                             0x0800060b   Thumb Code   222  ddiv.o(.text)
    __aeabi_d2ulz                            0x080006e9   Thumb Code    48  dfixul.o(.text)
    __aeabi_cdrcmple                         0x08000719   Thumb Code    48  cdrcmple.o(.text)
    __scatterload                            0x08000749   Thumb Code    38  init.o(.text)
    __scatterload_rt2                        0x08000749   Thumb Code     0  init.o(.text)
    __aeabi_llsl                             0x08000779   Thumb Code    30  llshl.o(.text)
    _ll_shift_l                              0x08000779   Thumb Code     0  llshl.o(.text)
    __aeabi_llsr                             0x08000797   Thumb Code    32  llushr.o(.text)
    _ll_ushift_r                             0x08000797   Thumb Code     0  llushr.o(.text)
    __aeabi_lasr                             0x080007b7   Thumb Code    36  llsshr.o(.text)
    _ll_sshift_r                             0x080007b7   Thumb Code     0  llsshr.o(.text)
    ADC_DMAConvCplt                          0x080007dd   Thumb Code   212  stm32g4xx_hal_adc.o(.text.ADC_DMAConvCplt)
    ADC_DMAError                             0x080008b1   Thumb Code    42  stm32g4xx_hal_adc.o(.text.ADC_DMAError)
    ADC_DMAHalfConvCplt                      0x080008dd   Thumb Code    22  stm32g4xx_hal_adc.o(.text.ADC_DMAHalfConvCplt)
    ADC_Disable                              0x080008f5   Thumb Code   196  stm32g4xx_hal_adc.o(.text.ADC_Disable)
    ADC_Enable                               0x080009b9   Thumb Code   272  stm32g4xx_hal_adc.o(.text.ADC_Enable)
    BusFault_Handler                         0x08000ac9   Thumb Code     4  stm32g4xx_it.o(.text.BusFault_Handler)
    DMA1_Channel1_IRQHandler                 0x08000acd   Thumb Code    16  stm32g4xx_it.o(.text.DMA1_Channel1_IRQHandler)
    DMA1_Channel2_IRQHandler                 0x08000add   Thumb Code    16  stm32g4xx_it.o(.text.DMA1_Channel2_IRQHandler)
    DebugMon_Handler                         0x08000c0d   Thumb Code     2  stm32g4xx_it.o(.text.DebugMon_Handler)
    Delay_LCD                                0x08000c11   Thumb Code    82  lcd.o(.text.Delay_LCD)
    Error_Handler                            0x08000c65   Thumb Code    14  main.o(.text.Error_Handler)
    HAL_ADCEx_Calibration_Start              0x08000c75   Thumb Code   224  stm32g4xx_hal_adc_ex.o(.text.HAL_ADCEx_Calibration_Start)
    HAL_ADC_ConfigChannel                    0x08000d55   Thumb Code  2024  stm32g4xx_hal_adc.o(.text.HAL_ADC_ConfigChannel)
    HAL_ADC_ConvCpltCallback                 0x0800153d   Thumb Code     8  stm32g4xx_hal_adc.o(.text.HAL_ADC_ConvCpltCallback)
    HAL_ADC_ConvHalfCpltCallback             0x08001545   Thumb Code     8  stm32g4xx_hal_adc.o(.text.HAL_ADC_ConvHalfCpltCallback)
    HAL_ADC_ErrorCallback                    0x0800154d   Thumb Code     8  stm32g4xx_hal_adc.o(.text.HAL_ADC_ErrorCallback)
    HAL_ADC_Init                             0x08001555   Thumb Code   792  stm32g4xx_hal_adc.o(.text.HAL_ADC_Init)
    HAL_ADC_MspInit                          0x0800186d   Thumb Code   220  adc.o(.text.HAL_ADC_MspInit)
    HAL_ADC_Start_DMA                        0x08001949   Thumb Code   412  stm32g4xx_hal_adc.o(.text.HAL_ADC_Start_DMA)
    HAL_DMA_IRQHandler                       0x08001ae5   Thumb Code   342  stm32g4xx_hal_dma.o(.text.HAL_DMA_IRQHandler)
    HAL_DMA_Init                             0x08001c3d   Thumb Code   342  stm32g4xx_hal_dma.o(.text.HAL_DMA_Init)
    HAL_DMA_Start_IT                         0x08001d95   Thumb Code   252  stm32g4xx_hal_dma.o(.text.HAL_DMA_Start_IT)
    HAL_Delay                                0x08001e91   Thumb Code    66  stm32g4xx_hal.o(.text.HAL_Delay)
    HAL_GPIO_Init                            0x08001ed5   Thumb Code   872  stm32g4xx_hal_gpio.o(.text.HAL_GPIO_Init)
    HAL_GPIO_ReadPin                         0x0800223d   Thumb Code    46  stm32g4xx_hal_gpio.o(.text.HAL_GPIO_ReadPin)
    HAL_GPIO_WritePin                        0x0800226d   Thumb Code    44  stm32g4xx_hal_gpio.o(.text.HAL_GPIO_WritePin)
    HAL_GetTick                              0x08002299   Thumb Code    12  stm32g4xx_hal.o(.text.HAL_GetTick)
    HAL_IncTick                              0x080022a5   Thumb Code    26  stm32g4xx_hal.o(.text.HAL_IncTick)
    HAL_Init                                 0x080022c1   Thumb Code    50  stm32g4xx_hal.o(.text.HAL_Init)
    HAL_InitTick                             0x080022f5   Thumb Code   136  stm32g4xx_hal.o(.text.HAL_InitTick)
    HAL_MspInit                              0x0800237d   Thumb Code    72  stm32g4xx_hal_msp.o(.text.HAL_MspInit)
    HAL_NVIC_EnableIRQ                       0x080023c5   Thumb Code    20  stm32g4xx_hal_cortex.o(.text.HAL_NVIC_EnableIRQ)
    HAL_NVIC_SetPriority                     0x080023d9   Thumb Code    46  stm32g4xx_hal_cortex.o(.text.HAL_NVIC_SetPriority)
    HAL_NVIC_SetPriorityGrouping             0x08002409   Thumb Code    16  stm32g4xx_hal_cortex.o(.text.HAL_NVIC_SetPriorityGrouping)
    HAL_PWREx_ControlVoltageScaling          0x08002419   Thumb Code   436  stm32g4xx_hal_pwr_ex.o(.text.HAL_PWREx_ControlVoltageScaling)
    HAL_PWREx_DisableUCPDDeadBattery         0x080025cd   Thumb Code    18  stm32g4xx_hal_pwr_ex.o(.text.HAL_PWREx_DisableUCPDDeadBattery)
    HAL_RCCEx_PeriphCLKConfig                0x080025e1   Thumb Code  1114  stm32g4xx_hal_rcc_ex.o(.text.HAL_RCCEx_PeriphCLKConfig)
    HAL_RCC_ClockConfig                      0x08002a3d   Thumb Code   806  stm32g4xx_hal_rcc.o(.text.HAL_RCC_ClockConfig)
    HAL_RCC_GetSysClockFreq                  0x08002d65   Thumb Code   252  stm32g4xx_hal_rcc.o(.text.HAL_RCC_GetSysClockFreq)
    HAL_RCC_OscConfig                        0x08002e61   Thumb Code  1974  stm32g4xx_hal_rcc.o(.text.HAL_RCC_OscConfig)
    HAL_SYSTICK_Config                       0x08003619   Thumb Code    16  stm32g4xx_hal_cortex.o(.text.HAL_SYSTICK_Config)
    HAL_TIMEx_Break2Callback                 0x08003629   Thumb Code     8  stm32g4xx_hal_tim_ex.o(.text.HAL_TIMEx_Break2Callback)
    HAL_TIMEx_BreakCallback                  0x08003631   Thumb Code     8  stm32g4xx_hal_tim_ex.o(.text.HAL_TIMEx_BreakCallback)
    HAL_TIMEx_CommutCallback                 0x08003639   Thumb Code     8  stm32g4xx_hal_tim_ex.o(.text.HAL_TIMEx_CommutCallback)
    HAL_TIMEx_DirectionChangeCallback        0x08003641   Thumb Code     8  stm32g4xx_hal_tim_ex.o(.text.HAL_TIMEx_DirectionChangeCallback)
    HAL_TIMEx_EncoderIndexCallback           0x08003649   Thumb Code     8  stm32g4xx_hal_tim_ex.o(.text.HAL_TIMEx_EncoderIndexCallback)
    HAL_TIMEx_IndexErrorCallback             0x08003651   Thumb Code     8  stm32g4xx_hal_tim_ex.o(.text.HAL_TIMEx_IndexErrorCallback)
    HAL_TIMEx_MasterConfigSynchronization    0x08003659   Thumb Code   318  stm32g4xx_hal_tim_ex.o(.text.HAL_TIMEx_MasterConfigSynchronization)
    HAL_TIMEx_TransitionErrorCallback        0x08003799   Thumb Code     8  stm32g4xx_hal_tim_ex.o(.text.HAL_TIMEx_TransitionErrorCallback)
    HAL_TIM_Base_Init                        0x080037a1   Thumb Code   168  stm32g4xx_hal_tim.o(.text.HAL_TIM_Base_Init)
    HAL_TIM_Base_MspInit                     0x08003849   Thumb Code   402  tim.o(.text.HAL_TIM_Base_MspInit)
    HAL_TIM_Base_Start_IT                    0x080039dd   Thumb Code   226  stm32g4xx_hal_tim.o(.text.HAL_TIM_Base_Start_IT)
    HAL_TIM_Base_Stop_IT                     0x08003ac1   Thumb Code    82  stm32g4xx_hal_tim.o(.text.HAL_TIM_Base_Stop_IT)
    HAL_TIM_ConfigClockSource                0x08003b15   Thumb Code   468  stm32g4xx_hal_tim.o(.text.HAL_TIM_ConfigClockSource)
    HAL_TIM_ErrorCallback                    0x08003ce9   Thumb Code     8  stm32g4xx_hal_tim.o(.text.HAL_TIM_ErrorCallback)
    HAL_TIM_IC_CaptureCallback               0x08003cf1   Thumb Code     8  stm32g4xx_hal_tim.o(.text.HAL_TIM_IC_CaptureCallback)
    HAL_TIM_IC_CaptureHalfCpltCallback       0x08003cf9   Thumb Code     8  stm32g4xx_hal_tim.o(.text.HAL_TIM_IC_CaptureHalfCpltCallback)
    HAL_TIM_IC_ConfigChannel                 0x08003d01   Thumb Code   304  stm32g4xx_hal_tim.o(.text.HAL_TIM_IC_ConfigChannel)
    HAL_TIM_IC_Init                          0x08003e31   Thumb Code   168  stm32g4xx_hal_tim.o(.text.HAL_TIM_IC_Init)
    HAL_TIM_IC_MspInit                       0x08003ed9   Thumb Code     8  stm32g4xx_hal_tim.o(.text.HAL_TIM_IC_MspInit)
    HAL_TIM_IC_Start_DMA                     0x08003ee1   Thumb Code  1098  stm32g4xx_hal_tim.o(.text.HAL_TIM_IC_Start_DMA)
    HAL_TIM_IRQHandler                       0x0800432d   Thumb Code   768  stm32g4xx_hal_tim.o(.text.HAL_TIM_IRQHandler)
    HAL_TIM_MspPostInit                      0x0800462d   Thumb Code    92  tim.o(.text.HAL_TIM_MspPostInit)
    HAL_TIM_OC_DelayElapsedCallback          0x08004689   Thumb Code     8  stm32g4xx_hal_tim.o(.text.HAL_TIM_OC_DelayElapsedCallback)
    HAL_TIM_PWM_ConfigChannel                0x08004691   Thumb Code   432  stm32g4xx_hal_tim.o(.text.HAL_TIM_PWM_ConfigChannel)
    HAL_TIM_PWM_Init                         0x08004841   Thumb Code   168  stm32g4xx_hal_tim.o(.text.HAL_TIM_PWM_Init)
    HAL_TIM_PWM_MspInit                      0x080048e9   Thumb Code     8  stm32g4xx_hal_tim.o(.text.HAL_TIM_PWM_MspInit)
    HAL_TIM_PWM_PulseFinishedCallback        0x080048f1   Thumb Code     8  stm32g4xx_hal_tim.o(.text.HAL_TIM_PWM_PulseFinishedCallback)
    HAL_TIM_PWM_Start                        0x080048f9   Thumb Code   606  stm32g4xx_hal_tim.o(.text.HAL_TIM_PWM_Start)
    HAL_TIM_PeriodElapsedCallback            0x08004b59   Thumb Code   362  timapp.o(.text.HAL_TIM_PeriodElapsedCallback)
    HAL_TIM_SlaveConfigSynchro               0x08004cc5   Thumb Code   150  stm32g4xx_hal_tim.o(.text.HAL_TIM_SlaveConfigSynchro)
    HAL_TIM_TriggerCallback                  0x08004d5d   Thumb Code     8  stm32g4xx_hal_tim.o(.text.HAL_TIM_TriggerCallback)
    HardFault_Handler                        0x08004d65   Thumb Code     4  stm32g4xx_it.o(.text.HardFault_Handler)
    LCD_BusIn                                0x08004d69   Thumb Code    48  lcd.o(.text.LCD_BusIn)
    LCD_BusOut                               0x08004d99   Thumb Code    50  lcd.o(.text.LCD_BusOut)
    LCD_Clear                                0x08004dcd   Thumb Code    62  lcd.o(.text.LCD_Clear)
    LCD_CtrlLinesConfig                      0x08004e0d   Thumb Code   214  lcd.o(.text.LCD_CtrlLinesConfig)
    LCD_DisplayChar                          0x08004ee5   Thumb Code    62  lcd.o(.text.LCD_DisplayChar)
    LCD_DisplayStringLine                    0x08004f25   Thumb Code   102  lcd.o(.text.LCD_DisplayStringLine)
    LCD_DrawChar                             0x08004f8d   Thumb Code   174  lcd.o(.text.LCD_DrawChar)
    LCD_Init                                 0x0800503d   Thumb Code    66  lcd.o(.text.LCD_Init)
    LCD_ReadReg                              0x08005081   Thumb Code   168  lcd.o(.text.LCD_ReadReg)
    LCD_SetBackColor                         0x08005129   Thumb Code    24  lcd.o(.text.LCD_SetBackColor)
    LCD_SetCursor                            0x08005141   Thumb Code    36  lcd.o(.text.LCD_SetCursor)
    LCD_SetTextColor                         0x08005165   Thumb Code    24  lcd.o(.text.LCD_SetTextColor)
    LCD_WriteRAM                             0x0800517d   Thumb Code   108  lcd.o(.text.LCD_WriteRAM)
    LCD_WriteRAM_Prepare                     0x080051e9   Thumb Code    98  lcd.o(.text.LCD_WriteRAM_Prepare)
    LCD_WriteReg                             0x0800524d   Thumb Code   134  lcd.o(.text.LCD_WriteReg)
    MX_ADC2_Init                             0x08005601   Thumb Code   158  adc.o(.text.MX_ADC2_Init)
    MX_DMA_Init                              0x080056a1   Thumb Code   106  dma.o(.text.MX_DMA_Init)
    MX_GPIO_Init                             0x0800570d   Thumb Code   310  gpio.o(.text.MX_GPIO_Init)
    MX_TIM2_Init                             0x08005845   Thumb Code   218  tim.o(.text.MX_TIM2_Init)
    MX_TIM3_Init                             0x08005921   Thumb Code   250  tim.o(.text.MX_TIM3_Init)
    MX_TIM6_Init                             0x08005a1d   Thumb Code    90  tim.o(.text.MX_TIM6_Init)
    MX_TIM7_Init                             0x08005a79   Thumb Code    92  tim.o(.text.MX_TIM7_Init)
    MemManage_Handler                        0x08005ad5   Thumb Code     4  stm32g4xx_it.o(.text.MemManage_Handler)
    NMI_Handler                              0x08005ad9   Thumb Code     4  stm32g4xx_it.o(.text.NMI_Handler)
    PendSV_Handler                           0x08005b49   Thumb Code     2  stm32g4xx_it.o(.text.PendSV_Handler)
    REG_8230_Init                            0x08005be9   Thumb Code   286  lcd.o(.text.REG_8230_Init)
    REG_932X_Init                            0x08005d09   Thumb Code   540  lcd.o(.text.REG_932X_Init)
    SVC_Handler                              0x08005f25   Thumb Code     2  stm32g4xx_it.o(.text.SVC_Handler)
    SysTick_Handler                          0x08005f7d   Thumb Code     8  stm32g4xx_it.o(.text.SysTick_Handler)
    SystemClock_Config                       0x08005f85   Thumb Code   154  main.o(.text.SystemClock_Config)
    SystemInit                               0x08006021   Thumb Code    18  system_stm32g4xx.o(.text.SystemInit)
    TIM6_DAC_IRQHandler                      0x08006035   Thumb Code    16  stm32g4xx_it.o(.text.TIM6_DAC_IRQHandler)
    TIM7_IRQHandler                          0x08006045   Thumb Code    16  stm32g4xx_it.o(.text.TIM7_IRQHandler)
    TIM_Base_SetConfig                       0x08006055   Thumb Code   406  stm32g4xx_hal_tim.o(.text.TIM_Base_SetConfig)
    TIM_CCxChannelCmd                        0x080061ed   Thumb Code    54  stm32g4xx_hal_tim.o(.text.TIM_CCxChannelCmd)
    TIM_DMACaptureCplt                       0x08006225   Thumb Code   212  stm32g4xx_hal_tim.o(.text.TIM_DMACaptureCplt)
    TIM_DMACaptureHalfCplt                   0x080062f9   Thumb Code   116  stm32g4xx_hal_tim.o(.text.TIM_DMACaptureHalfCplt)
    TIM_DMAError                             0x0800636d   Thumb Code   154  stm32g4xx_hal_tim.o(.text.TIM_DMAError)
    TIM_ETR_SetConfig                        0x08006409   Thumb Code    52  stm32g4xx_hal_tim.o(.text.TIM_ETR_SetConfig)
    TIM_OC2_SetConfig                        0x080065c1   Thumb Code   368  stm32g4xx_hal_tim.o(.text.TIM_OC2_SetConfig)
    TIM_TI1_SetConfig                        0x08006d91   Thumb Code   240  stm32g4xx_hal_tim.o(.text.TIM_TI1_SetConfig)
    UsageFault_Handler                       0x08007019   Thumb Code     4  stm32g4xx_it.o(.text.UsageFault_Handler)
    adc_init                                 0x080070dd   Thumb Code    40  adcapp.o(.text.adc_init)
    adc_proc                                 0x08007105   Thumb Code   264  adcapp.o(.text.adc_proc)
    ic_proc                                  0x08007219   Thumb Code   704  timapp.o(.text.ic_proc)
    key_proc                                 0x080074f1   Thumb Code   960  keyapp.o(.text.key_proc)
    lcd_disp                                 0x080078b1   Thumb Code    54  lcdapp.o(.text.lcd_disp)
    lcd_init                                 0x080078e9   Thumb Code    34  lcdapp.o(.text.lcd_init)
    lcd_proc                                 0x0800790d   Thumb Code   392  lcdapp.o(.text.lcd_proc)
    led_renew                                0x08007a99   Thumb Code    82  ledapp.o(.text.led_renew)
    main                                     0x08007aed   Thumb Code    68  main.o(.text.main)
    pa1_duty_renew                           0x08007b31   Thumb Code   144  timapp.o(.text.pa1_duty_renew)
    pa1_freq_renew                           0x08007bd5   Thumb Code    38  timapp.o(.text.pa1_freq_renew)
    scheduler_run                            0x08007bfd   Thumb Code   144  scheduler.o(.text.scheduler_run)
    tims_init                                0x08007c8d   Thumb Code    80  timapp.o(.text.tims_init)
    __0vsprintf                              0x08007cdd   Thumb Code    30  printfa.o(i.__0vsprintf)
    __1vsprintf                              0x08007cdd   Thumb Code     0  printfa.o(i.__0vsprintf)
    __2vsprintf                              0x08007cdd   Thumb Code     0  printfa.o(i.__0vsprintf)
    __c89vsprintf                            0x08007cdd   Thumb Code     0  printfa.o(i.__0vsprintf)
    vsprintf                                 0x08007cdd   Thumb Code     0  printfa.o(i.__0vsprintf)
    __scatterload_copy                       0x08007d01   Thumb Code    14  handlers.o(i.__scatterload_copy)
    __scatterload_null                       0x08007d0f   Thumb Code     2  handlers.o(i.__scatterload_null)
    __scatterload_zeroinit                   0x08007d11   Thumb Code    14  handlers.o(i.__scatterload_zeroinit)
    AHBPrescTable                            0x080085dc   Data          16  system_stm32g4xx.o(.rodata.AHBPrescTable)
    ASCII_Table                              0x080085ec   Data        4560  lcd.o(.rodata.ASCII_Table)
    Region$$Table$$Base                      0x08009878   Number         0  anon$$obj.o(Region$$Table)
    Region$$Table$$Limit                     0x08009898   Number         0  anon$$obj.o(Region$$Table)
    SystemCoreClock                          0x20000004   Data           4  system_stm32g4xx.o(.data.SystemCoreClock)
    freq_pa1                                 0x20000008   Data           2  timapp.o(.data.freq_pa1)
    k_value                                  0x2000000a   Data           1  timapp.o(.data.k_value)
    k_value_show                             0x2000000b   Data           1  timapp.o(.data.k_value_show)
    r_value                                  0x20000010   Data           1  timapp.o(.data.r_value)
    r_value_show                             0x20000011   Data           1  timapp.o(.data.r_value_show)
    tasks                                    0x20000014   Data          48  scheduler.o(.data.tasks)
    tim3_ch2_buffer                          0x20000044   Data          40  timapp.o(.data.tim3_ch2_buffer)
    ucled                                    0x2000006c   Data           1  ledapp.o(.data.ucled)
    uwTickFreq                               0x20000070   Data           4  stm32g4xx_hal.o(.data.uwTickFreq)
    uwTickPrio                               0x20000074   Data           4  stm32g4xx_hal.o(.data.uwTickPrio)
    adc_buffer                               0x2000007c   Data         120  adcapp.o(.bss.adc_buffer)
    adc_value                                0x200000f4   Data           4  adcapp.o(.bss.adc_value)
    count_led2                               0x200000f8   Data           1  timapp.o(.bss.count_led2)
    dummy                                    0x200000fa   Data           2  lcd.o(.bss.dummy)
    duty_lock                                0x200000fc   Data           1  keyapp.o(.bss.duty_lock)
    duty_value                               0x20000100   Data           4  adcapp.o(.bss.duty_value)
    freq_pa7                                 0x20000104   Data           4  timapp.o(.bss.freq_pa7)
    hadc2                                    0x20000108   Data         108  adc.o(.bss.hadc2)
    hdma_adc2                                0x20000174   Data          96  adc.o(.bss.hdma_adc2)
    hdma_tim3_ch2                            0x200001d4   Data          96  tim.o(.bss.hdma_tim3_ch2)
    htim2                                    0x20000234   Data          76  tim.o(.bss.htim2)
    htim3                                    0x20000280   Data          76  tim.o(.bss.htim3)
    htim6                                    0x200002cc   Data          76  tim.o(.bss.htim6)
    htim7                                    0x20000318   Data          76  tim.o(.bss.htim7)
    key4down                                 0x20000364   Data           1  keyapp.o(.bss.key4down)
    key4tick                                 0x20000368   Data           4  keyapp.o(.bss.key4tick)
    key_down                                 0x2000036c   Data           1  keyapp.o(.bss.key_down)
    key_old                                  0x2000036d   Data           1  keyapp.o(.bss.key_old)
    key_up                                   0x2000036e   Data           1  keyapp.o(.bss.key_up)
    key_val                                  0x2000036f   Data           1  keyapp.o(.bss.key_val)
    lcd_view                                 0x20000370   Data           1  lcdapp.o(.bss.lcd_view)
    mh_buffer                                0x20000374   Data           4  timapp.o(.bss.mh_buffer)
    mh_tick                                  0x20000378   Data           4  timapp.o(.bss.mh_tick)
    mh_value                                 0x2000037c   Data           4  lcdapp.o(.bss.mh_value)
    ml_buffer                                0x20000380   Data           4  timapp.o(.bss.ml_buffer)
    ml_tick                                  0x20000384   Data           4  timapp.o(.bss.ml_tick)
    ml_value                                 0x20000388   Data           4  lcdapp.o(.bss.ml_value)
    mode                                     0x2000038c   Data           1  lcdapp.o(.bss.mode)
    n_value                                  0x2000038d   Data           1  lcdapp.o(.bss.n_value)
    set_obj                                  0x2000038e   Data           1  keyapp.o(.bss.set_obj)
    tf_state                                 0x2000038f   Data           1  keyapp.o(.bss.tf_state)
    uwTick                                   0x20000390   Data           4  stm32g4xx_hal.o(.bss.uwTick)
    v_value                                  0x20000394   Data           4  timapp.o(.bss.v_value)
    __initial_sp                             0x20000798   Data           0  startup_stm32g431xx.o(STACK)



==============================================================================

Memory Map of the image

  Image Entry point : 0x080001d9

  Load Region LR_IROM1 (Base: 0x08000000, Size: 0x00009910, Max: 0x00020000, ABSOLUTE)

    Execution Region ER_IROM1 (Exec base: 0x08000000, Load base: 0x08000000, Size: 0x00009898, Max: 0x00020000, ABSOLUTE)

    Exec Addr    Load Addr    Size         Type   Attr      Idx    E Section Name        Object

    0x08000000   0x08000000   0x000001d8   Data   RO            3    RESET               startup_stm32g431xx.o
    0x080001d8   0x080001d8   0x00000000   Code   RO         1530  * .ARM.Collect$$$$00000000  mc_w.l(entry.o)
    0x080001d8   0x080001d8   0x00000004   Code   RO         1569    .ARM.Collect$$$$00000001  mc_w.l(entry2.o)
    0x080001dc   0x080001dc   0x00000004   Code   RO         1572    .ARM.Collect$$$$00000004  mc_w.l(entry5.o)
    0x080001e0   0x080001e0   0x00000000   Code   RO         1574    .ARM.Collect$$$$00000008  mc_w.l(entry7b.o)
    0x080001e0   0x080001e0   0x00000000   Code   RO         1576    .ARM.Collect$$$$0000000A  mc_w.l(entry8b.o)
    0x080001e0   0x080001e0   0x00000008   Code   RO         1577    .ARM.Collect$$$$0000000B  mc_w.l(entry9a.o)
    0x080001e8   0x080001e8   0x00000000   Code   RO         1579    .ARM.Collect$$$$0000000D  mc_w.l(entry10a.o)
    0x080001e8   0x080001e8   0x00000000   Code   RO         1581    .ARM.Collect$$$$0000000F  mc_w.l(entry11a.o)
    0x080001e8   0x080001e8   0x00000004   Code   RO         1570    .ARM.Collect$$$$00002712  mc_w.l(entry2.o)
    0x080001ec   0x080001ec   0x00000024   Code   RO            4    .text               startup_stm32g431xx.o
    0x08000210   0x08000210   0x00000024   Code   RO         1533    .text               mc_w.l(memseta.o)
    0x08000234   0x08000234   0x000000e4   Code   RO         1563    .text               mf_w.l(dmul.o)
    0x08000318   0x08000318   0x00000036   Code   RO         1565    .text               mf_w.l(dcmple.o)
    0x0800034e   0x0800034e   0x00000026   Code   RO         1567    .text               mf_w.l(f2d.o)
    0x08000374   0x08000374   0x0000002c   Code   RO         1597    .text               mc_w.l(uidiv.o)
    0x080003a0   0x080003a0   0x00000062   Code   RO         1599    .text               mc_w.l(uldiv.o)
    0x08000402   0x08000402   0x00000000   Code   RO         1601    .text               mc_w.l(iusefp.o)
    0x08000402   0x08000402   0x000000ba   Code   RO         1602    .text               mf_w.l(depilogue.o)
    0x080004bc   0x080004bc   0x0000014e   Code   RO         1604    .text               mf_w.l(dadd.o)
    0x0800060a   0x0800060a   0x000000de   Code   RO         1606    .text               mf_w.l(ddiv.o)
    0x080006e8   0x080006e8   0x00000030   Code   RO         1608    .text               mf_w.l(dfixul.o)
    0x08000718   0x08000718   0x00000030   Code   RO         1610    .text               mf_w.l(cdrcmple.o)
    0x08000748   0x08000748   0x00000030   Code   RO         1612    .text               mc_w.l(init.o)
    0x08000778   0x08000778   0x0000001e   Code   RO         1615    .text               mc_w.l(llshl.o)
    0x08000796   0x08000796   0x00000020   Code   RO         1617    .text               mc_w.l(llushr.o)
    0x080007b6   0x080007b6   0x00000024   Code   RO         1619    .text               mc_w.l(llsshr.o)
    0x080007da   0x080007da   0x00000002   PAD
    0x080007dc   0x080007dc   0x000000d4   Code   RO          175    .text.ADC_DMAConvCplt  stm32g4xx_hal_adc.o
    0x080008b0   0x080008b0   0x0000002a   Code   RO          179    .text.ADC_DMAError  stm32g4xx_hal_adc.o
    0x080008da   0x080008da   0x00000002   PAD
    0x080008dc   0x080008dc   0x00000016   Code   RO          177    .text.ADC_DMAHalfConvCplt  stm32g4xx_hal_adc.o
    0x080008f2   0x080008f2   0x00000002   PAD
    0x080008f4   0x080008f4   0x000000c4   Code   RO          147    .text.ADC_Disable   stm32g4xx_hal_adc.o
    0x080009b8   0x080009b8   0x00000110   Code   RO          155    .text.ADC_Enable    stm32g4xx_hal_adc.o
    0x08000ac8   0x08000ac8   0x00000004   Code   RO           88    .text.BusFault_Handler  stm32g4xx_it.o
    0x08000acc   0x08000acc   0x00000010   Code   RO          100    .text.DMA1_Channel1_IRQHandler  stm32g4xx_it.o
    0x08000adc   0x08000adc   0x00000010   Code   RO          102    .text.DMA1_Channel2_IRQHandler  stm32g4xx_it.o
    0x08000aec   0x08000aec   0x00000074   Code   RO          702    .text.DMA_CalcDMAMUXChannelBaseAndMask  stm32g4xx_hal_dma.o
    0x08000b60   0x08000b60   0x0000003c   Code   RO          704    .text.DMA_CalcDMAMUXRequestGenBaseAndMask  stm32g4xx_hal_dma.o
    0x08000b9c   0x08000b9c   0x0000006e   Code   RO          710    .text.DMA_SetConfig  stm32g4xx_hal_dma.o
    0x08000c0a   0x08000c0a   0x00000002   PAD
    0x08000c0c   0x08000c0c   0x00000002   Code   RO           94    .text.DebugMon_Handler  stm32g4xx_it.o
    0x08000c0e   0x08000c0e   0x00000002   PAD
    0x08000c10   0x08000c10   0x00000052   Code   RO         1357    .text.Delay_LCD     lcd.o
    0x08000c62   0x08000c62   0x00000002   PAD
    0x08000c64   0x08000c64   0x0000000e   Code   RO           15    .text.Error_Handler  main.o
    0x08000c72   0x08000c72   0x00000002   PAD
    0x08000c74   0x08000c74   0x000000e0   Code   RO          270    .text.HAL_ADCEx_Calibration_Start  stm32g4xx_hal_adc_ex.o
    0x08000d54   0x08000d54   0x000007e8   Code   RO          201    .text.HAL_ADC_ConfigChannel  stm32g4xx_hal_adc.o
    0x0800153c   0x0800153c   0x00000008   Code   RO          191    .text.HAL_ADC_ConvCpltCallback  stm32g4xx_hal_adc.o
    0x08001544   0x08001544   0x00000008   Code   RO          199    .text.HAL_ADC_ConvHalfCpltCallback  stm32g4xx_hal_adc.o
    0x0800154c   0x0800154c   0x00000008   Code   RO          197    .text.HAL_ADC_ErrorCallback  stm32g4xx_hal_adc.o
    0x08001554   0x08001554   0x00000318   Code   RO          123    .text.HAL_ADC_Init  stm32g4xx_hal_adc.o
    0x0800186c   0x0800186c   0x000000dc   Code   RO           35    .text.HAL_ADC_MspInit  adc.o
    0x08001948   0x08001948   0x0000019c   Code   RO          173    .text.HAL_ADC_Start_DMA  stm32g4xx_hal_adc.o
    0x08001ae4   0x08001ae4   0x00000156   Code   RO          720    .text.HAL_DMA_IRQHandler  stm32g4xx_hal_dma.o
    0x08001c3a   0x08001c3a   0x00000002   PAD
    0x08001c3c   0x08001c3c   0x00000156   Code   RO          700    .text.HAL_DMA_Init  stm32g4xx_hal_dma.o
    0x08001d92   0x08001d92   0x00000002   PAD
    0x08001d94   0x08001d94   0x000000fc   Code   RO          712    .text.HAL_DMA_Start_IT  stm32g4xx_hal_dma.o
    0x08001e90   0x08001e90   0x00000042   Code   RO          404    .text.HAL_Delay     stm32g4xx_hal.o
    0x08001ed2   0x08001ed2   0x00000002   PAD
    0x08001ed4   0x08001ed4   0x00000368   Code   RO          652    .text.HAL_GPIO_Init  stm32g4xx_hal_gpio.o
    0x0800223c   0x0800223c   0x0000002e   Code   RO          656    .text.HAL_GPIO_ReadPin  stm32g4xx_hal_gpio.o
    0x0800226a   0x0800226a   0x00000002   PAD
    0x0800226c   0x0800226c   0x0000002c   Code   RO          658    .text.HAL_GPIO_WritePin  stm32g4xx_hal_gpio.o
    0x08002298   0x08002298   0x0000000c   Code   RO          396    .text.HAL_GetTick   stm32g4xx_hal.o
    0x080022a4   0x080022a4   0x0000001a   Code   RO          394    .text.HAL_IncTick   stm32g4xx_hal.o
    0x080022be   0x080022be   0x00000002   PAD
    0x080022c0   0x080022c0   0x00000032   Code   RO          384    .text.HAL_Init      stm32g4xx_hal.o
    0x080022f2   0x080022f2   0x00000002   PAD
    0x080022f4   0x080022f4   0x00000088   Code   RO          386    .text.HAL_InitTick  stm32g4xx_hal.o
    0x0800237c   0x0800237c   0x00000048   Code   RO          115    .text.HAL_MspInit   stm32g4xx_hal_msp.o
    0x080023c4   0x080023c4   0x00000014   Code   RO          886    .text.HAL_NVIC_EnableIRQ  stm32g4xx_hal_cortex.o
    0x080023d8   0x080023d8   0x0000002e   Code   RO          878    .text.HAL_NVIC_SetPriority  stm32g4xx_hal_cortex.o
    0x08002406   0x08002406   0x00000002   PAD
    0x08002408   0x08002408   0x00000010   Code   RO          874    .text.HAL_NVIC_SetPriorityGrouping  stm32g4xx_hal_cortex.o
    0x08002418   0x08002418   0x000001b4   Code   RO          795    .text.HAL_PWREx_ControlVoltageScaling  stm32g4xx_hal_pwr_ex.o
    0x080025cc   0x080025cc   0x00000012   Code   RO          865    .text.HAL_PWREx_DisableUCPDDeadBattery  stm32g4xx_hal_pwr_ex.o
    0x080025de   0x080025de   0x00000002   PAD
    0x080025e0   0x080025e0   0x0000045a   Code   RO          509    .text.HAL_RCCEx_PeriphCLKConfig  stm32g4xx_hal_rcc_ex.o
    0x08002a3a   0x08002a3a   0x00000002   PAD
    0x08002a3c   0x08002a3c   0x00000326   Code   RO          474    .text.HAL_RCC_ClockConfig  stm32g4xx_hal_rcc.o
    0x08002d62   0x08002d62   0x00000002   PAD
    0x08002d64   0x08002d64   0x000000fc   Code   RO          478    .text.HAL_RCC_GetSysClockFreq  stm32g4xx_hal_rcc.o
    0x08002e60   0x08002e60   0x000007b6   Code   RO          472    .text.HAL_RCC_OscConfig  stm32g4xx_hal_rcc.o
    0x08003616   0x08003616   0x00000002   PAD
    0x08003618   0x08003618   0x00000010   Code   RO          898    .text.HAL_SYSTICK_Config  stm32g4xx_hal_cortex.o
    0x08003628   0x08003628   0x00000008   Code   RO         1322    .text.HAL_TIMEx_Break2Callback  stm32g4xx_hal_tim_ex.o
    0x08003630   0x08003630   0x00000008   Code   RO         1320    .text.HAL_TIMEx_BreakCallback  stm32g4xx_hal_tim_ex.o
    0x08003638   0x08003638   0x00000008   Code   RO         1316    .text.HAL_TIMEx_CommutCallback  stm32g4xx_hal_tim_ex.o
    0x08003640   0x08003640   0x00000008   Code   RO         1326    .text.HAL_TIMEx_DirectionChangeCallback  stm32g4xx_hal_tim_ex.o
    0x08003648   0x08003648   0x00000008   Code   RO         1324    .text.HAL_TIMEx_EncoderIndexCallback  stm32g4xx_hal_tim_ex.o
    0x08003650   0x08003650   0x00000008   Code   RO         1328    .text.HAL_TIMEx_IndexErrorCallback  stm32g4xx_hal_tim_ex.o
    0x08003658   0x08003658   0x0000013e   Code   RO         1266    .text.HAL_TIMEx_MasterConfigSynchronization  stm32g4xx_hal_tim_ex.o
    0x08003796   0x08003796   0x00000002   PAD
    0x08003798   0x08003798   0x00000008   Code   RO         1330    .text.HAL_TIMEx_TransitionErrorCallback  stm32g4xx_hal_tim_ex.o
    0x080037a0   0x080037a0   0x000000a8   Code   RO          949    .text.HAL_TIM_Base_Init  stm32g4xx_hal_tim.o
    0x08003848   0x08003848   0x00000192   Code   RO           66    .text.HAL_TIM_Base_MspInit  tim.o
    0x080039da   0x080039da   0x00000002   PAD
    0x080039dc   0x080039dc   0x000000e2   Code   RO          963    .text.HAL_TIM_Base_Start_IT  stm32g4xx_hal_tim.o
    0x08003abe   0x08003abe   0x00000002   PAD
    0x08003ac0   0x08003ac0   0x00000052   Code   RO          965    .text.HAL_TIM_Base_Stop_IT  stm32g4xx_hal_tim.o
    0x08003b12   0x08003b12   0x00000002   PAD
    0x08003b14   0x08003b14   0x000001d4   Code   RO         1145    .text.HAL_TIM_ConfigClockSource  stm32g4xx_hal_tim.o
    0x08003ce8   0x08003ce8   0x00000008   Code   RO         1171    .text.HAL_TIM_ErrorCallback  stm32g4xx_hal_tim.o
    0x08003cf0   0x08003cf0   0x00000008   Code   RO         1085    .text.HAL_TIM_IC_CaptureCallback  stm32g4xx_hal_tim.o
    0x08003cf8   0x08003cf8   0x00000008   Code   RO         1165    .text.HAL_TIM_IC_CaptureHalfCpltCallback  stm32g4xx_hal_tim.o
    0x08003d00   0x08003d00   0x00000130   Code   RO         1109    .text.HAL_TIM_IC_ConfigChannel  stm32g4xx_hal_tim.o
    0x08003e30   0x08003e30   0x000000a8   Code   RO         1023    .text.HAL_TIM_IC_Init  stm32g4xx_hal_tim.o
    0x08003ed8   0x08003ed8   0x00000008   Code   RO         1025    .text.HAL_TIM_IC_MspInit  stm32g4xx_hal_tim.o
    0x08003ee0   0x08003ee0   0x0000044a   Code   RO         1039    .text.HAL_TIM_IC_Start_DMA  stm32g4xx_hal_tim.o
    0x0800432a   0x0800432a   0x00000002   PAD
    0x0800432c   0x0800432c   0x00000300   Code   RO         1083    .text.HAL_TIM_IRQHandler  stm32g4xx_hal_tim.o
    0x0800462c   0x0800462c   0x0000005c   Code   RO           58    .text.HAL_TIM_MspPostInit  tim.o
    0x08004688   0x08004688   0x00000008   Code   RO         1087    .text.HAL_TIM_OC_DelayElapsedCallback  stm32g4xx_hal_tim.o
    0x08004690   0x08004690   0x000001b0   Code   RO         1119    .text.HAL_TIM_PWM_ConfigChannel  stm32g4xx_hal_tim.o
    0x08004840   0x08004840   0x000000a8   Code   RO         1003    .text.HAL_TIM_PWM_Init  stm32g4xx_hal_tim.o
    0x080048e8   0x080048e8   0x00000008   Code   RO         1005    .text.HAL_TIM_PWM_MspInit  stm32g4xx_hal_tim.o
    0x080048f0   0x080048f0   0x00000008   Code   RO         1089    .text.HAL_TIM_PWM_PulseFinishedCallback  stm32g4xx_hal_tim.o
    0x080048f8   0x080048f8   0x0000025e   Code   RO         1011    .text.HAL_TIM_PWM_Start  stm32g4xx_hal_tim.o
    0x08004b56   0x08004b56   0x00000002   PAD
    0x08004b58   0x08004b58   0x0000016a   Code   RO         1502    .text.HAL_TIM_PeriodElapsedCallback  timapp.o
    0x08004cc2   0x08004cc2   0x00000002   PAD
    0x08004cc4   0x08004cc4   0x00000096   Code   RO         1155    .text.HAL_TIM_SlaveConfigSynchro  stm32g4xx_hal_tim.o
    0x08004d5a   0x08004d5a   0x00000002   PAD
    0x08004d5c   0x08004d5c   0x00000008   Code   RO         1093    .text.HAL_TIM_TriggerCallback  stm32g4xx_hal_tim.o
    0x08004d64   0x08004d64   0x00000004   Code   RO           84    .text.HardFault_Handler  stm32g4xx_it.o
    0x08004d68   0x08004d68   0x00000030   Code   RO         1405    .text.LCD_BusIn     lcd.o
    0x08004d98   0x08004d98   0x00000032   Code   RO         1407    .text.LCD_BusOut    lcd.o
    0x08004dca   0x08004dca   0x00000002   PAD
    0x08004dcc   0x08004dcc   0x0000003e   Code   RO         1379    .text.LCD_Clear     lcd.o
    0x08004e0a   0x08004e0a   0x00000002   PAD
    0x08004e0c   0x08004e0c   0x000000d6   Code   RO         1367    .text.LCD_CtrlLinesConfig  lcd.o
    0x08004ee2   0x08004ee2   0x00000002   PAD
    0x08004ee4   0x08004ee4   0x0000003e   Code   RO         1389    .text.LCD_DisplayChar  lcd.o
    0x08004f22   0x08004f22   0x00000002   PAD
    0x08004f24   0x08004f24   0x00000066   Code   RO         1377    .text.LCD_DisplayStringLine  lcd.o
    0x08004f8a   0x08004f8a   0x00000002   PAD
    0x08004f8c   0x08004f8c   0x000000ae   Code   RO         1387    .text.LCD_DrawChar  lcd.o
    0x0800503a   0x0800503a   0x00000002   PAD
    0x0800503c   0x0800503c   0x00000042   Code   RO         1365    .text.LCD_Init      lcd.o
    0x0800507e   0x0800507e   0x00000002   PAD
    0x08005080   0x08005080   0x000000a8   Code   RO         1369    .text.LCD_ReadReg   lcd.o
    0x08005128   0x08005128   0x00000018   Code   RO         1373    .text.LCD_SetBackColor  lcd.o
    0x08005140   0x08005140   0x00000024   Code   RO         1381    .text.LCD_SetCursor  lcd.o
    0x08005164   0x08005164   0x00000018   Code   RO         1371    .text.LCD_SetTextColor  lcd.o
    0x0800517c   0x0800517c   0x0000006c   Code   RO         1385    .text.LCD_WriteRAM  lcd.o
    0x080051e8   0x080051e8   0x00000062   Code   RO         1383    .text.LCD_WriteRAM_Prepare  lcd.o
    0x0800524a   0x0800524a   0x00000002   PAD
    0x0800524c   0x0800524c   0x00000086   Code   RO         1361    .text.LCD_WriteReg  lcd.o
    0x080052d2   0x080052d2   0x00000002   PAD
    0x080052d4   0x080052d4   0x0000001c   Code   RO          261    .text.LL_ADC_Disable  stm32g4xx_hal_adc.o
    0x080052f0   0x080052f0   0x00000018   Code   RO          129    .text.LL_ADC_DisableDeepPowerDown  stm32g4xx_hal_adc.o
    0x08005308   0x08005308   0x0000001c   Code   RO          259    .text.LL_ADC_Enable  stm32g4xx_hal_adc.o
    0x08005324   0x08005324   0x0000001e   Code   RO          133    .text.LL_ADC_EnableInternalRegulator  stm32g4xx_hal_adc.o
    0x08005342   0x08005342   0x00000002   PAD
    0x08005344   0x08005344   0x00000010   Code   RO          221    .text.LL_ADC_GetCommonPathInternalCh  stm32g4xx_hal_adc.o
    0x08005354   0x08005354   0x00000010   Code   RO          153    .text.LL_ADC_GetMultimode  stm32g4xx_hal_adc.o
    0x08005364   0x08005364   0x0000001e   Code   RO          215    .text.LL_ADC_GetOffsetChannel  stm32g4xx_hal_adc.o
    0x08005382   0x08005382   0x00000002   PAD
    0x08005384   0x08005384   0x00000010   Code   RO          141    .text.LL_ADC_INJ_IsConversionOngoing  stm32g4xx_hal_adc.o
    0x08005394   0x08005394   0x0000000e   Code   RO          274    .text.LL_ADC_IsCalibrationOnGoing  stm32g4xx_hal_adc_ex.o
    0x080053a2   0x080053a2   0x00000002   PAD
    0x080053a4   0x080053a4   0x00000010   Code   RO          127    .text.LL_ADC_IsDeepPowerDownEnabled  stm32g4xx_hal_adc.o
    0x080053b4   0x080053b4   0x00000010   Code   RO          253    .text.LL_ADC_IsDisableOngoing  stm32g4xx_hal_adc.o
    0x080053c4   0x080053c4   0x00000010   Code   RO          137    .text.LL_ADC_IsEnabled  stm32g4xx_hal_adc.o
    0x080053d4   0x080053d4   0x00000010   Code   RO          131    .text.LL_ADC_IsInternalRegulatorEnabled  stm32g4xx_hal_adc.o
    0x080053e4   0x080053e4   0x00000010   Code   RO          135    .text.LL_ADC_REG_IsConversionOngoing  stm32g4xx_hal_adc.o
    0x080053f4   0x080053f4   0x00000016   Code   RO          165    .text.LL_ADC_REG_IsTriggerSourceSWStart  stm32g4xx_hal_adc.o
    0x0800540a   0x0800540a   0x00000002   PAD
    0x0800540c   0x0800540c   0x0000003a   Code   RO          203    .text.LL_ADC_REG_SetSequencerRanks  stm32g4xx_hal_adc.o
    0x08005446   0x08005446   0x00000002   PAD
    0x08005448   0x08005448   0x0000001c   Code   RO          157    .text.LL_ADC_REG_StartConversion  stm32g4xx_hal_adc.o
    0x08005464   0x08005464   0x00000036   Code   RO          205    .text.LL_ADC_SetChannelSamplingTime  stm32g4xx_hal_adc.o
    0x0800549a   0x0800549a   0x00000002   PAD
    0x0800549c   0x0800549c   0x00000034   Code   RO          219    .text.LL_ADC_SetChannelSingleDiff  stm32g4xx_hal_adc.o
    0x080054d0   0x080054d0   0x0000001a   Code   RO          139    .text.LL_ADC_SetCommonClock  stm32g4xx_hal_adc.o
    0x080054ea   0x080054ea   0x00000002   PAD
    0x080054ec   0x080054ec   0x0000001a   Code   RO          223    .text.LL_ADC_SetCommonPathInternalCh  stm32g4xx_hal_adc.o
    0x08005506   0x08005506   0x00000002   PAD
    0x08005508   0x08005508   0x0000003c   Code   RO          209    .text.LL_ADC_SetOffset  stm32g4xx_hal_adc.o
    0x08005544   0x08005544   0x00000028   Code   RO          213    .text.LL_ADC_SetOffsetSaturation  stm32g4xx_hal_adc.o
    0x0800556c   0x0800556c   0x00000028   Code   RO          211    .text.LL_ADC_SetOffsetSign  stm32g4xx_hal_adc.o
    0x08005594   0x08005594   0x00000028   Code   RO          217    .text.LL_ADC_SetOffsetState  stm32g4xx_hal_adc.o
    0x080055bc   0x080055bc   0x0000001a   Code   RO          207    .text.LL_ADC_SetSamplingTimeCommonConfig  stm32g4xx_hal_adc.o
    0x080055d6   0x080055d6   0x00000002   PAD
    0x080055d8   0x080055d8   0x00000028   Code   RO          272    .text.LL_ADC_StartCalibration  stm32g4xx_hal_adc_ex.o
    0x08005600   0x08005600   0x0000009e   Code   RO           33    .text.MX_ADC2_Init  adc.o
    0x0800569e   0x0800569e   0x00000002   PAD
    0x080056a0   0x080056a0   0x0000006a   Code   RO           48    .text.MX_DMA_Init   dma.o
    0x0800570a   0x0800570a   0x00000002   PAD
    0x0800570c   0x0800570c   0x00000136   Code   RO           25    .text.MX_GPIO_Init  gpio.o
    0x08005842   0x08005842   0x00000002   PAD
    0x08005844   0x08005844   0x000000da   Code   RO           56    .text.MX_TIM2_Init  tim.o
    0x0800591e   0x0800591e   0x00000002   PAD
    0x08005920   0x08005920   0x000000fa   Code   RO           60    .text.MX_TIM3_Init  tim.o
    0x08005a1a   0x08005a1a   0x00000002   PAD
    0x08005a1c   0x08005a1c   0x0000005a   Code   RO           62    .text.MX_TIM6_Init  tim.o
    0x08005a76   0x08005a76   0x00000002   PAD
    0x08005a78   0x08005a78   0x0000005c   Code   RO           64    .text.MX_TIM7_Init  tim.o
    0x08005ad4   0x08005ad4   0x00000004   Code   RO           86    .text.MemManage_Handler  stm32g4xx_it.o
    0x08005ad8   0x08005ad8   0x00000004   Code   RO           82    .text.NMI_Handler   stm32g4xx_it.o
    0x08005adc   0x08005adc   0x0000006c   Code   RO          884    .text.NVIC_EncodePriority  stm32g4xx_hal_cortex.o
    0x08005b48   0x08005b48   0x00000002   Code   RO           96    .text.PendSV_Handler  stm32g4xx_it.o
    0x08005b4a   0x08005b4a   0x00000002   PAD
    0x08005b4c   0x08005b4c   0x0000009c   Code   RO          476    .text.RCC_GetSysClockFreqFromPLLSource  stm32g4xx_hal_rcc.o
    0x08005be8   0x08005be8   0x0000011e   Code   RO         1359    .text.REG_8230_Init  lcd.o
    0x08005d06   0x08005d06   0x00000002   PAD
    0x08005d08   0x08005d08   0x0000021c   Code   RO         1363    .text.REG_932X_Init  lcd.o
    0x08005f24   0x08005f24   0x00000002   Code   RO           92    .text.SVC_Handler   stm32g4xx_it.o
    0x08005f26   0x08005f26   0x00000002   PAD
    0x08005f28   0x08005f28   0x00000052   Code   RO          900    .text.SysTick_Config  stm32g4xx_hal_cortex.o
    0x08005f7a   0x08005f7a   0x00000002   PAD
    0x08005f7c   0x08005f7c   0x00000008   Code   RO           98    .text.SysTick_Handler  stm32g4xx_it.o
    0x08005f84   0x08005f84   0x0000009a   Code   RO           13    .text.SystemClock_Config  main.o
    0x0800601e   0x0800601e   0x00000002   PAD
    0x08006020   0x08006020   0x00000012   Code   RO         1343    .text.SystemInit    system_stm32g4xx.o
    0x08006032   0x08006032   0x00000002   PAD
    0x08006034   0x08006034   0x00000010   Code   RO          104    .text.TIM6_DAC_IRQHandler  stm32g4xx_it.o
    0x08006044   0x08006044   0x00000010   Code   RO          106    .text.TIM7_IRQHandler  stm32g4xx_it.o
    0x08006054   0x08006054   0x00000196   Code   RO          953    .text.TIM_Base_SetConfig  stm32g4xx_hal_tim.o
    0x080061ea   0x080061ea   0x00000002   PAD
    0x080061ec   0x080061ec   0x00000036   Code   RO          987    .text.TIM_CCxChannelCmd  stm32g4xx_hal_tim.o
    0x08006222   0x08006222   0x00000002   PAD
    0x08006224   0x08006224   0x000000d4   Code   RO         1041    .text.TIM_DMACaptureCplt  stm32g4xx_hal_tim.o
    0x080062f8   0x080062f8   0x00000074   Code   RO         1043    .text.TIM_DMACaptureHalfCplt  stm32g4xx_hal_tim.o
    0x0800636c   0x0800636c   0x0000009a   Code   RO          973    .text.TIM_DMAError  stm32g4xx_hal_tim.o
    0x08006406   0x08006406   0x00000002   PAD
    0x08006408   0x08006408   0x00000034   Code   RO         1143    .text.TIM_ETR_SetConfig  stm32g4xx_hal_tim.o
    0x0800643c   0x0800643c   0x00000030   Code   RO         1149    .text.TIM_ITRx_SetConfig  stm32g4xx_hal_tim.o
    0x0800646c   0x0800646c   0x00000154   Code   RO         1097    .text.TIM_OC1_SetConfig  stm32g4xx_hal_tim.o
    0x080065c0   0x080065c0   0x00000170   Code   RO         1099    .text.TIM_OC2_SetConfig  stm32g4xx_hal_tim.o
    0x08006730   0x08006730   0x0000016e   Code   RO         1101    .text.TIM_OC3_SetConfig  stm32g4xx_hal_tim.o
    0x0800689e   0x0800689e   0x00000002   PAD
    0x080068a0   0x080068a0   0x00000170   Code   RO         1103    .text.TIM_OC4_SetConfig  stm32g4xx_hal_tim.o
    0x08006a10   0x08006a10   0x000000d2   Code   RO         1105    .text.TIM_OC5_SetConfig  stm32g4xx_hal_tim.o
    0x08006ae2   0x08006ae2   0x00000002   PAD
    0x08006ae4   0x08006ae4   0x000000d4   Code   RO         1107    .text.TIM_OC6_SetConfig  stm32g4xx_hal_tim.o
    0x08006bb8   0x08006bb8   0x00000186   Code   RO         1157    .text.TIM_SlaveTimer_SetConfig  stm32g4xx_hal_tim.o
    0x08006d3e   0x08006d3e   0x00000002   PAD
    0x08006d40   0x08006d40   0x00000050   Code   RO         1147    .text.TIM_TI1_ConfigInputStage  stm32g4xx_hal_tim.o
    0x08006d90   0x08006d90   0x000000f0   Code   RO         1111    .text.TIM_TI1_SetConfig  stm32g4xx_hal_tim.o
    0x08006e80   0x08006e80   0x00000052   Code   RO         1151    .text.TIM_TI2_ConfigInputStage  stm32g4xx_hal_tim.o
    0x08006ed2   0x08006ed2   0x00000002   PAD
    0x08006ed4   0x08006ed4   0x0000006c   Code   RO         1113    .text.TIM_TI2_SetConfig  stm32g4xx_hal_tim.o
    0x08006f40   0x08006f40   0x0000006a   Code   RO         1115    .text.TIM_TI3_SetConfig  stm32g4xx_hal_tim.o
    0x08006faa   0x08006faa   0x00000002   PAD
    0x08006fac   0x08006fac   0x0000006c   Code   RO         1117    .text.TIM_TI4_SetConfig  stm32g4xx_hal_tim.o
    0x08007018   0x08007018   0x00000004   Code   RO           90    .text.UsageFault_Handler  stm32g4xx_it.o
    0x0800701c   0x0800701c   0x00000030   Code   RO          888    .text.__NVIC_EnableIRQ  stm32g4xx_hal_cortex.o
    0x0800704c   0x0800704c   0x00000010   Code   RO          880    .text.__NVIC_GetPriorityGrouping  stm32g4xx_hal_cortex.o
    0x0800705c   0x0800705c   0x00000042   Code   RO          882    .text.__NVIC_SetPriority  stm32g4xx_hal_cortex.o
    0x0800709e   0x0800709e   0x00000002   PAD
    0x080070a0   0x080070a0   0x0000003c   Code   RO          876    .text.__NVIC_SetPriorityGrouping  stm32g4xx_hal_cortex.o
    0x080070dc   0x080070dc   0x00000028   Code   RO         1486    .text.adc_init      adcapp.o
    0x08007104   0x08007104   0x00000114   Code   RO         1488    .text.adc_proc      adcapp.o
    0x08007218   0x08007218   0x000002d8   Code   RO         1506    .text.ic_proc       timapp.o
    0x080074f0   0x080074f0   0x000003c0   Code   RO         1469    .text.key_proc      keyapp.o
    0x080078b0   0x080078b0   0x00000036   Code   RO         1433    .text.lcd_disp      lcdapp.o
    0x080078e6   0x080078e6   0x00000002   PAD
    0x080078e8   0x080078e8   0x00000022   Code   RO         1431    .text.lcd_init      lcdapp.o
    0x0800790a   0x0800790a   0x00000002   PAD
    0x0800790c   0x0800790c   0x0000018c   Code   RO         1435    .text.lcd_proc      lcdapp.o
    0x08007a98   0x08007a98   0x00000052   Code   RO         1460    .text.led_renew     ledapp.o
    0x08007aea   0x08007aea   0x00000002   PAD
    0x08007aec   0x08007aec   0x00000044   Code   RO           11    .text.main          main.o
    0x08007b30   0x08007b30   0x000000a4   Code   RO         1508    .text.pa1_duty_renew  timapp.o
    0x08007bd4   0x08007bd4   0x00000026   Code   RO         1504    .text.pa1_freq_renew  timapp.o
    0x08007bfa   0x08007bfa   0x00000002   PAD
    0x08007bfc   0x08007bfc   0x00000090   Code   RO         1450    .text.scheduler_run  scheduler.o
    0x08007c8c   0x08007c8c   0x00000050   Code   RO         1500    .text.tims_init     timapp.o
    0x08007cdc   0x08007cdc   0x00000024   Code   RO         1542    i.__0vsprintf       mc_w.l(printfa.o)
    0x08007d00   0x08007d00   0x0000000e   Code   RO         1624    i.__scatterload_copy  mc_w.l(handlers.o)
    0x08007d0e   0x08007d0e   0x00000002   Code   RO         1625    i.__scatterload_null  mc_w.l(handlers.o)
    0x08007d10   0x08007d10   0x0000000e   Code   RO         1626    i.__scatterload_zeroinit  mc_w.l(handlers.o)
    0x08007d1e   0x08007d1e   0x00000002   PAD
    0x08007d20   0x08007d20   0x00000184   Code   RO         1543    i._fp_digits        mc_w.l(printfa.o)
    0x08007ea4   0x08007ea4   0x000006dc   Code   RO         1544    i._printf_core      mc_w.l(printfa.o)
    0x08008580   0x08008580   0x00000024   Code   RO         1545    i._printf_post_padding  mc_w.l(printfa.o)
    0x080085a4   0x080085a4   0x0000002e   Code   RO         1546    i._printf_pre_padding  mc_w.l(printfa.o)
    0x080085d2   0x080085d2   0x0000000a   Code   RO         1548    i._sputc            mc_w.l(printfa.o)
    0x080085dc   0x080085dc   0x00000010   Data   RO         1348    .rodata.AHBPrescTable  system_stm32g4xx.o
    0x080085ec   0x080085ec   0x000011d0   Data   RO         1419    .rodata.ASCII_Table  lcd.o
    0x080097bc   0x080097bc   0x000000ba   Data   RO         1442    .rodata.str1.1      lcdapp.o
    0x08009876   0x08009876   0x00000002   PAD
    0x08009878   0x08009878   0x00000020   Data   RO         1623    Region$$Table       anon$$obj.o


    Execution Region RW_IRAM1 (Exec base: 0x20000000, Load base: 0x08009898, Size: 0x00000798, Max: 0x00008000, ABSOLUTE)

    Exec Addr    Load Addr    Size         Type   Attr      Idx    E Section Name        Object

    0x20000000   0x08009898   0x00000002   Data   RW         1422    .data.BackColor     lcd.o
    0x20000002   0x0800989a   0x00000002   PAD
    0x20000004   0x0800989c   0x00000004   Data   RW         1347    .data.SystemCoreClock  system_stm32g4xx.o
    0x20000008   0x080098a0   0x00000002   Data   RW         1521    .data.freq_pa1      timapp.o
    0x2000000a   0x080098a2   0x00000001   Data   RW         1513    .data.k_value       timapp.o
    0x2000000b   0x080098a3   0x00000001   Data   RW         1515    .data.k_value_show  timapp.o
    0x2000000c   0x080098a4   0x00000004   Data   RW         1523    .data.pa1_duty_renew.last_duty  timapp.o
    0x20000010   0x080098a8   0x00000001   Data   RW         1512    .data.r_value       timapp.o
    0x20000011   0x080098a9   0x00000001   Data   RW         1514    .data.r_value_show  timapp.o
    0x20000012   0x080098aa   0x00000001   Data   RW         1453    .data.scheduler_run.tasks_num  scheduler.o
    0x20000013   0x080098ab   0x00000001   PAD
    0x20000014   0x080098ac   0x00000030   Data   RW         1452    .data.tasks         scheduler.o
    0x20000044   0x080098dc   0x00000028   Data   RW         1510    .data.tim3_ch2_buffer  timapp.o
    0x2000006c   0x08009904   0x00000001   Data   RW         1462    .data.ucled         ledapp.o
    0x2000006d   0x08009905   0x00000003   PAD
    0x20000070   0x08009908   0x00000004   Data   RW          461    .data.uwTickFreq    stm32g4xx_hal.o
    0x20000074   0x0800990c   0x00000004   Data   RW          460    .data.uwTickPrio    stm32g4xx_hal.o
    0x20000078        -       0x00000002   Zero   RW         1421    .bss.TextColor      lcd.o
    0x2000007a   0x08009910   0x00000002   PAD
    0x2000007c        -       0x00000078   Zero   RW         1490    .bss.adc_buffer     adcapp.o
    0x200000f4        -       0x00000004   Zero   RW         1491    .bss.adc_value      adcapp.o
    0x200000f8        -       0x00000001   Zero   RW         1522    .bss.count_led2     timapp.o
    0x200000f9   0x08009910   0x00000001   PAD
    0x200000fa        -       0x00000002   Zero   RW         1420    .bss.dummy          lcd.o
    0x200000fc        -       0x00000001   Zero   RW         1476    .bss.duty_lock      keyapp.o
    0x200000fd   0x08009910   0x00000003   PAD
    0x20000100        -       0x00000004   Zero   RW         1492    .bss.duty_value     adcapp.o
    0x20000104        -       0x00000004   Zero   RW         1511    .bss.freq_pa7       timapp.o
    0x20000108        -       0x0000006c   Zero   RW           39    .bss.hadc2          adc.o
    0x20000174        -       0x00000060   Zero   RW           40    .bss.hdma_adc2      adc.o
    0x200001d4        -       0x00000060   Zero   RW           74    .bss.hdma_tim3_ch2  tim.o
    0x20000234        -       0x0000004c   Zero   RW           70    .bss.htim2          tim.o
    0x20000280        -       0x0000004c   Zero   RW           71    .bss.htim3          tim.o
    0x200002cc        -       0x0000004c   Zero   RW           72    .bss.htim6          tim.o
    0x20000318        -       0x0000004c   Zero   RW           73    .bss.htim7          tim.o
    0x20000364        -       0x00000001   Zero   RW         1474    .bss.key4down       keyapp.o
    0x20000365   0x08009910   0x00000003   PAD
    0x20000368        -       0x00000004   Zero   RW         1475    .bss.key4tick       keyapp.o
    0x2000036c        -       0x00000001   Zero   RW         1478    .bss.key_down       keyapp.o
    0x2000036d        -       0x00000001   Zero   RW         1471    .bss.key_old        keyapp.o
    0x2000036e        -       0x00000001   Zero   RW         1479    .bss.key_up         keyapp.o
    0x2000036f        -       0x00000001   Zero   RW         1477    .bss.key_val        keyapp.o
    0x20000370        -       0x00000001   Zero   RW         1437    .bss.lcd_view       lcdapp.o
    0x20000371   0x08009910   0x00000003   PAD
    0x20000374        -       0x00000004   Zero   RW         1517    .bss.mh_buffer      timapp.o
    0x20000378        -       0x00000004   Zero   RW         1519    .bss.mh_tick        timapp.o
    0x2000037c        -       0x00000004   Zero   RW         1440    .bss.mh_value       lcdapp.o
    0x20000380        -       0x00000004   Zero   RW         1518    .bss.ml_buffer      timapp.o
    0x20000384        -       0x00000004   Zero   RW         1520    .bss.ml_tick        timapp.o
    0x20000388        -       0x00000004   Zero   RW         1441    .bss.ml_value       lcdapp.o
    0x2000038c        -       0x00000001   Zero   RW         1438    .bss.mode           lcdapp.o
    0x2000038d        -       0x00000001   Zero   RW         1439    .bss.n_value        lcdapp.o
    0x2000038e        -       0x00000001   Zero   RW         1473    .bss.set_obj        keyapp.o
    0x2000038f        -       0x00000001   Zero   RW         1472    .bss.tf_state       keyapp.o
    0x20000390        -       0x00000004   Zero   RW          462    .bss.uwTick         stm32g4xx_hal.o
    0x20000394        -       0x00000004   Zero   RW         1516    .bss.v_value        timapp.o
    0x20000398        -       0x00000400   Zero   RW            1    STACK               startup_stm32g431xx.o


==============================================================================

Image component sizes


      Code (inc. data)   RO Data    RW Data    ZI Data      Debug   Object Name

       378          0          0          0        204       6354   adc.o
       316         12          0          0        128       1000   adcapp.o
       106          0          0          0          0       3266   dma.o
       310          0          0          0          0       2432   gpio.o
       960          4          0          0         12       1820   keyapp.o
      2278          0       4560          2          4       8343   lcd.o
       484          4        186          0         11       1658   lcdapp.o
        82          0          0          1          0       1169   ledapp.o
       236          0          0          0          0       2349   main.o
       144          0          0         49          0        953   scheduler.o
        36          8        472          0       1024        852   startup_stm32g431xx.o
       290          0          0          8          4       8428   stm32g4xx_hal.o
      4736          0          0          0          0      22042   stm32g4xx_hal_adc.o
       278          0          0          0          0      19452   stm32g4xx_hal_adc_ex.o
       478          0          0          0          0       9418   stm32g4xx_hal_cortex.o
      1222          0          0          0          0       7779   stm32g4xx_hal_dma.o
       962          0          0          0          0       5316   stm32g4xx_hal_gpio.o
        72          0          0          0          0       1645   stm32g4xx_hal_msp.o
       454          0          0          0          0       7811   stm32g4xx_hal_pwr_ex.o
      3188          0          0          0          0       9400   stm32g4xx_hal_rcc.o
      1114          0          0          0          0      10911   stm32g4xx_hal_rcc_ex.o
      8722         36          0          0          0      37866   stm32g4xx_hal_tim.o
       374          0          0          0          0      21677   stm32g4xx_hal_tim_ex.o
        98          0          0          0          0       1405   stm32g4xx_it.o
        18          0         16          4          0       2696   system_stm32g4xx.o
      1144          0          0          0        400      10046   tim.o
      1372         44          0         50         25       5655   timapp.o

    ----------------------------------------------------------------------
     29988        108       5268        120       1824     211743   Object Totals
         0          0         32          0          0          0   (incl. Generated)
       136          0          2          6         12          0   (incl. Padding)

    ----------------------------------------------------------------------

      Code (inc. data)   RO Data    RW Data    ZI Data      Debug   Library Member Name

         0          0          0          0          0          0   entry.o
         0          0          0          0          0          0   entry10a.o
         0          0          0          0          0          0   entry11a.o
         8          4          0          0          0          0   entry2.o
         4          0          0          0          0          0   entry5.o
         0          0          0          0          0          0   entry7b.o
         0          0          0          0          0          0   entry8b.o
         8          4          0          0          0          0   entry9a.o
        30          0          0          0          0          0   handlers.o
        48         10          0          0          0         68   init.o
         0          0          0          0          0          0   iusefp.o
        30          0          0          0          0         68   llshl.o
        36          0          0          0          0         68   llsshr.o
        32          0          0          0          0         68   llushr.o
        36          0          0          0          0        108   memseta.o
      2272         86          0          0          0        516   printfa.o
        44          0          0          0          0         80   uidiv.o
        98          0          0          0          0         92   uldiv.o
        48          0          0          0          0         68   cdrcmple.o
       334          0          0          0          0        148   dadd.o
        54          0          0          0          0         80   dcmple.o
       222          0          0          0          0        100   ddiv.o
       186          0          0          0          0        176   depilogue.o
        48          0          0          0          0         68   dfixul.o
       228          0          0          0          0         96   dmul.o
        38          0          0          0          0         68   f2d.o

    ----------------------------------------------------------------------
      3808        104          0          0          0       1872   Library Totals
         4          0          0          0          0          0   (incl. Padding)

    ----------------------------------------------------------------------

      Code (inc. data)   RO Data    RW Data    ZI Data      Debug   Library Name

      2646        104          0          0          0       1068   mc_w.l
      1158          0          0          0          0        804   mf_w.l

    ----------------------------------------------------------------------
      3808        104          0          0          0       1872   Library Totals

    ----------------------------------------------------------------------

==============================================================================


      Code (inc. data)   RO Data    RW Data    ZI Data      Debug   

     33796        212       5268        120       1824     212383   Grand Totals
     33796        212       5268        120       1824     212383   ELF Image Totals
     33796        212       5268        120          0          0   ROM Totals

==============================================================================

    Total RO  Size (Code + RO Data)                39064 (  38.15kB)
    Total RW  Size (RW Data + ZI Data)              1944 (   1.90kB)
    Total ROM Size (Code + RO Data + RW Data)      39184 (  38.27kB)

==============================================================================

