Component: Arm Compiler for Embedded 6.22 Tool: armlink [5ee90200]

==============================================================================

Section Cross References

    startup_stm32g431xx.o(RESET) refers to startup_stm32g431xx.o(STACK) for __initial_sp
    startup_stm32g431xx.o(RESET) refers to startup_stm32g431xx.o(.text) for Reset_Handler
    startup_stm32g431xx.o(RESET) refers to stm32g4xx_it.o(.text.NMI_Handler) for NMI_Handler
    startup_stm32g431xx.o(RESET) refers to stm32g4xx_it.o(.text.HardFault_Handler) for HardFault_Handler
    startup_stm32g431xx.o(RESET) refers to stm32g4xx_it.o(.text.MemManage_Handler) for MemManage_Handler
    startup_stm32g431xx.o(RESET) refers to stm32g4xx_it.o(.text.BusFault_Handler) for BusFault_Handler
    startup_stm32g431xx.o(RESET) refers to stm32g4xx_it.o(.text.UsageFault_Handler) for UsageFault_Handler
    startup_stm32g431xx.o(RESET) refers to stm32g4xx_it.o(.text.SVC_Handler) for SVC_Handler
    startup_stm32g431xx.o(RESET) refers to stm32g4xx_it.o(.text.DebugMon_Handler) for DebugMon_Handler
    startup_stm32g431xx.o(RESET) refers to stm32g4xx_it.o(.text.PendSV_Handler) for PendSV_Handler
    startup_stm32g431xx.o(RESET) refers to stm32g4xx_it.o(.text.SysTick_Handler) for SysTick_Handler
    startup_stm32g431xx.o(RESET) refers to stm32g4xx_it.o(.text.DMA1_Channel1_IRQHandler) for DMA1_Channel1_IRQHandler
    startup_stm32g431xx.o(RESET) refers to stm32g4xx_it.o(.text.DMA1_Channel2_IRQHandler) for DMA1_Channel2_IRQHandler
    startup_stm32g431xx.o(RESET) refers to stm32g4xx_it.o(.text.DMA1_Channel3_IRQHandler) for DMA1_Channel3_IRQHandler
    startup_stm32g431xx.o(RESET) refers to stm32g4xx_it.o(.text.USART1_IRQHandler) for USART1_IRQHandler
    startup_stm32g431xx.o(RESET) refers to stm32g4xx_it.o(.text.TIM6_DAC_IRQHandler) for TIM6_DAC_IRQHandler
    startup_stm32g431xx.o(RESET) refers to stm32g4xx_it.o(.text.TIM7_IRQHandler) for TIM7_IRQHandler
    startup_stm32g431xx.o(.text) refers to system_stm32g4xx.o(.text.SystemInit) for SystemInit
    startup_stm32g431xx.o(.text) refers to entry.o(.ARM.Collect$$$$00000000) for __main
    main.o(.text.main) refers to stm32g4xx_hal.o(.text.HAL_Init) for HAL_Init
    main.o(.text.main) refers to main.o(.text.SystemClock_Config) for SystemClock_Config
    main.o(.text.main) refers to gpio.o(.text.MX_GPIO_Init) for MX_GPIO_Init
    main.o(.text.main) refers to dma.o(.text.MX_DMA_Init) for MX_DMA_Init
    main.o(.text.main) refers to tim.o(.text.MX_TIM2_Init) for MX_TIM2_Init
    main.o(.text.main) refers to tim.o(.text.MX_TIM6_Init) for MX_TIM6_Init
    main.o(.text.main) refers to usart.o(.text.MX_USART1_UART_Init) for MX_USART1_UART_Init
    main.o(.text.main) refers to tim.o(.text.MX_TIM7_Init) for MX_TIM7_Init
    main.o(.text.main) refers to tim.o(.text.MX_TIM3_Init) for MX_TIM3_Init
    main.o(.text.main) refers to lcdapp.o(.text.lcd_init) for lcd_init
    main.o(.text.main) refers to ledapp.o(.text.led_renew) for led_renew
    main.o(.text.main) refers to timapp.o(.text.tims_init) for tims_init
    main.o(.text.main) refers to scheduler.o(.text.scheduler_run) for scheduler_run
    main.o(.ARM.exidx.text.main) refers to main.o(.text.main) for [Anonymous Symbol]
    main.o(.text.SystemClock_Config) refers to memseta.o(.text) for __aeabi_memclr4
    main.o(.text.SystemClock_Config) refers to stm32g4xx_hal_pwr_ex.o(.text.HAL_PWREx_ControlVoltageScaling) for HAL_PWREx_ControlVoltageScaling
    main.o(.text.SystemClock_Config) refers to stm32g4xx_hal_rcc.o(.text.HAL_RCC_OscConfig) for HAL_RCC_OscConfig
    main.o(.text.SystemClock_Config) refers to main.o(.text.Error_Handler) for Error_Handler
    main.o(.text.SystemClock_Config) refers to stm32g4xx_hal_rcc.o(.text.HAL_RCC_ClockConfig) for HAL_RCC_ClockConfig
    main.o(.text.SystemClock_Config) refers to stm32g4xx_hal_rcc_ex.o(.text.HAL_RCCEx_PeriphCLKConfig) for HAL_RCCEx_PeriphCLKConfig
    main.o(.ARM.exidx.text.SystemClock_Config) refers to main.o(.text.SystemClock_Config) for [Anonymous Symbol]
    main.o(.ARM.exidx.text.Error_Handler) refers to main.o(.text.Error_Handler) for [Anonymous Symbol]
    gpio.o(.text.MX_GPIO_Init) refers to stm32g4xx_hal_gpio.o(.text.HAL_GPIO_WritePin) for HAL_GPIO_WritePin
    gpio.o(.text.MX_GPIO_Init) refers to stm32g4xx_hal_gpio.o(.text.HAL_GPIO_Init) for HAL_GPIO_Init
    gpio.o(.ARM.exidx.text.MX_GPIO_Init) refers to gpio.o(.text.MX_GPIO_Init) for [Anonymous Symbol]
    dma.o(.text.MX_DMA_Init) refers to stm32g4xx_hal_cortex.o(.text.HAL_NVIC_SetPriority) for HAL_NVIC_SetPriority
    dma.o(.text.MX_DMA_Init) refers to stm32g4xx_hal_cortex.o(.text.HAL_NVIC_EnableIRQ) for HAL_NVIC_EnableIRQ
    dma.o(.ARM.exidx.text.MX_DMA_Init) refers to dma.o(.text.MX_DMA_Init) for [Anonymous Symbol]
    tim.o(.text.MX_TIM2_Init) refers to tim.o(.bss.htim2) for htim2
    tim.o(.text.MX_TIM2_Init) refers to stm32g4xx_hal_tim.o(.text.HAL_TIM_Base_Init) for HAL_TIM_Base_Init
[...]
    [Anonymous Symbol]                       0x080007b4   Section        0  stm32g4xx_hal_dma.o(.text.DMA_CalcDMAMUXChannelBaseAndMask)
    DMA_CalcDMAMUXRequestGenBaseAndMask      0x08000829   Thumb Code    60  stm32g4xx_hal_dma.o(.text.DMA_CalcDMAMUXRequestGenBaseAndMask)
    [Anonymous Symbol]                       0x08000828   Section        0  stm32g4xx_hal_dma.o(.text.DMA_CalcDMAMUXRequestGenBaseAndMask)
    DMA_SetConfig                            0x08000865   Thumb Code   110  stm32g4xx_hal_dma.o(.text.DMA_SetConfig)
    [Anonymous Symbol]                       0x08000864   Section        0  stm32g4xx_hal_dma.o(.text.DMA_SetConfig)
    [Anonymous Symbol]                       0x080008d4   Section        0  stm32g4xx_it.o(.text.DebugMon_Handler)
    [Anonymous Symbol]                       0x080008d8   Section        0  lcd.o(.text.Delay_LCD)
    [Anonymous Symbol]                       0x0800092c   Section        0  main.o(.text.Error_Handler)
    [Anonymous Symbol]                       0x0800093c   Section        0  stm32g4xx_hal_dma.o(.text.HAL_DMA_Abort)
    [Anonymous Symbol]                       0x080009d8   Section        0  stm32g4xx_hal_dma.o(.text.HAL_DMA_Abort_IT)
    [Anonymous Symbol]                       0x08000a9c   Section        0  stm32g4xx_hal_dma.o(.text.HAL_DMA_IRQHandler)
    [Anonymous Symbol]                       0x08000bf4   Section        0  stm32g4xx_hal_dma.o(.text.HAL_DMA_Init)
    [Anonymous Symbol]                       0x08000d4c   Section        0  stm32g4xx_hal_dma.o(.text.HAL_DMA_Start_IT)
    [Anonymous Symbol]                       0x08000e48   Section        0  stm32g4xx_hal.o(.text.HAL_Delay)
    [Anonymous Symbol]                       0x08000e8c   Section        0  stm32g4xx_hal_gpio.o(.text.HAL_GPIO_Init)
    [Anonymous Symbol]                       0x080011f4   Section        0  stm32g4xx_hal_gpio.o(.text.HAL_GPIO_ReadPin)
    [Anonymous Symbol]                       0x08001224   Section        0  stm32g4xx_hal_gpio.o(.text.HAL_GPIO_WritePin)
    [Anonymous Symbol]                       0x08001250   Section        0  stm32g4xx_hal.o(.text.HAL_GetTick)
    [Anonymous Symbol]                       0x0800125c   Section        0  stm32g4xx_hal.o(.text.HAL_IncTick)
    [Anonymous Symbol]                       0x08001278   Section        0  stm32g4xx_hal.o(.text.HAL_Init)
    [Anonymous Symbol]                       0x080012ac   Section        0  stm32g4xx_hal.o(.text.HAL_InitTick)
    [Anonymous Symbol]                       0x08001334   Section        0  stm32g4xx_hal_msp.o(.text.HAL_MspInit)
    [Anonymous Symbol]                       0x0800137c   Section        0  stm32g4xx_hal_cortex.o(.text.HAL_NVIC_EnableIRQ)
    [Anonymous Symbol]                       0x08001390   Section        0  stm32g4xx_hal_cortex.o(.text.HAL_NVIC_SetPriority)
    [Anonymous Symbol]                       0x080013c0   Section        0  stm32g4xx_hal_cortex.o(.text.HAL_NVIC_SetPriorityGrouping)
    [Anonymous Symbol]                       0x080013d0   Section        0  stm32g4xx_hal_pwr_ex.o(.text.HAL_PWREx_ControlVoltageScaling)
    [Anonymous Symbol]                       0x08001584   Section        0  stm32g4xx_hal_pwr_ex.o(.text.HAL_PWREx_DisableUCPDDeadBattery)
    [Anonymous Symbol]                       0x08001598   Section        0  stm32g4xx_hal_rcc_ex.o(.text.HAL_RCCEx_PeriphCLKConfig)
    [Anonymous Symbol]                       0x080019f4   Section        0  stm32g4xx_hal_rcc.o(.text.HAL_RCC_ClockConfig)
    [Anonymous Symbol]                       0x08001d1c   Section        0  stm32g4xx_hal_rcc.o(.text.HAL_RCC_GetHCLKFreq)
    [Anonymous Symbol]                       0x08001d28   Section        0  stm32g4xx_hal_rcc.o(.text.HAL_RCC_GetPCLK1Freq)
    [Anonymous Symbol]                       0x08001d50   Section        0  stm32g4xx_hal_rcc.o(.text.HAL_RCC_GetPCLK2Freq)
    [Anonymous Symbol]                       0x08001d78   Section        0  stm32g4xx_hal_rcc.o(.text.HAL_RCC_GetSysClockFreq)
    [Anonymous Symbol]                       0x08001e74   Section        0  stm32g4xx_hal_rcc.o(.text.HAL_RCC_OscConfig)
    [Anonymous Symbol]                       0x0800262c   Section        0  stm32g4xx_hal_cortex.o(.text.HAL_SYSTICK_Config)
    [Anonymous Symbol]                       0x0800263c   Section        0  stm32g4xx_hal_tim_ex.o(.text.HAL_TIMEx_Break2Callback)
    [Anonymous Symbol]                       0x08002644   Section        0  stm32g4xx_hal_tim_ex.o(.text.HAL_TIMEx_BreakCallback)
    [Anonymous Symbol]                       0x0800264c   Section        0  stm32g4xx_hal_tim_ex.o(.text.HAL_TIMEx_CommutCallback)
    [Anonymous Symbol]                       0x08002654   Section        0  stm32g4xx_hal_tim_ex.o(.text.HAL_TIMEx_DirectionChangeCallback)
    [Anonymous Symbol]                       0x0800265c   Section        0  stm32g4xx_hal_tim_ex.o(.text.HAL_TIMEx_EncoderIndexCallback)
    [Anonymous Symbol]                       0x08002664   Section        0  stm32g4xx_hal_tim_ex.o(.text.HAL_TIMEx_IndexErrorCallback)
    [Anonymous Symbol]                       0x0800266c   Section        0  stm32g4xx_hal_tim_ex.o(.text.HAL_TIMEx_MasterConfigSynchronization)
    [Anonymous Symbol]                       0x080027ac   Section        0  stm32g4xx_hal_tim_ex.o(.text.HAL_TIMEx_TransitionErrorCallback)
    [Anonymous Symbol]                       0x080027b4   Section        0  stm32g4xx_hal_tim.o(.text.HAL_TIM_Base_Init)
    [Anonymous Symbol]                       0x0800285c   Section        0  tim.o(.text.HAL_TIM_Base_MspInit)
    [Anonymous Symbol]                       0x08002a44   Section        0  stm32g4xx_hal_tim.o(.text.HAL_TIM_Base_Start_IT)
    [Anonymous Symbol]                       0x08002b28   Section        0  stm32g4xx_hal_tim.o(.text.HAL_TIM_Base_Stop_IT)
    [Anonymous Symbol]                       0x08002b7c   Section        0  stm32g4xx_hal_tim.o(.text.HAL_TIM_ConfigClockSource)
    [Anonymous Symbol]                       0x08002d50   Section        0  stm32g4xx_hal_tim.o(.text.HAL_TIM_IC_CaptureCallback)
    [Anonymous Symbol]                       0x08002d58   Section        0  stm32g4xx_hal_tim.o(.text.HAL_TIM_IC_ConfigChannel)
    [Anonymous Symbol]                       0x08002e88   Section        0  stm32g4xx_hal_tim.o(.text.HAL_TIM_IC_Init)
    [Anonymous Symbol]                       0x08002f30   Section        0  stm32g4xx_hal_tim.o(.text.HAL_TIM_IC_MspInit)
    [Anonymous Symbol]                       0x08002f38   Section        0  stm32g4xx_hal_tim.o(.text.HAL_TIM_IRQHandler)
    [Anonymous Symbol]                       0x08003238   Section        0  tim.o(.text.HAL_TIM_MspPostInit)
    [Anonymous Symbol]                       0x08003294   Section        0  stm32g4xx_hal_tim.o(.text.HAL_TIM_OC_DelayElapsedCallback)
    [Anonymous Symbol]                       0x0800329c   Section        0  stm32g4xx_hal_tim.o(.text.HAL_TIM_PWM_ConfigChannel)
    [Anonymous Symbol]                       0x0800344c   Section        0  stm32g4xx_hal_tim.o(.text.HAL_TIM_PWM_Init)
    [Anonymous Symbol]                       0x080034f4   Section        0  stm32g4xx_hal_tim.o(.text.HAL_TIM_PWM_MspInit)
    [Anonymous Symbol]                       0x080034fc   Section        0  stm32g4xx_hal_tim.o(.text.HAL_TIM_PWM_PulseFinishedCallback)
    [Anonymous Symbol]                       0x08003504   Section        0  stm32g4xx_hal_tim.o(.text.HAL_TIM_PWM_Start)
    [Anonymous Symbol]                       0x08003764   Section        0  timapp.o(.text.HAL_TIM_PeriodElapsedCallback)
    [Anonymous Symbol]                       0x080038a4   Section        0  stm32g4xx_hal_tim.o(.text.HAL_TIM_SlaveConfigSynchro)
    [Anonymous Symbol]                       0x0800393c   Section        0  stm32g4xx_hal_tim.o(.text.HAL_TIM_TriggerCallback)
    [Anonymous Symbol]                       0x08003944   Section        0  stm32g4xx_hal_uart_ex.o(.text.HAL_UARTEx_DisableFifoMode)
    [Anonymous Symbol]                       0x080039c0   Section        0  stm32g4xx_hal_uart_ex.o(.text.HAL_UARTEx_ReceiveToIdle_DMA)
    [Anonymous Symbol]                       0x08003a70   Section        0  usart.o(.text.HAL_UARTEx_RxEventCallback)
    [Anonymous Symbol]                       0x08003b2c   Section        0  stm32g4xx_hal_uart_ex.o(.text.HAL_UARTEx_RxFifoFullCallback)
    [Anonymous Symbol]                       0x08003b34   Section        0  stm32g4xx_hal_uart_ex.o(.text.HAL_UARTEx_SetRxFifoThreshold)
    [Anonymous Symbol]                       0x08003bc0   Section        0  stm32g4xx_hal_uart_ex.o(.text.HAL_UARTEx_SetTxFifoThreshold)
    [Anonymous Symbol]                       0x08003c4c   Section        0  stm32g4xx_hal_uart_ex.o(.text.HAL_UARTEx_TxFifoEmptyCallback)
    [Anonymous Symbol]                       0x08003c54   Section        0  stm32g4xx_hal_uart_ex.o(.text.HAL_UARTEx_WakeupCallback)
    [Anonymous Symbol]                       0x08003c5c   Section        0  stm32g4xx_hal_uart.o(.text.HAL_UART_ErrorCallback)
    [Anonymous Symbol]                       0x08003c64   Section        0  stm32g4xx_hal_uart.o(.text.HAL_UART_IRQHandler)
    [Anonymous Symbol]                       0x080041fc   Section        0  stm32g4xx_hal_uart.o(.text.HAL_UART_Init)
    [Anonymous Symbol]                       0x080042a8   Section        0  usart.o(.text.HAL_UART_MspInit)
    [Anonymous Symbol]                       0x08004390   Section        0  stm32g4xx_hal_uart.o(.text.HAL_UART_RxCpltCallback)
    [Anonymous Symbol]                       0x08004398   Section        0  stm32g4xx_hal_uart.o(.text.HAL_UART_RxHalfCpltCallback)
    [Anonymous Symbol]                       0x080043a0   Section        0  stm32g4xx_hal_uart.o(.text.HAL_UART_TxCpltCallback)
    [Anonymous Symbol]                       0x080043a8   Section        0  stm32g4xx_it.o(.text.HardFault_Handler)
    [Anonymous Symbol]                       0x080043ac   Section        0  lcd.o(.text.LCD_BusIn)
    [Anonymous Symbol]                       0x080043dc   Section        0  lcd.o(.text.LCD_BusOut)
    [Anonymous Symbol]                       0x08004410   Section        0  lcd.o(.text.LCD_Clear)
    [Anonymous Symbol]                       0x08004450   Section        0  lcd.o(.text.LCD_CtrlLinesConfig)
    [Anonymous Symbol]                       0x08004528   Section        0  lcd.o(.text.LCD_DisplayChar)
    [Anonymous Symbol]                       0x08004568   Section        0  lcd.o(.text.LCD_DisplayStringLine)
    [Anonymous Symbol]                       0x080045d0   Section        0  lcd.o(.text.LCD_DrawChar)
    [Anonymous Symbol]                       0x08004680   Section        0  lcd.o(.text.LCD_Init)
    [Anonymous Symbol]                       0x080046c4   Section        0  lcd.o(.text.LCD_ReadReg)
    [Anonymous Symbol]                       0x0800476c   Section        0  lcd.o(.text.LCD_SetBackColor)
    [Anonymous Symbol]                       0x08004784   Section        0  lcd.o(.text.LCD_SetCursor)
    [Anonymous Symbol]                       0x080047a8   Section        0  lcd.o(.text.LCD_SetTextColor)
    [Anonymous Symbol]                       0x080047c0   Section        0  lcd.o(.text.LCD_WriteRAM)
    [Anonymous Symbol]                       0x0800482c   Section        0  lcd.o(.text.LCD_WriteRAM_Prepare)
    [Anonymous Symbol]                       0x08004890   Section        0  lcd.o(.text.LCD_WriteReg)
    [Anonymous Symbol]                       0x08004918   Section        0  dma.o(.text.MX_DMA_Init)
    [Anonymous Symbol]                       0x08004994   Section        0  gpio.o(.text.MX_GPIO_Init)
    [Anonymous Symbol]                       0x08004acc   Section        0  tim.o(.text.MX_TIM2_Init)
    [Anonymous Symbol]                       0x08004bac   Section        0  tim.o(.text.MX_TIM3_Init)
    [Anonymous Symbol]                       0x08004cc8   Section        0  tim.o(.text.MX_TIM6_Init)
    [Anonymous Symbol]                       0x08004d28   Section        0  tim.o(.text.MX_TIM7_Init)
    [Anonymous Symbol]                       0x08004d84   Section        0  usart.o(.text.MX_USART1_UART_Init)
    [Anonymous Symbol]                       0x08004e3c   Section        0  stm32g4xx_it.o(.text.MemManage_Handler)
    [Anonymous Symbol]                       0x08004e40   Section        0  stm32g4xx_it.o(.text.NMI_Handler)
    NVIC_EncodePriority                      0x08004e45   Thumb Code   108  stm32g4xx_hal_cortex.o(.text.NVIC_EncodePriority)
    [Anonymous Symbol]                       0x08004e44   Section        0  stm32g4xx_hal_cortex.o(.text.NVIC_EncodePriority)
    [Anonymous Symbol]                       0x08004eb0   Section        0  stm32g4xx_it.o(.text.PendSV_Handler)
    RCC_GetSysClockFreqFromPLLSource         0x08004eb5   Thumb Code   156  stm32g4xx_hal_rcc.o(.text.RCC_GetSysClockFreqFromPLLSource)
    [Anonymous Symbol]                       0x08004eb4   Section        0  stm32g4xx_hal_rcc.o(.text.RCC_GetSysClockFreqFromPLLSource)
    [Anonymous Symbol]                       0x08004f50   Section        0  lcd.o(.text.REG_8230_Init)
    [Anonymous Symbol]                       0x08005070   Section        0  lcd.o(.text.REG_932X_Init)
    [Anonymous Symbol]                       0x0800528c   Section        0  stm32g4xx_it.o(.text.SVC_Handler)
    SysTick_Config                           0x08005291   Thumb Code    82  stm32g4xx_hal_cortex.o(.text.SysTick_Config)
    [Anonymous Symbol]                       0x08005290   Section        0  stm32g4xx_hal_cortex.o(.text.SysTick_Config)
    [Anonymous Symbol]                       0x080052e4   Section        0  stm32g4xx_it.o(.text.SysTick_Handler)
    [Anonymous Symbol]                       0x080052ec   Section        0  main.o(.text.SystemClock_Config)
    [Anonymous Symbol]                       0x08005384   Section        0  system_stm32g4xx.o(.text.SystemInit)
    [Anonymous Symbol]                       0x08005398   Section        0  stm32g4xx_it.o(.text.TIM6_DAC_IRQHandler)
    [Anonymous Symbol]                       0x080053a8   Section        0  stm32g4xx_it.o(.text.TIM7_IRQHandler)
    [Anonymous Symbol]                       0x080053b8   Section        0  stm32g4xx_hal_tim.o(.text.TIM_Base_SetConfig)
    [Anonymous Symbol]                       0x08005550   Section        0  stm32g4xx_hal_tim.o(.text.TIM_CCxChannelCmd)
    [Anonymous Symbol]                       0x08005588   Section        0  stm32g4xx_hal_tim.o(.text.TIM_ETR_SetConfig)
    TIM_ITRx_SetConfig                       0x080055bd   Thumb Code    48  stm32g4xx_hal_tim.o(.text.TIM_ITRx_SetConfig)
    [Anonymous Symbol]                       0x080055bc   Section        0  stm32g4xx_hal_tim.o(.text.TIM_ITRx_SetConfig)
    TIM_OC1_SetConfig                        0x080055ed   Thumb Code   340  stm32g4xx_hal_tim.o(.text.TIM_OC1_SetConfig)
    [Anonymous Symbol]                       0x080055ec   Section        0  stm32g4xx_hal_tim.o(.text.TIM_OC1_SetConfig)
    [Anonymous Symbol]                       0x08005740   Section        0  stm32g4xx_hal_tim.o(.text.TIM_OC2_SetConfig)
    TIM_OC3_SetConfig                        0x080058b1   Thumb Code   366  stm32g4xx_hal_tim.o(.text.TIM_OC3_SetConfig)
    [Anonymous Symbol]                       0x080058b0   Section        0  stm32g4xx_hal_tim.o(.text.TIM_OC3_SetConfig)
    TIM_OC4_SetConfig                        0x08005a21   Thumb Code   368  stm32g4xx_hal_tim.o(.text.TIM_OC4_SetConfig)
    [Anonymous Symbol]                       0x08005a20   Section        0  stm32g4xx_hal_tim.o(.text.TIM_OC4_SetConfig)
    TIM_OC5_SetConfig                        0x08005b91   Thumb Code   210  stm32g4xx_hal_tim.o(.text.TIM_OC5_SetConfig)
    [Anonymous Symbol]                       0x08005b90   Section        0  stm32g4xx_hal_tim.o(.text.TIM_OC5_SetConfig)
    TIM_OC6_SetConfig                        0x08005c65   Thumb Code   212  stm32g4xx_hal_tim.o(.text.TIM_OC6_SetConfig)
    [Anonymous Symbol]                       0x08005c64   Section        0  stm32g4xx_hal_tim.o(.text.TIM_OC6_SetConfig)
    TIM_SlaveTimer_SetConfig                 0x08005d39   Thumb Code   390  stm32g4xx_hal_tim.o(.text.TIM_SlaveTimer_SetConfig)
    [Anonymous Symbol]                       0x08005d38   Section        0  stm32g4xx_hal_tim.o(.text.TIM_SlaveTimer_SetConfig)
    TIM_TI1_ConfigInputStage                 0x08005ec1   Thumb Code    80  stm32g4xx_hal_tim.o(.text.TIM_TI1_ConfigInputStage)
    [Anonymous Symbol]                       0x08005ec0   Section        0  stm32g4xx_hal_tim.o(.text.TIM_TI1_ConfigInputStage)
    [Anonymous Symbol]                       0x08005f10   Section        0  stm32g4xx_hal_tim.o(.text.TIM_TI1_SetConfig)
    TIM_TI2_ConfigInputStage                 0x08006001   Thumb Code    82  stm32g4xx_hal_tim.o(.text.TIM_TI2_ConfigInputStage)
    [Anonymous Symbol]                       0x08006000   Section        0  stm32g4xx_hal_tim.o(.text.TIM_TI2_ConfigInputStage)
    TIM_TI2_SetConfig                        0x08006055   Thumb Code   108  stm32g4xx_hal_tim.o(.text.TIM_TI2_SetConfig)
    [Anonymous Symbol]                       0x08006054   Section        0  stm32g4xx_hal_tim.o(.text.TIM_TI2_SetConfig)
    TIM_TI3_SetConfig                        0x080060c1   Thumb Code   106  stm32g4xx_hal_tim.o(.text.TIM_TI3_SetConfig)
    [Anonymous Symbol]                       0x080060c0   Section        0  stm32g4xx_hal_tim.o(.text.TIM_TI3_SetConfig)
    TIM_TI4_SetConfig                        0x0800612d   Thumb Code   108  stm32g4xx_hal_tim.o(.text.TIM_TI4_SetConfig)
    [Anonymous Symbol]                       0x0800612c   Section        0  stm32g4xx_hal_tim.o(.text.TIM_TI4_SetConfig)
    UARTEx_SetNbDataToProcess                0x08006199   Thumb Code   134  stm32g4xx_hal_uart_ex.o(.text.UARTEx_SetNbDataToProcess)
    [Anonymous Symbol]                       0x08006198   Section        0  stm32g4xx_hal_uart_ex.o(.text.UARTEx_SetNbDataToProcess)
    [Anonymous Symbol]                       0x08006220   Section        0  stm32g4xx_hal_uart.o(.text.UART_AdvFeatureConfig)
    [Anonymous Symbol]                       0x08006368   Section        0  stm32g4xx_hal_uart.o(.text.UART_CheckIdleState)
    UART_DMAAbortOnError                     0x080064b1   Thumb Code    36  stm32g4xx_hal_uart.o(.text.UART_DMAAbortOnError)
    [Anonymous Symbol]                       0x080064b0   Section        0  stm32g4xx_hal_uart.o(.text.UART_DMAAbortOnError)
    UART_DMAError                            0x080064d5   Thumb Code   128  stm32g4xx_hal_uart.o(.text.UART_DMAError)
    [Anonymous Symbol]                       0x080064d4   Section        0  stm32g4xx_hal_uart.o(.text.UART_DMAError)
    UART_DMAReceiveCplt                      0x08006555   Thumb Code   248  stm32g4xx_hal_uart.o(.text.UART_DMAReceiveCplt)
    [Anonymous Symbol]                       0x08006554   Section        0  stm32g4xx_hal_uart.o(.text.UART_DMAReceiveCplt)
    UART_DMARxHalfCplt                       0x0800664d   Thumb Code    54  stm32g4xx_hal_uart.o(.text.UART_DMARxHalfCplt)
    [Anonymous Symbol]                       0x0800664c   Section        0  stm32g4xx_hal_uart.o(.text.UART_DMARxHalfCplt)
    UART_EndRxTransfer                       0x08006685   Thumb Code   158  stm32g4xx_hal_uart.o(.text.UART_EndRxTransfer)
    [Anonymous Symbol]                       0x08006684   Section        0  stm32g4xx_hal_uart.o(.text.UART_EndRxTransfer)
    UART_EndTransmit_IT                      0x08006725   Thumb Code    68  stm32g4xx_hal_uart.o(.text.UART_EndTransmit_IT)
    [Anonymous Symbol]                       0x08006724   Section        0  stm32g4xx_hal_uart.o(.text.UART_EndTransmit_IT)
    UART_EndTxTransfer                       0x08006769   Thumb Code    92  stm32g4xx_hal_uart.o(.text.UART_EndTxTransfer)
    [Anonymous Symbol]                       0x08006768   Section        0  stm32g4xx_hal_uart.o(.text.UART_EndTxTransfer)
    [Anonymous Symbol]                       0x080067c4   Section        0  stm32g4xx_hal_uart.o(.text.UART_SetConfig)
    [Anonymous Symbol]                       0x08006d34   Section        0  stm32g4xx_hal_uart.o(.text.UART_Start_Receive_DMA)
    [Anonymous Symbol]                       0x08006e64   Section        0  stm32g4xx_hal_uart.o(.text.UART_WaitOnFlagUntilTimeout)
    [Anonymous Symbol]                       0x08006f70   Section        0  stm32g4xx_it.o(.text.USART1_IRQHandler)
    [Anonymous Symbol]                       0x08006f80   Section        0  stm32g4xx_it.o(.text.UsageFault_Handler)
    __NVIC_EnableIRQ                         0x08006f85   Thumb Code    48  stm32g4xx_hal_cortex.o(.text.__NVIC_EnableIRQ)
    [Anonymous Symbol]                       0x08006f84   Section        0  stm32g4xx_hal_cortex.o(.text.__NVIC_EnableIRQ)
    __NVIC_GetPriorityGrouping               0x08006fb5   Thumb Code    16  stm32g4xx_hal_cortex.o(.text.__NVIC_GetPriorityGrouping)
    [Anonymous Symbol]                       0x08006fb4   Section        0  stm32g4xx_hal_cortex.o(.text.__NVIC_GetPriorityGrouping)
    __NVIC_SetPriority                       0x08006fc5   Thumb Code    66  stm32g4xx_hal_cortex.o(.text.__NVIC_SetPriority)
    [Anonymous Symbol]                       0x08006fc4   Section        0  stm32g4xx_hal_cortex.o(.text.__NVIC_SetPriority)
    __NVIC_SetPriorityGrouping               0x08007009   Thumb Code    60  stm32g4xx_hal_cortex.o(.text.__NVIC_SetPriorityGrouping)
    [Anonymous Symbol]                       0x08007008   Section        0  stm32g4xx_hal_cortex.o(.text.__NVIC_SetPriorityGrouping)
    [Anonymous Symbol]                       0x08007044   Section        0  keyapp.o(.text.key_proc)
    [Anonymous Symbol]                       0x080073b0   Section        0  lcdapp.o(.text.lcd_disp)
    [Anonymous Symbol]                       0x080073e8   Section        0  lcdapp.o(.text.lcd_init)
    [Anonymous Symbol]                       0x0800740c   Section        0  lcdapp.o(.text.lcd_proc)
    [Anonymous Symbol]                       0x08007514   Section        0  ledapp.o(.text.led_renew)
    [Anonymous Symbol]                       0x08007568   Section        0  main.o(.text.main)
    [Anonymous Symbol]                       0x080075a8   Section        0  timapp.o(.text.pwm_switch)
    [Anonymous Symbol]                       0x080075e8   Section        0  scheduler.o(.text.scheduler_run)
    [Anonymous Symbol]                       0x08007678   Section        0  timapp.o(.text.tims_init)
    i.__0vsprintf                            0x080076ac   Section        0  printfa.o(i.__0vsprintf)
    i.__scatterload_copy                     0x080076d0   Section       14  handlers.o(i.__scatterload_copy)
    i.__scatterload_null                     0x080076de   Section        2  handlers.o(i.__scatterload_null)
    i.__scatterload_zeroinit                 0x080076e0   Section       14  handlers.o(i.__scatterload_zeroinit)
    _fp_digits                               0x080076f1   Thumb Code   366  printfa.o(i._fp_digits)
    i._fp_digits                             0x080076f0   Section        0  printfa.o(i._fp_digits)
    _printf_core                             0x08007875   Thumb Code  1744  printfa.o(i._printf_core)
    i._printf_core                           0x08007874   Section        0  printfa.o(i._printf_core)
    _printf_post_padding                     0x08007f51   Thumb Code    36  printfa.o(i._printf_post_padding)
    i._printf_post_padding                   0x08007f50   Section        0  printfa.o(i._printf_post_padding)
    _printf_pre_padding                      0x08007f75   Thumb Code    46  printfa.o(i._printf_pre_padding)
    i._printf_pre_padding                    0x08007f74   Section        0  printfa.o(i._printf_pre_padding)
    _sputc                                   0x08007fa3   Thumb Code    10  printfa.o(i._sputc)
    i._sputc                                 0x08007fa2   Section        0  printfa.o(i._sputc)
    UARTEx_SetNbDataToProcess.denominator    0x08009194   Data           8  stm32g4xx_hal_uart_ex.o(.rodata.UARTEx_SetNbDataToProcess.denominator)
    [Anonymous Symbol]                       0x08009194   Section        0  stm32g4xx_hal_uart_ex.o(.rodata.UARTEx_SetNbDataToProcess.denominator)
    UARTEx_SetNbDataToProcess.numerator      0x0800919c   Data           8  stm32g4xx_hal_uart_ex.o(.rodata.UARTEx_SetNbDataToProcess.numerator)
    [Anonymous Symbol]                       0x0800919c   Section        0  stm32g4xx_hal_uart_ex.o(.rodata.UARTEx_SetNbDataToProcess.numerator)
    .L.str.10                                0x080091bc   Data          15  lcdapp.o(.rodata.str1.1)
    [Anonymous Symbol]                       0x080091bc   Section        0  lcdapp.o(.rodata.str1.1)
    .L.str.2                                 0x080091cb   Data          15  lcdapp.o(.rodata.str1.1)
    .L.str.1                                 0x080091da   Data          15  lcdapp.o(.rodata.str1.1)
    .L.str.9                                 0x080091e9   Data          13  lcdapp.o(.rodata.str1.1)
    .L.str.4                                 0x080091f6   Data          11  lcdapp.o(.rodata.str1.1)
    .L.str.6                                 0x08009201   Data          11  lcdapp.o(.rodata.str1.1)
    .L.str.3                                 0x0800920c   Data          12  lcdapp.o(.rodata.str1.1)
    .L.str.5                                 0x08009218   Data          12  lcdapp.o(.rodata.str1.1)
    .L.str.8                                 0x08009224   Data          15  lcdapp.o(.rodata.str1.1)
    .L.str.7                                 0x08009233   Data          11  lcdapp.o(.rodata.str1.1)
    .L.str                                   0x0800923e   Data          11  lcdapp.o(.rodata.str1.1)
    BackColor                                0x20000000   Data           2  lcd.o(.data.BackColor)
    [Anonymous Symbol]                       0x20000000   Section        0  lcd.o(.data.BackColor)
    scheduler_run.tasks_num                  0x2000000b   Data           1  scheduler.o(.data.scheduler_run.tasks_num)
    [Anonymous Symbol]                       0x2000000b   Section        0  scheduler.o(.data.scheduler_run.tasks_num)
    TextColor                                0x20000030   Data           2  lcd.o(.bss.TextColor)
    [Anonymous Symbol]                       0x20000030   Section        0  lcd.o(.bss.TextColor)
    STACK                                    0x20000398   Section     1024  startup_stm32g431xx.o(STACK)

    Global Symbols

    Symbol Name                              Value     Ov Type        Size  Object(Section)

    BuildAttributes$$THM_ISAv4$E$P$D$K$B$S$7EM$VFPi3$EXTD16$VFPS$VFMA$PE$A:L22UL41UL21$X:L11$S22US41US21$IEEE1$IW$~IW$USESV6$~STKCKD$USESV7$~SHL$OSPACE$ROPI$EBA8$MICROLIB$REQ8$PRES8$EABIv2 0x00000000   Number         0  anon$$obj.o ABSOLUTE
    __cpp_initialize__aeabi_                  - Undefined Weak Reference
    __cxa_finalize                            - Undefined Weak Reference
    __decompress                              - Undefined Weak Reference
    _clock_init                               - Undefined Weak Reference
    _microlib_exit                            - Undefined Weak Reference
    __Vectors_Size                           0x000001d8   Number         0  startup_stm32g431xx.o ABSOLUTE
    __Vectors                                0x08000000   Data           4  startup_stm32g431xx.o(RESET)
    __Vectors_End                            0x080001d8   Data           0  startup_stm32g431xx.o(RESET)
    __main                                   0x080001d9   Thumb Code     0  entry.o(.ARM.Collect$$$$00000000)
    _main_stk                                0x080001d9   Thumb Code     0  entry2.o(.ARM.Collect$$$$00000001)
    _main_scatterload                        0x080001dd   Thumb Code     0  entry5.o(.ARM.Collect$$$$00000004)
    __main_after_scatterload                 0x080001e1   Thumb Code     0  entry5.o(.ARM.Collect$$$$00000004)
    _main_clock                              0x080001e1   Thumb Code     0  entry7b.o(.ARM.Collect$$$$00000008)
    _main_cpp_init                           0x080001e1   Thumb Code     0  entry8b.o(.ARM.Collect$$$$0000000A)
    _main_init                               0x080001e1   Thumb Code     0  entry9a.o(.ARM.Collect$$$$0000000B)
    __rt_final_cpp                           0x080001e9   Thumb Code     0  entry10a.o(.ARM.Collect$$$$0000000D)
    __rt_final_exit                          0x080001e9   Thumb Code     0  entry11a.o(.ARM.Collect$$$$0000000F)
    Reset_Handler                            0x080001ed   Thumb Code     8  startup_stm32g431xx.o(.text)
    ADC1_2_IRQHandler                        0x08000207   Thumb Code     0  startup_stm32g431xx.o(.text)
    COMP1_2_3_IRQHandler                     0x08000207   Thumb Code     0  startup_stm32g431xx.o(.text)
    COMP4_IRQHandler                         0x08000207   Thumb Code     0  startup_stm32g431xx.o(.text)
    CORDIC_IRQHandler                        0x08000207   Thumb Code     0  startup_stm32g431xx.o(.text)
    CRS_IRQHandler                           0x08000207   Thumb Code     0  startup_stm32g431xx.o(.text)
    DMA1_Channel4_IRQHandler                 0x08000207   Thumb Code     0  startup_stm32g431xx.o(.text)
    DMA1_Channel5_IRQHandler                 0x08000207   Thumb Code     0  startup_stm32g431xx.o(.text)
    DMA1_Channel6_IRQHandler                 0x08000207   Thumb Code     0  startup_stm32g431xx.o(.text)
    DMA2_Channel1_IRQHandler                 0x08000207   Thumb Code     0  startup_stm32g431xx.o(.text)
    DMA2_Channel2_IRQHandler                 0x08000207   Thumb Code     0  startup_stm32g431xx.o(.text)
    DMA2_Channel3_IRQHandler                 0x08000207   Thumb Code     0  startup_stm32g431xx.o(.text)
    DMA2_Channel4_IRQHandler                 0x08000207   Thumb Code     0  startup_stm32g431xx.o(.text)
    DMA2_Channel5_IRQHandler                 0x08000207   Thumb Code     0  startup_stm32g431xx.o(.text)
    DMA2_Channel6_IRQHandler                 0x08000207   Thumb Code     0  startup_stm32g431xx.o(.text)
    DMAMUX_OVR_IRQHandler                    0x08000207   Thumb Code     0  startup_stm32g431xx.o(.text)
    EXTI0_IRQHandler                         0x08000207   Thumb Code     0  startup_stm32g431xx.o(.text)
    EXTI15_10_IRQHandler                     0x08000207   Thumb Code     0  startup_stm32g431xx.o(.text)
    EXTI1_IRQHandler                         0x08000207   Thumb Code     0  startup_stm32g431xx.o(.text)
    EXTI2_IRQHandler                         0x08000207   Thumb Code     0  startup_stm32g431xx.o(.text)
    EXTI3_IRQHandler                         0x08000207   Thumb Code     0  startup_stm32g431xx.o(.text)
    EXTI4_IRQHandler                         0x08000207   Thumb Code     0  startup_stm32g431xx.o(.text)
    EXTI9_5_IRQHandler                       0x08000207   Thumb Code     0  startup_stm32g431xx.o(.text)
    FDCAN1_IT0_IRQHandler                    0x08000207   Thumb Code     0  startup_stm32g431xx.o(.text)
    FDCAN1_IT1_IRQHandler                    0x08000207   Thumb Code     0  startup_stm32g431xx.o(.text)
    FLASH_IRQHandler                         0x08000207   Thumb Code     0  startup_stm32g431xx.o(.text)
    FMAC_IRQHandler                          0x08000207   Thumb Code     0  startup_stm32g431xx.o(.text)
    FPU_IRQHandler                           0x08000207   Thumb Code     0  startup_stm32g431xx.o(.text)
    I2C1_ER_IRQHandler                       0x08000207   Thumb Code     0  startup_stm32g431xx.o(.text)
    I2C1_EV_IRQHandler                       0x08000207   Thumb Code     0  startup_stm32g431xx.o(.text)
    I2C2_ER_IRQHandler                       0x08000207   Thumb Code     0  startup_stm32g431xx.o(.text)
    I2C2_EV_IRQHandler                       0x08000207   Thumb Code     0  startup_stm32g431xx.o(.text)
    I2C3_ER_IRQHandler                       0x08000207   Thumb Code     0  startup_stm32g431xx.o(.text)
    I2C3_EV_IRQHandler                       0x08000207   Thumb Code     0  startup_stm32g431xx.o(.text)
    LPTIM1_IRQHandler                        0x08000207   Thumb Code     0  startup_stm32g431xx.o(.text)
    LPUART1_IRQHandler                       0x08000207   Thumb Code     0  startup_stm32g431xx.o(.text)
    PVD_PVM_IRQHandler                       0x08000207   Thumb Code     0  startup_stm32g431xx.o(.text)
    RCC_IRQHandler                           0x08000207   Thumb Code     0  startup_stm32g431xx.o(.text)
    RNG_IRQHandler                           0x08000207   Thumb Code     0  startup_stm32g431xx.o(.text)
    RTC_Alarm_IRQHandler                     0x08000207   Thumb Code     0  startup_stm32g431xx.o(.text)
    RTC_TAMP_LSECSS_IRQHandler               0x08000207   Thumb Code     0  startup_stm32g431xx.o(.text)
    RTC_WKUP_IRQHandler                      0x08000207   Thumb Code     0  startup_stm32g431xx.o(.text)
    SAI1_IRQHandler                          0x08000207   Thumb Code     0  startup_stm32g431xx.o(.text)
    SPI1_IRQHandler                          0x08000207   Thumb Code     0  startup_stm32g431xx.o(.text)
    SPI2_IRQHandler                          0x08000207   Thumb Code     0  startup_stm32g431xx.o(.text)
    SPI3_IRQHandler                          0x08000207   Thumb Code     0  startup_stm32g431xx.o(.text)
    TIM1_BRK_TIM15_IRQHandler                0x08000207   Thumb Code     0  startup_stm32g431xx.o(.text)
    TIM1_CC_IRQHandler                       0x08000207   Thumb Code     0  startup_stm32g431xx.o(.text)
    TIM1_TRG_COM_TIM17_IRQHandler            0x08000207   Thumb Code     0  startup_stm32g431xx.o(.text)
    TIM1_UP_TIM16_IRQHandler                 0x08000207   Thumb Code     0  startup_stm32g431xx.o(.text)
    TIM2_IRQHandler                          0x08000207   Thumb Code     0  startup_stm32g431xx.o(.text)
    TIM3_IRQHandler                          0x08000207   Thumb Code     0  startup_stm32g431xx.o(.text)
    TIM4_IRQHandler                          0x08000207   Thumb Code     0  startup_stm32g431xx.o(.text)
    TIM8_BRK_IRQHandler                      0x08000207   Thumb Code     0  startup_stm32g431xx.o(.text)
    TIM8_CC_IRQHandler                       0x08000207   Thumb Code     0  startup_stm32g431xx.o(.text)
    TIM8_TRG_COM_IRQHandler                  0x08000207   Thumb Code     0  startup_stm32g431xx.o(.text)
    TIM8_UP_IRQHandler                       0x08000207   Thumb Code     0  startup_stm32g431xx.o(.text)
    UART4_IRQHandler                         0x08000207   Thumb Code     0  startup_stm32g431xx.o(.text)
    UCPD1_IRQHandler                         0x08000207   Thumb Code     0  startup_stm32g431xx.o(.text)
    USART2_IRQHandler                        0x08000207   Thumb Code     0  startup_stm32g431xx.o(.text)
    USART3_IRQHandler                        0x08000207   Thumb Code     0  startup_stm32g431xx.o(.text)
    USBWakeUp_IRQHandler                     0x08000207   Thumb Code     0  startup_stm32g431xx.o(.text)
    USB_HP_IRQHandler                        0x08000207   Thumb Code     0  startup_stm32g431xx.o(.text)
    USB_LP_IRQHandler                        0x08000207   Thumb Code     0  startup_stm32g431xx.o(.text)
    WWDG_IRQHandler                          0x08000207   Thumb Code     0  startup_stm32g431xx.o(.text)
    __aeabi_uldivmod                         0x08000211   Thumb Code    98  uldiv.o(.text)
    __aeabi_memset                           0x08000273   Thumb Code    14  memseta.o(.text)
    __aeabi_memset4                          0x08000273   Thumb Code     0  memseta.o(.text)
    __aeabi_memset8                          0x08000273   Thumb Code     0  memseta.o(.text)
    __aeabi_memclr                           0x08000281   Thumb Code     4  memseta.o(.text)
    __aeabi_memclr4                          0x08000281   Thumb Code     0  memseta.o(.text)
    __aeabi_memclr8                          0x08000281   Thumb Code     0  memseta.o(.text)
    _memset$wrapper                          0x08000285   Thumb Code    18  memseta.o(.text)
    __aeabi_uidiv                            0x08000297   Thumb Code     0  uidiv.o(.text)
    __aeabi_uidivmod                         0x08000297   Thumb Code    44  uidiv.o(.text)
    __aeabi_llsl                             0x080002c3   Thumb Code    30  llshl.o(.text)
    _ll_shift_l                              0x080002c3   Thumb Code     0  llshl.o(.text)
    __aeabi_llsr                             0x080002e1   Thumb Code    32  llushr.o(.text)
    _ll_ushift_r                             0x080002e1   Thumb Code     0  llushr.o(.text)
    __I$use$fp                               0x08000301   Thumb Code     0  iusefp.o(.text)
    __aeabi_dadd                             0x08000301   Thumb Code   322  dadd.o(.text)
    __aeabi_dsub                             0x08000443   Thumb Code     6  dadd.o(.text)
    __aeabi_drsub                            0x08000449   Thumb Code     6  dadd.o(.text)
    __aeabi_dmul                             0x0800044f   Thumb Code   228  dmul.o(.text)
    __aeabi_ddiv                             0x08000533   Thumb Code   222  ddiv.o(.text)
    __aeabi_d2ulz                            0x08000611   Thumb Code    48  dfixul.o(.text)
    __aeabi_cdrcmple                         0x08000641   Thumb Code    48  cdrcmple.o(.text)
    __scatterload                            0x08000671   Thumb Code    38  init.o(.text)
    __scatterload_rt2                        0x08000671   Thumb Code     0  init.o(.text)
    __aeabi_lasr                             0x080006a1   Thumb Code    36  llsshr.o(.text)
    _ll_sshift_r                             0x080006a1   Thumb Code     0  llsshr.o(.text)
    _double_round                            0x080006c5   Thumb Code    30  depilogue.o(.text)
    _double_epilogue                         0x080006e3   Thumb Code   156  depilogue.o(.text)
    BusFault_Handler                         0x08000781   Thumb Code     4  stm32g4xx_it.o(.text.BusFault_Handler)
    DMA1_Channel1_IRQHandler                 0x08000785   Thumb Code    16  stm32g4xx_it.o(.text.DMA1_Channel1_IRQHandler)
    DMA1_Channel2_IRQHandler                 0x08000795   Thumb Code    16  stm32g4xx_it.o(.text.DMA1_Channel2_IRQHandler)
    DMA1_Channel3_IRQHandler                 0x080007a5   Thumb Code    16  stm32g4xx_it.o(.text.DMA1_Channel3_IRQHandler)
    DebugMon_Handler                         0x080008d5   Thumb Code     2  stm32g4xx_it.o(.text.DebugMon_Handler)
    Delay_LCD                                0x080008d9   Thumb Code    82  lcd.o(.text.Delay_LCD)
    Error_Handler                            0x0800092d   Thumb Code    14  main.o(.text.Error_Handler)
    HAL_DMA_Abort                            0x0800093d   Thumb Code   156  stm32g4xx_hal_dma.o(.text.HAL_DMA_Abort)
    HAL_DMA_Abort_IT                         0x080009d9   Thumb Code   194  stm32g4xx_hal_dma.o(.text.HAL_DMA_Abort_IT)
    HAL_DMA_IRQHandler                       0x08000a9d   Thumb Code   342  stm32g4xx_hal_dma.o(.text.HAL_DMA_IRQHandler)
    HAL_DMA_Init                             0x08000bf5   Thumb Code   342  stm32g4xx_hal_dma.o(.text.HAL_DMA_Init)
    HAL_DMA_Start_IT                         0x08000d4d   Thumb Code   252  stm32g4xx_hal_dma.o(.text.HAL_DMA_Start_IT)
    HAL_Delay                                0x08000e49   Thumb Code    66  stm32g4xx_hal.o(.text.HAL_Delay)
    HAL_GPIO_Init                            0x08000e8d   Thumb Code   872  stm32g4xx_hal_gpio.o(.text.HAL_GPIO_Init)
    HAL_GPIO_ReadPin                         0x080011f5   Thumb Code    46  stm32g4xx_hal_gpio.o(.text.HAL_GPIO_ReadPin)
    HAL_GPIO_WritePin                        0x08001225   Thumb Code    44  stm32g4xx_hal_gpio.o(.text.HAL_GPIO_WritePin)
    HAL_GetTick                              0x08001251   Thumb Code    12  stm32g4xx_hal.o(.text.HAL_GetTick)
    HAL_IncTick                              0x0800125d   Thumb Code    26  stm32g4xx_hal.o(.text.HAL_IncTick)
    HAL_Init                                 0x08001279   Thumb Code    50  stm32g4xx_hal.o(.text.HAL_Init)
    HAL_InitTick                             0x080012ad   Thumb Code   136  stm32g4xx_hal.o(.text.HAL_InitTick)
    HAL_MspInit                              0x08001335   Thumb Code    72  stm32g4xx_hal_msp.o(.text.HAL_MspInit)
    HAL_NVIC_EnableIRQ                       0x0800137d   Thumb Code    20  stm32g4xx_hal_cortex.o(.text.HAL_NVIC_EnableIRQ)
    HAL_NVIC_SetPriority                     0x08001391   Thumb Code    46  stm32g4xx_hal_cortex.o(.text.HAL_NVIC_SetPriority)
    HAL_NVIC_SetPriorityGrouping             0x080013c1   Thumb Code    16  stm32g4xx_hal_cortex.o(.text.HAL_NVIC_SetPriorityGrouping)
    HAL_PWREx_ControlVoltageScaling          0x080013d1   Thumb Code   436  stm32g4xx_hal_pwr_ex.o(.text.HAL_PWREx_ControlVoltageScaling)
    HAL_PWREx_DisableUCPDDeadBattery         0x08001585   Thumb Code    18  stm32g4xx_hal_pwr_ex.o(.text.HAL_PWREx_DisableUCPDDeadBattery)
    HAL_RCCEx_PeriphCLKConfig                0x08001599   Thumb Code  1114  stm32g4xx_hal_rcc_ex.o(.text.HAL_RCCEx_PeriphCLKConfig)
    HAL_RCC_ClockConfig                      0x080019f5   Thumb Code   806  stm32g4xx_hal_rcc.o(.text.HAL_RCC_ClockConfig)
    HAL_RCC_GetHCLKFreq                      0x08001d1d   Thumb Code    12  stm32g4xx_hal_rcc.o(.text.HAL_RCC_GetHCLKFreq)
    HAL_RCC_GetPCLK1Freq                     0x08001d29   Thumb Code    38  stm32g4xx_hal_rcc.o(.text.HAL_RCC_GetPCLK1Freq)
    HAL_RCC_GetPCLK2Freq                     0x08001d51   Thumb Code    38  stm32g4xx_hal_rcc.o(.text.HAL_RCC_GetPCLK2Freq)
    HAL_RCC_GetSysClockFreq                  0x08001d79   Thumb Code   252  stm32g4xx_hal_rcc.o(.text.HAL_RCC_GetSysClockFreq)
    HAL_RCC_OscConfig                        0x08001e75   Thumb Code  1974  stm32g4xx_hal_rcc.o(.text.HAL_RCC_OscConfig)
    HAL_SYSTICK_Config                       0x0800262d   Thumb Code    16  stm32g4xx_hal_cortex.o(.text.HAL_SYSTICK_Config)
    HAL_TIMEx_Break2Callback                 0x0800263d   Thumb Code     8  stm32g4xx_hal_tim_ex.o(.text.HAL_TIMEx_Break2Callback)
    HAL_TIMEx_BreakCallback                  0x08002645   Thumb Code     8  stm32g4xx_hal_tim_ex.o(.text.HAL_TIMEx_BreakCallback)
    HAL_TIMEx_CommutCallback                 0x0800264d   Thumb Code     8  stm32g4xx_hal_tim_ex.o(.text.HAL_TIMEx_CommutCallback)
    HAL_TIMEx_DirectionChangeCallback        0x08002655   Thumb Code     8  stm32g4xx_hal_tim_ex.o(.text.HAL_TIMEx_DirectionChangeCallback)
    HAL_TIMEx_EncoderIndexCallback           0x0800265d   Thumb Code     8  stm32g4xx_hal_tim_ex.o(.text.HAL_TIMEx_EncoderIndexCallback)
    HAL_TIMEx_IndexErrorCallback             0x08002665   Thumb Code     8  stm32g4xx_hal_tim_ex.o(.text.HAL_TIMEx_IndexErrorCallback)
    HAL_TIMEx_MasterConfigSynchronization    0x0800266d   Thumb Code   318  stm32g4xx_hal_tim_ex.o(.text.HAL_TIMEx_MasterConfigSynchronization)
    HAL_TIMEx_TransitionErrorCallback        0x080027ad   Thumb Code     8  stm32g4xx_hal_tim_ex.o(.text.HAL_TIMEx_TransitionErrorCallback)
    HAL_TIM_Base_Init                        0x080027b5   Thumb Code   168  stm32g4xx_hal_tim.o(.text.HAL_TIM_Base_Init)
    HAL_TIM_Base_MspInit                     0x0800285d   Thumb Code   486  tim.o(.text.HAL_TIM_Base_MspInit)
    HAL_TIM_Base_Start_IT                    0x08002a45   Thumb Code   226  stm32g4xx_hal_tim.o(.text.HAL_TIM_Base_Start_IT)
    HAL_TIM_Base_Stop_IT                     0x08002b29   Thumb Code    82  stm32g4xx_hal_tim.o(.text.HAL_TIM_Base_Stop_IT)
    HAL_TIM_ConfigClockSource                0x08002b7d   Thumb Code   468  stm32g4xx_hal_tim.o(.text.HAL_TIM_ConfigClockSource)
    HAL_TIM_IC_CaptureCallback               0x08002d51   Thumb Code     8  stm32g4xx_hal_tim.o(.text.HAL_TIM_IC_CaptureCallback)
    HAL_TIM_IC_ConfigChannel                 0x08002d59   Thumb Code   304  stm32g4xx_hal_tim.o(.text.HAL_TIM_IC_ConfigChannel)
    HAL_TIM_IC_Init                          0x08002e89   Thumb Code   168  stm32g4xx_hal_tim.o(.text.HAL_TIM_IC_Init)
    HAL_TIM_IC_MspInit                       0x08002f31   Thumb Code     8  stm32g4xx_hal_tim.o(.text.HAL_TIM_IC_MspInit)
    HAL_TIM_IRQHandler                       0x08002f39   Thumb Code   768  stm32g4xx_hal_tim.o(.text.HAL_TIM_IRQHandler)
    HAL_TIM_MspPostInit                      0x08003239   Thumb Code    92  tim.o(.text.HAL_TIM_MspPostInit)
    HAL_TIM_OC_DelayElapsedCallback          0x08003295   Thumb Code     8  stm32g4xx_hal_tim.o(.text.HAL_TIM_OC_DelayElapsedCallback)
    HAL_TIM_PWM_ConfigChannel                0x0800329d   Thumb Code   432  stm32g4xx_hal_tim.o(.text.HAL_TIM_PWM_ConfigChannel)
    HAL_TIM_PWM_Init                         0x0800344d   Thumb Code   168  stm32g4xx_hal_tim.o(.text.HAL_TIM_PWM_Init)
    HAL_TIM_PWM_MspInit                      0x080034f5   Thumb Code     8  stm32g4xx_hal_tim.o(.text.HAL_TIM_PWM_MspInit)
    HAL_TIM_PWM_PulseFinishedCallback        0x080034fd   Thumb Code     8  stm32g4xx_hal_tim.o(.text.HAL_TIM_PWM_PulseFinishedCallback)
    HAL_TIM_PWM_Start                        0x08003505   Thumb Code   606  stm32g4xx_hal_tim.o(.text.HAL_TIM_PWM_Start)
    HAL_TIM_PeriodElapsedCallback            0x08003765   Thumb Code   320  timapp.o(.text.HAL_TIM_PeriodElapsedCallback)
    HAL_TIM_SlaveConfigSynchro               0x080038a5   Thumb Code   150  stm32g4xx_hal_tim.o(.text.HAL_TIM_SlaveConfigSynchro)
    HAL_TIM_TriggerCallback                  0x0800393d   Thumb Code     8  stm32g4xx_hal_tim.o(.text.HAL_TIM_TriggerCallback)
    HAL_UARTEx_DisableFifoMode               0x08003945   Thumb Code   124  stm32g4xx_hal_uart_ex.o(.text.HAL_UARTEx_DisableFifoMode)
    HAL_UARTEx_ReceiveToIdle_DMA             0x080039c1   Thumb Code   176  stm32g4xx_hal_uart_ex.o(.text.HAL_UARTEx_ReceiveToIdle_DMA)
    HAL_UARTEx_RxEventCallback               0x08003a71   Thumb Code   186  usart.o(.text.HAL_UARTEx_RxEventCallback)
    HAL_UARTEx_RxFifoFullCallback            0x08003b2d   Thumb Code     8  stm32g4xx_hal_uart_ex.o(.text.HAL_UARTEx_RxFifoFullCallback)
    HAL_UARTEx_SetRxFifoThreshold            0x08003b35   Thumb Code   140  stm32g4xx_hal_uart_ex.o(.text.HAL_UARTEx_SetRxFifoThreshold)
    HAL_UARTEx_SetTxFifoThreshold            0x08003bc1   Thumb Code   140  stm32g4xx_hal_uart_ex.o(.text.HAL_UARTEx_SetTxFifoThreshold)
    HAL_UARTEx_TxFifoEmptyCallback           0x08003c4d   Thumb Code     8  stm32g4xx_hal_uart_ex.o(.text.HAL_UARTEx_TxFifoEmptyCallback)
    HAL_UARTEx_WakeupCallback                0x08003c55   Thumb Code     8  stm32g4xx_hal_uart_ex.o(.text.HAL_UARTEx_WakeupCallback)
    HAL_UART_ErrorCallback                   0x08003c5d   Thumb Code     8  stm32g4xx_hal_uart.o(.text.HAL_UART_ErrorCallback)
    HAL_UART_IRQHandler                      0x08003c65   Thumb Code  1430  stm32g4xx_hal_uart.o(.text.HAL_UART_IRQHandler)
    HAL_UART_Init                            0x080041fd   Thumb Code   170  stm32g4xx_hal_uart.o(.text.HAL_UART_Init)
    HAL_UART_MspInit                         0x080042a9   Thumb Code   232  usart.o(.text.HAL_UART_MspInit)
    HAL_UART_RxCpltCallback                  0x08004391   Thumb Code     8  stm32g4xx_hal_uart.o(.text.HAL_UART_RxCpltCallback)
    HAL_UART_RxHalfCpltCallback              0x08004399   Thumb Code     8  stm32g4xx_hal_uart.o(.text.HAL_UART_RxHalfCpltCallback)
    HAL_UART_TxCpltCallback                  0x080043a1   Thumb Code     8  stm32g4xx_hal_uart.o(.text.HAL_UART_TxCpltCallback)
    HardFault_Handler                        0x080043a9   Thumb Code     4  stm32g4xx_it.o(.text.HardFault_Handler)
    LCD_BusIn                                0x080043ad   Thumb Code    48  lcd.o(.text.LCD_BusIn)
    LCD_BusOut                               0x080043dd   Thumb Code    50  lcd.o(.text.LCD_BusOut)
    LCD_Clear                                0x08004411   Thumb Code    62  lcd.o(.text.LCD_Clear)
    LCD_CtrlLinesConfig                      0x08004451   Thumb Code   214  lcd.o(.text.LCD_CtrlLinesConfig)
    LCD_DisplayChar                          0x08004529   Thumb Code    62  lcd.o(.text.LCD_DisplayChar)
    LCD_DisplayStringLine                    0x08004569   Thumb Code   102  lcd.o(.text.LCD_DisplayStringLine)
    LCD_DrawChar                             0x080045d1   Thumb Code   174  lcd.o(.text.LCD_DrawChar)
    LCD_Init                                 0x08004681   Thumb Code    66  lcd.o(.text.LCD_Init)
    LCD_ReadReg                              0x080046c5   Thumb Code   168  lcd.o(.text.LCD_ReadReg)
    LCD_SetBackColor                         0x0800476d   Thumb Code    24  lcd.o(.text.LCD_SetBackColor)
    LCD_SetCursor                            0x08004785   Thumb Code    36  lcd.o(.text.LCD_SetCursor)
    LCD_SetTextColor                         0x080047a9   Thumb Code    24  lcd.o(.text.LCD_SetTextColor)
    LCD_WriteRAM                             0x080047c1   Thumb Code   108  lcd.o(.text.LCD_WriteRAM)
    LCD_WriteRAM_Prepare                     0x0800482d   Thumb Code    98  lcd.o(.text.LCD_WriteRAM_Prepare)
    LCD_WriteReg                             0x08004891   Thumb Code   134  lcd.o(.text.LCD_WriteReg)
    MX_DMA_Init                              0x08004919   Thumb Code   124  dma.o(.text.MX_DMA_Init)
    MX_GPIO_Init                             0x08004995   Thumb Code   310  gpio.o(.text.MX_GPIO_Init)
    MX_TIM2_Init                             0x08004acd   Thumb Code   222  tim.o(.text.MX_TIM2_Init)
    MX_TIM3_Init                             0x08004bad   Thumb Code   282  tim.o(.text.MX_TIM3_Init)
    MX_TIM6_Init                             0x08004cc9   Thumb Code    94  tim.o(.text.MX_TIM6_Init)
    MX_TIM7_Init                             0x08004d29   Thumb Code    92  tim.o(.text.MX_TIM7_Init)
    MX_USART1_UART_Init                      0x08004d85   Thumb Code   182  usart.o(.text.MX_USART1_UART_Init)
    MemManage_Handler                        0x08004e3d   Thumb Code     4  stm32g4xx_it.o(.text.MemManage_Handler)
    NMI_Handler                              0x08004e41   Thumb Code     4  stm32g4xx_it.o(.text.NMI_Handler)
    PendSV_Handler                           0x08004eb1   Thumb Code     2  stm32g4xx_it.o(.text.PendSV_Handler)
    REG_8230_Init                            0x08004f51   Thumb Code   286  lcd.o(.text.REG_8230_Init)
    REG_932X_Init                            0x08005071   Thumb Code   540  lcd.o(.text.REG_932X_Init)
    SVC_Handler                              0x0800528d   Thumb Code     2  stm32g4xx_it.o(.text.SVC_Handler)
    SysTick_Handler                          0x080052e5   Thumb Code     8  stm32g4xx_it.o(.text.SysTick_Handler)
    SystemClock_Config                       0x080052ed   Thumb Code   150  main.o(.text.SystemClock_Config)
    SystemInit                               0x08005385   Thumb Code    18  system_stm32g4xx.o(.text.SystemInit)
    TIM6_DAC_IRQHandler                      0x08005399   Thumb Code    16  stm32g4xx_it.o(.text.TIM6_DAC_IRQHandler)
    TIM7_IRQHandler                          0x080053a9   Thumb Code    16  stm32g4xx_it.o(.text.TIM7_IRQHandler)
    TIM_Base_SetConfig                       0x080053b9   Thumb Code   406  stm32g4xx_hal_tim.o(.text.TIM_Base_SetConfig)
    TIM_CCxChannelCmd                        0x08005551   Thumb Code    54  stm32g4xx_hal_tim.o(.text.TIM_CCxChannelCmd)
    TIM_ETR_SetConfig                        0x08005589   Thumb Code    52  stm32g4xx_hal_tim.o(.text.TIM_ETR_SetConfig)
    TIM_OC2_SetConfig                        0x08005741   Thumb Code   368  stm32g4xx_hal_tim.o(.text.TIM_OC2_SetConfig)
    TIM_TI1_SetConfig                        0x08005f11   Thumb Code   240  stm32g4xx_hal_tim.o(.text.TIM_TI1_SetConfig)
    UART_AdvFeatureConfig                    0x08006221   Thumb Code   328  stm32g4xx_hal_uart.o(.text.UART_AdvFeatureConfig)
    UART_CheckIdleState                      0x08006369   Thumb Code   326  stm32g4xx_hal_uart.o(.text.UART_CheckIdleState)
    UART_SetConfig                           0x080067c5   Thumb Code  1392  stm32g4xx_hal_uart.o(.text.UART_SetConfig)
    UART_Start_Receive_DMA                   0x08006d35   Thumb Code   302  stm32g4xx_hal_uart.o(.text.UART_Start_Receive_DMA)
    UART_WaitOnFlagUntilTimeout              0x08006e65   Thumb Code   268  stm32g4xx_hal_uart.o(.text.UART_WaitOnFlagUntilTimeout)
    USART1_IRQHandler                        0x08006f71   Thumb Code    16  stm32g4xx_it.o(.text.USART1_IRQHandler)
    UsageFault_Handler                       0x08006f81   Thumb Code     4  stm32g4xx_it.o(.text.UsageFault_Handler)
    key_proc                                 0x08007045   Thumb Code   876  keyapp.o(.text.key_proc)
    lcd_disp                                 0x080073b1   Thumb Code    54  lcdapp.o(.text.lcd_disp)
    lcd_init                                 0x080073e9   Thumb Code    34  lcdapp.o(.text.lcd_init)
    lcd_proc                                 0x0800740d   Thumb Code   262  lcdapp.o(.text.lcd_proc)
    led_renew                                0x08007515   Thumb Code    82  ledapp.o(.text.led_renew)
    main                                     0x08007569   Thumb Code    64  main.o(.text.main)
    pwm_switch                               0x080075a9   Thumb Code    64  timapp.o(.text.pwm_switch)
    scheduler_run                            0x080075e9   Thumb Code   144  scheduler.o(.text.scheduler_run)
    tims_init                                0x08007679   Thumb Code    50  timapp.o(.text.tims_init)
    __0vsprintf                              0x080076ad   Thumb Code    30  printfa.o(i.__0vsprintf)
    __1vsprintf                              0x080076ad   Thumb Code     0  printfa.o(i.__0vsprintf)
    __2vsprintf                              0x080076ad   Thumb Code     0  printfa.o(i.__0vsprintf)
    __c89vsprintf                            0x080076ad   Thumb Code     0  printfa.o(i.__0vsprintf)
    vsprintf                                 0x080076ad   Thumb Code     0  printfa.o(i.__0vsprintf)
    __scatterload_copy                       0x080076d1   Thumb Code    14  handlers.o(i.__scatterload_copy)
    __scatterload_null                       0x080076df   Thumb Code     2  handlers.o(i.__scatterload_null)
    __scatterload_zeroinit                   0x080076e1   Thumb Code    14  handlers.o(i.__scatterload_zeroinit)
    AHBPrescTable                            0x08007fac   Data          16  system_stm32g4xx.o(.rodata.AHBPrescTable)
    APBPrescTable                            0x08007fbc   Data           8  system_stm32g4xx.o(.rodata.APBPrescTable)
    ASCII_Table                              0x08007fc4   Data        4560  lcd.o(.rodata.ASCII_Table)
    UARTPrescTable                           0x080091a4   Data          24  stm32g4xx_hal_uart.o(.rodata.UARTPrescTable)
    Region$$Table$$Base                      0x0800924c   Number         0  anon$$obj.o(Region$$Table)
    Region$$Table$$Limit                     0x0800926c   Number         0  anon$$obj.o(Region$$Table)
    SystemCoreClock                          0x20000004   Data           4  system_stm32g4xx.o(.data.SystemCoreClock)
    ans                                      0x20000008   Data           3  lcdapp.o(.data.ans)
    tasks                                    0x2000000c   Data          24  scheduler.o(.data.tasks)
    uwTickFreq                               0x20000024   Data           4  stm32g4xx_hal.o(.data.uwTickFreq)
    uwTickPrio                               0x20000028   Data           4  stm32g4xx_hal.o(.data.uwTickPrio)
    ans_wrong                                0x20000032   Data           1  keyapp.o(.bss.ans_wrong)
    b1_down                                  0x20000033   Data           1  lcdapp.o(.bss.b1_down)
    b1_num                                   0x20000034   Data           1  lcdapp.o(.bss.b1_num)
    b2_down                                  0x20000035   Data           1  lcdapp.o(.bss.b2_down)
    b2_num                                   0x20000036   Data           1  lcdapp.o(.bss.b2_num)
    b3_down                                  0x20000037   Data           1  lcdapp.o(.bss.b3_down)
    b3_num                                   0x20000038   Data           1  lcdapp.o(.bss.b3_num)
    dummy                                    0x2000003a   Data           2  lcd.o(.bss.dummy)
    hdma_tim3_ch1                            0x2000003c   Data          96  tim.o(.bss.hdma_tim3_ch1)
    hdma_tim3_ch2                            0x2000009c   Data          96  tim.o(.bss.hdma_tim3_ch2)
    hdma_usart1_rx                           0x200000fc   Data          96  usart.o(.bss.hdma_usart1_rx)
    htim2                                    0x2000015c   Data          76  tim.o(.bss.htim2)
    htim3                                    0x200001a8   Data          76  tim.o(.bss.htim3)
    htim6                                    0x200001f4   Data          76  tim.o(.bss.htim6)
    htim7                                    0x20000240   Data          76  tim.o(.bss.htim7)
    huart1                                   0x2000028c   Data         148  usart.o(.bss.huart1)
    key_down                                 0x20000320   Data           1  keyapp.o(.bss.key_down)
    key_old                                  0x20000321   Data           1  keyapp.o(.bss.key_old)
    key_up                                   0x20000322   Data           1  keyapp.o(.bss.key_up)
    key_val                                  0x20000323   Data           1  keyapp.o(.bss.key_val)
    lcd_view                                 0x20000324   Data           1  lcdapp.o(.bss.lcd_view)
    led2_count                               0x20000328   Data           4  timapp.o(.bss.led2_count)
    led2_state                               0x2000032c   Data           1  keyapp.o(.bss.led2_state)
    uart_rx_buffer                           0x2000032d   Data         100  usart.o(.bss.uart_rx_buffer)
    ucled                                    0x20000391   Data           1  ledapp.o(.bss.ucled)
    uwTick                                   0x20000394   Data           4  stm32g4xx_hal.o(.bss.uwTick)
    __initial_sp                             0x20000798   Data           0  startup_stm32g431xx.o(STACK)



==============================================================================

Memory Map of the image

  Image Entry point : 0x080001d9

  Load Region LR_IROM1 (Base: 0x08000000, Size: 0x000092a0, Max: 0x00020000, ABSOLUTE)

    Execution Region ER_IROM1 (Exec base: 0x08000000, Load base: 0x08000000, Size: 0x0000926c, Max: 0x00020000, ABSOLUTE)

    Exec Addr    Load Addr    Size         Type   Attr      Idx    E Section Name        Object

    0x08000000   0x08000000   0x000001d8   Data   RO            3    RESET               startup_stm32g431xx.o
    0x080001d8   0x080001d8   0x00000000   Code   RO         1441  * .ARM.Collect$$$$00000000  mc_w.l(entry.o)
    0x080001d8   0x080001d8   0x00000004   Code   RO         1476    .ARM.Collect$$$$00000001  mc_w.l(entry2.o)
    0x080001dc   0x080001dc   0x00000004   Code   RO         1479    .ARM.Collect$$$$00000004  mc_w.l(entry5.o)
    0x080001e0   0x080001e0   0x00000000   Code   RO         1481    .ARM.Collect$$$$00000008  mc_w.l(entry7b.o)
    0x080001e0   0x080001e0   0x00000000   Code   RO         1483    .ARM.Collect$$$$0000000A  mc_w.l(entry8b.o)
    0x080001e0   0x080001e0   0x00000008   Code   RO         1484    .ARM.Collect$$$$0000000B  mc_w.l(entry9a.o)
    0x080001e8   0x080001e8   0x00000000   Code   RO         1486    .ARM.Collect$$$$0000000D  mc_w.l(entry10a.o)
    0x080001e8   0x080001e8   0x00000000   Code   RO         1488    .ARM.Collect$$$$0000000F  mc_w.l(entry11a.o)
    0x080001e8   0x080001e8   0x00000004   Code   RO         1477    .ARM.Collect$$$$00002712  mc_w.l(entry2.o)
    0x080001ec   0x080001ec   0x00000024   Code   RO            4    .text               startup_stm32g431xx.o
    0x08000210   0x08000210   0x00000062   Code   RO         1444    .text               mc_w.l(uldiv.o)
    0x08000272   0x08000272   0x00000024   Code   RO         1446    .text               mc_w.l(memseta.o)
    0x08000296   0x08000296   0x0000002c   Code   RO         1500    .text               mc_w.l(uidiv.o)
    0x080002c2   0x080002c2   0x0000001e   Code   RO         1502    .text               mc_w.l(llshl.o)
    0x080002e0   0x080002e0   0x00000020   Code   RO         1504    .text               mc_w.l(llushr.o)
    0x08000300   0x08000300   0x00000000   Code   RO         1506    .text               mc_w.l(iusefp.o)
    0x08000300   0x08000300   0x0000014e   Code   RO         1507    .text               mf_w.l(dadd.o)
    0x0800044e   0x0800044e   0x000000e4   Code   RO         1509    .text               mf_w.l(dmul.o)
    0x08000532   0x08000532   0x000000de   Code   RO         1511    .text               mf_w.l(ddiv.o)
    0x08000610   0x08000610   0x00000030   Code   RO         1513    .text               mf_w.l(dfixul.o)
    0x08000640   0x08000640   0x00000030   Code   RO         1515    .text               mf_w.l(cdrcmple.o)
    0x08000670   0x08000670   0x00000030   Code   RO         1517    .text               mc_w.l(init.o)
    0x080006a0   0x080006a0   0x00000024   Code   RO         1519    .text               mc_w.l(llsshr.o)
    0x080006c4   0x080006c4   0x000000ba   Code   RO         1521    .text               mf_w.l(depilogue.o)
    0x0800077e   0x0800077e   0x00000002   PAD
    0x08000780   0x08000780   0x00000004   Code   RO           94    .text.BusFault_Handler  stm32g4xx_it.o
    0x08000784   0x08000784   0x00000010   Code   RO          106    .text.DMA1_Channel1_IRQHandler  stm32g4xx_it.o
    0x08000794   0x08000794   0x00000010   Code   RO          108    .text.DMA1_Channel2_IRQHandler  stm32g4xx_it.o
    0x080007a4   0x080007a4   0x00000010   Code   RO          110    .text.DMA1_Channel3_IRQHandler  stm32g4xx_it.o
    0x080007b4   0x080007b4   0x00000074   Code   RO          926    .text.DMA_CalcDMAMUXChannelBaseAndMask  stm32g4xx_hal_dma.o
    0x08000828   0x08000828   0x0000003c   Code   RO          928    .text.DMA_CalcDMAMUXRequestGenBaseAndMask  stm32g4xx_hal_dma.o
    0x08000864   0x08000864   0x0000006e   Code   RO          934    .text.DMA_SetConfig  stm32g4xx_hal_dma.o
    0x080008d2   0x080008d2   0x00000002   PAD
    0x080008d4   0x080008d4   0x00000002   Code   RO          100    .text.DebugMon_Handler  stm32g4xx_it.o
    0x080008d6   0x080008d6   0x00000002   PAD
    0x080008d8   0x080008d8   0x00000052   Code   RO         1321    .text.Delay_LCD     lcd.o
    0x0800092a   0x0800092a   0x00000002   PAD
    0x0800092c   0x0800092c   0x0000000e   Code   RO           15    .text.Error_Handler  main.o
    0x0800093a   0x0800093a   0x00000002   PAD
    0x0800093c   0x0800093c   0x0000009c   Code   RO          938    .text.HAL_DMA_Abort  stm32g4xx_hal_dma.o
    0x080009d8   0x080009d8   0x000000c2   Code   RO          940    .text.HAL_DMA_Abort_IT  stm32g4xx_hal_dma.o
    0x08000a9a   0x08000a9a   0x00000002   PAD
    0x08000a9c   0x08000a9c   0x00000156   Code   RO          944    .text.HAL_DMA_IRQHandler  stm32g4xx_hal_dma.o
    0x08000bf2   0x08000bf2   0x00000002   PAD
    0x08000bf4   0x08000bf4   0x00000156   Code   RO          924    .text.HAL_DMA_Init  stm32g4xx_hal_dma.o
    0x08000d4a   0x08000d4a   0x00000002   PAD
    0x08000d4c   0x08000d4c   0x000000fc   Code   RO          936    .text.HAL_DMA_Start_IT  stm32g4xx_hal_dma.o
    0x08000e48   0x08000e48   0x00000042   Code   RO          628    .text.HAL_Delay     stm32g4xx_hal.o
    0x08000e8a   0x08000e8a   0x00000002   PAD
    0x08000e8c   0x08000e8c   0x00000368   Code   RO          876    .text.HAL_GPIO_Init  stm32g4xx_hal_gpio.o
    0x080011f4   0x080011f4   0x0000002e   Code   RO          880    .text.HAL_GPIO_ReadPin  stm32g4xx_hal_gpio.o
    0x08001222   0x08001222   0x00000002   PAD
    0x08001224   0x08001224   0x0000002c   Code   RO          882    .text.HAL_GPIO_WritePin  stm32g4xx_hal_gpio.o
    0x08001250   0x08001250   0x0000000c   Code   RO          620    .text.HAL_GetTick   stm32g4xx_hal.o
    0x0800125c   0x0800125c   0x0000001a   Code   RO          618    .text.HAL_IncTick   stm32g4xx_hal.o
    0x08001276   0x08001276   0x00000002   PAD
    0x08001278   0x08001278   0x00000032   Code   RO          608    .text.HAL_Init      stm32g4xx_hal.o
    0x080012aa   0x080012aa   0x00000002   PAD
    0x080012ac   0x080012ac   0x00000088   Code   RO          610    .text.HAL_InitTick  stm32g4xx_hal.o
    0x08001334   0x08001334   0x00000048   Code   RO          125    .text.HAL_MspInit   stm32g4xx_hal_msp.o
    0x0800137c   0x0800137c   0x00000014   Code   RO         1029    .text.HAL_NVIC_EnableIRQ  stm32g4xx_hal_cortex.o
    0x08001390   0x08001390   0x0000002e   Code   RO         1021    .text.HAL_NVIC_SetPriority  stm32g4xx_hal_cortex.o
    0x080013be   0x080013be   0x00000002   PAD
    0x080013c0   0x080013c0   0x00000010   Code   RO         1017    .text.HAL_NVIC_SetPriorityGrouping  stm32g4xx_hal_cortex.o
    0x080013d0   0x080013d0   0x000001b4   Code   RO          529    .text.HAL_PWREx_ControlVoltageScaling  stm32g4xx_hal_pwr_ex.o
    0x08001584   0x08001584   0x00000012   Code   RO          599    .text.HAL_PWREx_DisableUCPDDeadBattery  stm32g4xx_hal_pwr_ex.o
    0x08001596   0x08001596   0x00000002   PAD
    0x08001598   0x08001598   0x0000045a   Code   RO          733    .text.HAL_RCCEx_PeriphCLKConfig  stm32g4xx_hal_rcc_ex.o
    0x080019f2   0x080019f2   0x00000002   PAD
    0x080019f4   0x080019f4   0x00000326   Code   RO          698    .text.HAL_RCC_ClockConfig  stm32g4xx_hal_rcc.o
    0x08001d1a   0x08001d1a   0x00000002   PAD
    0x08001d1c   0x08001d1c   0x0000000c   Code   RO          706    .text.HAL_RCC_GetHCLKFreq  stm32g4xx_hal_rcc.o
    0x08001d28   0x08001d28   0x00000026   Code   RO          708    .text.HAL_RCC_GetPCLK1Freq  stm32g4xx_hal_rcc.o
    0x08001d4e   0x08001d4e   0x00000002   PAD
    0x08001d50   0x08001d50   0x00000026   Code   RO          710    .text.HAL_RCC_GetPCLK2Freq  stm32g4xx_hal_rcc.o
    0x08001d76   0x08001d76   0x00000002   PAD
    0x08001d78   0x08001d78   0x000000fc   Code   RO          702    .text.HAL_RCC_GetSysClockFreq  stm32g4xx_hal_rcc.o
    0x08001e74   0x08001e74   0x000007b6   Code   RO          696    .text.HAL_RCC_OscConfig  stm32g4xx_hal_rcc.o
    0x0800262a   0x0800262a   0x00000002   PAD
    0x0800262c   0x0800262c   0x00000010   Code   RO         1041    .text.HAL_SYSTICK_Config  stm32g4xx_hal_cortex.o
    0x0800263c   0x0800263c   0x00000008   Code   RO          506    .text.HAL_TIMEx_Break2Callback  stm32g4xx_hal_tim_ex.o
    0x08002644   0x08002644   0x00000008   Code   RO          504    .text.HAL_TIMEx_BreakCallback  stm32g4xx_hal_tim_ex.o
    0x0800264c   0x0800264c   0x00000008   Code   RO          500    .text.HAL_TIMEx_CommutCallback  stm32g4xx_hal_tim_ex.o
    0x08002654   0x08002654   0x00000008   Code   RO          510    .text.HAL_TIMEx_DirectionChangeCallback  stm32g4xx_hal_tim_ex.o
    0x0800265c   0x0800265c   0x00000008   Code   RO          508    .text.HAL_TIMEx_EncoderIndexCallback  stm32g4xx_hal_tim_ex.o
    0x08002664   0x08002664   0x00000008   Code   RO          512    .text.HAL_TIMEx_IndexErrorCallback  stm32g4xx_hal_tim_ex.o
    0x0800266c   0x0800266c   0x0000013e   Code   RO          450    .text.HAL_TIMEx_MasterConfigSynchronization  stm32g4xx_hal_tim_ex.o
    0x080027aa   0x080027aa   0x00000002   PAD
    0x080027ac   0x080027ac   0x00000008   Code   RO          514    .text.HAL_TIMEx_TransitionErrorCallback  stm32g4xx_hal_tim_ex.o
    0x080027b4   0x080027b4   0x000000a8   Code   RO          133    .text.HAL_TIM_Base_Init  stm32g4xx_hal_tim.o
    0x0800285c   0x0800285c   0x000001e6   Code   RO           51    .text.HAL_TIM_Base_MspInit  tim.o
    0x08002a42   0x08002a42   0x00000002   PAD
    0x08002a44   0x08002a44   0x000000e2   Code   RO          147    .text.HAL_TIM_Base_Start_IT  stm32g4xx_hal_tim.o
    0x08002b26   0x08002b26   0x00000002   PAD
    0x08002b28   0x08002b28   0x00000052   Code   RO          149    .text.HAL_TIM_Base_Stop_IT  stm32g4xx_hal_tim.o
    0x08002b7a   0x08002b7a   0x00000002   PAD
    0x08002b7c   0x08002b7c   0x000001d4   Code   RO          329    .text.HAL_TIM_ConfigClockSource  stm32g4xx_hal_tim.o
    0x08002d50   0x08002d50   0x00000008   Code   RO          269    .text.HAL_TIM_IC_CaptureCallback  stm32g4xx_hal_tim.o
    0x08002d58   0x08002d58   0x00000130   Code   RO          293    .text.HAL_TIM_IC_ConfigChannel  stm32g4xx_hal_tim.o
    0x08002e88   0x08002e88   0x000000a8   Code   RO          207    .text.HAL_TIM_IC_Init  stm32g4xx_hal_tim.o
    0x08002f30   0x08002f30   0x00000008   Code   RO          209    .text.HAL_TIM_IC_MspInit  stm32g4xx_hal_tim.o
    0x08002f38   0x08002f38   0x00000300   Code   RO          267    .text.HAL_TIM_IRQHandler  stm32g4xx_hal_tim.o
    0x08003238   0x08003238   0x0000005c   Code   RO           43    .text.HAL_TIM_MspPostInit  tim.o
    0x08003294   0x08003294   0x00000008   Code   RO          271    .text.HAL_TIM_OC_DelayElapsedCallback  stm32g4xx_hal_tim.o
    0x0800329c   0x0800329c   0x000001b0   Code   RO          303    .text.HAL_TIM_PWM_ConfigChannel  stm32g4xx_hal_tim.o
    0x0800344c   0x0800344c   0x000000a8   Code   RO          187    .text.HAL_TIM_PWM_Init  stm32g4xx_hal_tim.o
    0x080034f4   0x080034f4   0x00000008   Code   RO          189    .text.HAL_TIM_PWM_MspInit  stm32g4xx_hal_tim.o
    0x080034fc   0x080034fc   0x00000008   Code   RO          273    .text.HAL_TIM_PWM_PulseFinishedCallback  stm32g4xx_hal_tim.o
    0x08003504   0x08003504   0x0000025e   Code   RO          195    .text.HAL_TIM_PWM_Start  stm32g4xx_hal_tim.o
    0x08003762   0x08003762   0x00000002   PAD
    0x08003764   0x08003764   0x00000140   Code   RO         1432    .text.HAL_TIM_PeriodElapsedCallback  timapp.o
    0x080038a4   0x080038a4   0x00000096   Code   RO          339    .text.HAL_TIM_SlaveConfigSynchro  stm32g4xx_hal_tim.o
    0x0800393a   0x0800393a   0x00000002   PAD
    0x0800393c   0x0800393c   0x00000008   Code   RO          277    .text.HAL_TIM_TriggerCallback  stm32g4xx_hal_tim.o
    0x08003944   0x08003944   0x0000007c   Code   RO         1262    .text.HAL_UARTEx_DisableFifoMode  stm32g4xx_hal_uart_ex.o
    0x080039c0   0x080039c0   0x000000b0   Code   RO         1272    .text.HAL_UARTEx_ReceiveToIdle_DMA  stm32g4xx_hal_uart_ex.o
    0x08003a70   0x08003a70   0x000000ba   Code   RO           76    .text.HAL_UARTEx_RxEventCallback  usart.o
    0x08003b2a   0x08003b2a   0x00000002   PAD
    0x08003b2c   0x08003b2c   0x00000008   Code   RO         1244    .text.HAL_UARTEx_RxFifoFullCallback  stm32g4xx_hal_uart_ex.o
    0x08003b34   0x08003b34   0x0000008c   Code   RO         1266    .text.HAL_UARTEx_SetRxFifoThreshold  stm32g4xx_hal_uart_ex.o
    0x08003bc0   0x08003bc0   0x0000008c   Code   RO         1264    .text.HAL_UARTEx_SetTxFifoThreshold  stm32g4xx_hal_uart_ex.o
    0x08003c4c   0x08003c4c   0x00000008   Code   RO         1246    .text.HAL_UARTEx_TxFifoEmptyCallback  stm32g4xx_hal_uart_ex.o
    0x08003c54   0x08003c54   0x00000008   Code   RO         1242    .text.HAL_UARTEx_WakeupCallback  stm32g4xx_hal_uart_ex.o
    0x08003c5c   0x08003c5c   0x00000008   Code   RO         1184    .text.HAL_UART_ErrorCallback  stm32g4xx_hal_uart.o
    0x08003c64   0x08003c64   0x00000596   Code   RO         1180    .text.HAL_UART_IRQHandler  stm32g4xx_hal_uart.o
    0x080041fa   0x080041fa   0x00000002   PAD
    0x080041fc   0x080041fc   0x000000aa   Code   RO         1092    .text.HAL_UART_Init  stm32g4xx_hal_uart.o
    0x080042a6   0x080042a6   0x00000002   PAD
    0x080042a8   0x080042a8   0x000000e8   Code   RO           70    .text.HAL_UART_MspInit  usart.o
    0x08004390   0x08004390   0x00000008   Code   RO         1194    .text.HAL_UART_RxCpltCallback  stm32g4xx_hal_uart.o
    0x08004398   0x08004398   0x00000008   Code   RO         1196    .text.HAL_UART_RxHalfCpltCallback  stm32g4xx_hal_uart.o
    0x080043a0   0x080043a0   0x00000008   Code   RO         1190    .text.HAL_UART_TxCpltCallback  stm32g4xx_hal_uart.o
    0x080043a8   0x080043a8   0x00000004   Code   RO           90    .text.HardFault_Handler  stm32g4xx_it.o
    0x080043ac   0x080043ac   0x00000030   Code   RO         1369    .text.LCD_BusIn     lcd.o
    0x080043dc   0x080043dc   0x00000032   Code   RO         1371    .text.LCD_BusOut    lcd.o
    0x0800440e   0x0800440e   0x00000002   PAD
    0x08004410   0x08004410   0x0000003e   Code   RO         1343    .text.LCD_Clear     lcd.o
    0x0800444e   0x0800444e   0x00000002   PAD
    0x08004450   0x08004450   0x000000d6   Code   RO         1331    .text.LCD_CtrlLinesConfig  lcd.o
    0x08004526   0x08004526   0x00000002   PAD
    0x08004528   0x08004528   0x0000003e   Code   RO         1353    .text.LCD_DisplayChar  lcd.o
    0x08004566   0x08004566   0x00000002   PAD
    0x08004568   0x08004568   0x00000066   Code   RO         1341    .text.LCD_DisplayStringLine  lcd.o
    0x080045ce   0x080045ce   0x00000002   PAD
    0x080045d0   0x080045d0   0x000000ae   Code   RO         1351    .text.LCD_DrawChar  lcd.o
    0x0800467e   0x0800467e   0x00000002   PAD
    0x08004680   0x08004680   0x00000042   Code   RO         1329    .text.LCD_Init      lcd.o
    0x080046c2   0x080046c2   0x00000002   PAD
    0x080046c4   0x080046c4   0x000000a8   Code   RO         1333    .text.LCD_ReadReg   lcd.o
    0x0800476c   0x0800476c   0x00000018   Code   RO         1337    .text.LCD_SetBackColor  lcd.o
    0x08004784   0x08004784   0x00000024   Code   RO         1345    .text.LCD_SetCursor  lcd.o
    0x080047a8   0x080047a8   0x00000018   Code   RO         1335    .text.LCD_SetTextColor  lcd.o
    0x080047c0   0x080047c0   0x0000006c   Code   RO         1349    .text.LCD_WriteRAM  lcd.o
    0x0800482c   0x0800482c   0x00000062   Code   RO         1347    .text.LCD_WriteRAM_Prepare  lcd.o
    0x0800488e   0x0800488e   0x00000002   PAD
    0x08004890   0x08004890   0x00000086   Code   RO         1325    .text.LCD_WriteReg  lcd.o
    0x08004916   0x08004916   0x00000002   PAD
    0x08004918   0x08004918   0x0000007c   Code   RO           33    .text.MX_DMA_Init   dma.o
    0x08004994   0x08004994   0x00000136   Code   RO           25    .text.MX_GPIO_Init  gpio.o
    0x08004aca   0x08004aca   0x00000002   PAD
    0x08004acc   0x08004acc   0x000000de   Code   RO           41    .text.MX_TIM2_Init  tim.o
    0x08004baa   0x08004baa   0x00000002   PAD
    0x08004bac   0x08004bac   0x0000011a   Code   RO           45    .text.MX_TIM3_Init  tim.o
    0x08004cc6   0x08004cc6   0x00000002   PAD
    0x08004cc8   0x08004cc8   0x0000005e   Code   RO           47    .text.MX_TIM6_Init  tim.o
    0x08004d26   0x08004d26   0x00000002   PAD
    0x08004d28   0x08004d28   0x0000005c   Code   RO           49    .text.MX_TIM7_Init  tim.o
    0x08004d84   0x08004d84   0x000000b6   Code   RO           68    .text.MX_USART1_UART_Init  usart.o
    0x08004e3a   0x08004e3a   0x00000002   PAD
    0x08004e3c   0x08004e3c   0x00000004   Code   RO           92    .text.MemManage_Handler  stm32g4xx_it.o
    0x08004e40   0x08004e40   0x00000004   Code   RO           88    .text.NMI_Handler   stm32g4xx_it.o
    0x08004e44   0x08004e44   0x0000006c   Code   RO         1027    .text.NVIC_EncodePriority  stm32g4xx_hal_cortex.o
    0x08004eb0   0x08004eb0   0x00000002   Code   RO          102    .text.PendSV_Handler  stm32g4xx_it.o
    0x08004eb2   0x08004eb2   0x00000002   PAD
    0x08004eb4   0x08004eb4   0x0000009c   Code   RO          700    .text.RCC_GetSysClockFreqFromPLLSource  stm32g4xx_hal_rcc.o
    0x08004f50   0x08004f50   0x0000011e   Code   RO         1323    .text.REG_8230_Init  lcd.o
    0x0800506e   0x0800506e   0x00000002   PAD
    0x08005070   0x08005070   0x0000021c   Code   RO         1327    .text.REG_932X_Init  lcd.o
    0x0800528c   0x0800528c   0x00000002   Code   RO           98    .text.SVC_Handler   stm32g4xx_it.o
    0x0800528e   0x0800528e   0x00000002   PAD
    0x08005290   0x08005290   0x00000052   Code   RO         1043    .text.SysTick_Config  stm32g4xx_hal_cortex.o
    0x080052e2   0x080052e2   0x00000002   PAD
    0x080052e4   0x080052e4   0x00000008   Code   RO          104    .text.SysTick_Handler  stm32g4xx_it.o
    0x080052ec   0x080052ec   0x00000096   Code   RO           13    .text.SystemClock_Config  main.o
    0x08005382   0x08005382   0x00000002   PAD
    0x08005384   0x08005384   0x00000012   Code   RO         1285    .text.SystemInit    system_stm32g4xx.o
    0x08005396   0x08005396   0x00000002   PAD
    0x08005398   0x08005398   0x00000010   Code   RO          114    .text.TIM6_DAC_IRQHandler  stm32g4xx_it.o
    0x080053a8   0x080053a8   0x00000010   Code   RO          116    .text.TIM7_IRQHandler  stm32g4xx_it.o
    0x080053b8   0x080053b8   0x00000196   Code   RO          137    .text.TIM_Base_SetConfig  stm32g4xx_hal_tim.o
    0x0800554e   0x0800554e   0x00000002   PAD
    0x08005550   0x08005550   0x00000036   Code   RO          171    .text.TIM_CCxChannelCmd  stm32g4xx_hal_tim.o
    0x08005586   0x08005586   0x00000002   PAD
    0x08005588   0x08005588   0x00000034   Code   RO          327    .text.TIM_ETR_SetConfig  stm32g4xx_hal_tim.o
    0x080055bc   0x080055bc   0x00000030   Code   RO          333    .text.TIM_ITRx_SetConfig  stm32g4xx_hal_tim.o
    0x080055ec   0x080055ec   0x00000154   Code   RO          281    .text.TIM_OC1_SetConfig  stm32g4xx_hal_tim.o
    0x08005740   0x08005740   0x00000170   Code   RO          283    .text.TIM_OC2_SetConfig  stm32g4xx_hal_tim.o
    0x080058b0   0x080058b0   0x0000016e   Code   RO          285    .text.TIM_OC3_SetConfig  stm32g4xx_hal_tim.o
    0x08005a1e   0x08005a1e   0x00000002   PAD
    0x08005a20   0x08005a20   0x00000170   Code   RO          287    .text.TIM_OC4_SetConfig  stm32g4xx_hal_tim.o
    0x08005b90   0x08005b90   0x000000d2   Code   RO          289    .text.TIM_OC5_SetConfig  stm32g4xx_hal_tim.o
    0x08005c62   0x08005c62   0x00000002   PAD
    0x08005c64   0x08005c64   0x000000d4   Code   RO          291    .text.TIM_OC6_SetConfig  stm32g4xx_hal_tim.o
    0x08005d38   0x08005d38   0x00000186   Code   RO          341    .text.TIM_SlaveTimer_SetConfig  stm32g4xx_hal_tim.o
    0x08005ebe   0x08005ebe   0x00000002   PAD
    0x08005ec0   0x08005ec0   0x00000050   Code   RO          331    .text.TIM_TI1_ConfigInputStage  stm32g4xx_hal_tim.o
    0x08005f10   0x08005f10   0x000000f0   Code   RO          295    .text.TIM_TI1_SetConfig  stm32g4xx_hal_tim.o
    0x08006000   0x08006000   0x00000052   Code   RO          335    .text.TIM_TI2_ConfigInputStage  stm32g4xx_hal_tim.o
    0x08006052   0x08006052   0x00000002   PAD
    0x08006054   0x08006054   0x0000006c   Code   RO          297    .text.TIM_TI2_SetConfig  stm32g4xx_hal_tim.o
    0x080060c0   0x080060c0   0x0000006a   Code   RO          299    .text.TIM_TI3_SetConfig  stm32g4xx_hal_tim.o
    0x0800612a   0x0800612a   0x00000002   PAD
    0x0800612c   0x0800612c   0x0000006c   Code   RO          301    .text.TIM_TI4_SetConfig  stm32g4xx_hal_tim.o
    0x08006198   0x08006198   0x00000086   Code   RO         1260    .text.UARTEx_SetNbDataToProcess  stm32g4xx_hal_uart_ex.o
    0x0800621e   0x0800621e   0x00000002   PAD
    0x08006220   0x08006220   0x00000148   Code   RO         1096    .text.UART_AdvFeatureConfig  stm32g4xx_hal_uart.o
    0x08006368   0x08006368   0x00000146   Code   RO         1100    .text.UART_CheckIdleState  stm32g4xx_hal_uart.o
    0x080064ae   0x080064ae   0x00000002   PAD
    0x080064b0   0x080064b0   0x00000024   Code   RO         1182    .text.UART_DMAAbortOnError  stm32g4xx_hal_uart.o
    0x080064d4   0x080064d4   0x00000080   Code   RO         1138    .text.UART_DMAError  stm32g4xx_hal_uart.o
    0x08006554   0x08006554   0x000000f8   Code   RO         1228    .text.UART_DMAReceiveCplt  stm32g4xx_hal_uart.o
    0x0800664c   0x0800664c   0x00000036   Code   RO         1230    .text.UART_DMARxHalfCplt  stm32g4xx_hal_uart.o
    0x08006682   0x08006682   0x00000002   PAD
    0x08006684   0x08006684   0x0000009e   Code   RO         1152    .text.UART_EndRxTransfer  stm32g4xx_hal_uart.o
    0x08006722   0x08006722   0x00000002   PAD
    0x08006724   0x08006724   0x00000044   Code   RO         1188    .text.UART_EndTransmit_IT  stm32g4xx_hal_uart.o
    0x08006768   0x08006768   0x0000005c   Code   RO         1150    .text.UART_EndTxTransfer  stm32g4xx_hal_uart.o
    0x080067c4   0x080067c4   0x00000570   Code   RO         1098    .text.UART_SetConfig  stm32g4xx_hal_uart.o
    0x08006d34   0x08006d34   0x0000012e   Code   RO         1142    .text.UART_Start_Receive_DMA  stm32g4xx_hal_uart.o
    0x08006e62   0x08006e62   0x00000002   PAD
    0x08006e64   0x08006e64   0x0000010c   Code   RO         1114    .text.UART_WaitOnFlagUntilTimeout  stm32g4xx_hal_uart.o
    0x08006f70   0x08006f70   0x00000010   Code   RO          112    .text.USART1_IRQHandler  stm32g4xx_it.o
    0x08006f80   0x08006f80   0x00000004   Code   RO           96    .text.UsageFault_Handler  stm32g4xx_it.o
    0x08006f84   0x08006f84   0x00000030   Code   RO         1031    .text.__NVIC_EnableIRQ  stm32g4xx_hal_cortex.o
    0x08006fb4   0x08006fb4   0x00000010   Code   RO         1023    .text.__NVIC_GetPriorityGrouping  stm32g4xx_hal_cortex.o
    0x08006fc4   0x08006fc4   0x00000042   Code   RO         1025    .text.__NVIC_SetPriority  stm32g4xx_hal_cortex.o
    0x08007006   0x08007006   0x00000002   PAD
    0x08007008   0x08007008   0x0000003c   Code   RO         1019    .text.__NVIC_SetPriorityGrouping  stm32g4xx_hal_cortex.o
    0x08007044   0x08007044   0x0000036c   Code   RO         1414    .text.key_proc      keyapp.o
    0x080073b0   0x080073b0   0x00000036   Code   RO         1301    .text.lcd_disp      lcdapp.o
    0x080073e6   0x080073e6   0x00000002   PAD
    0x080073e8   0x080073e8   0x00000022   Code   RO         1299    .text.lcd_init      lcdapp.o
    0x0800740a   0x0800740a   0x00000002   PAD
    0x0800740c   0x0800740c   0x00000106   Code   RO         1303    .text.lcd_proc      lcdapp.o
    0x08007512   0x08007512   0x00000002   PAD
    0x08007514   0x08007514   0x00000052   Code   RO         1405    .text.led_renew     ledapp.o
    0x08007566   0x08007566   0x00000002   PAD
    0x08007568   0x08007568   0x00000040   Code   RO           11    .text.main          main.o
    0x080075a8   0x080075a8   0x00000040   Code   RO         1430    .text.pwm_switch    timapp.o
    0x080075e8   0x080075e8   0x00000090   Code   RO         1395    .text.scheduler_run  scheduler.o
    0x08007678   0x08007678   0x00000032   Code   RO         1428    .text.tims_init     timapp.o
    0x080076aa   0x080076aa   0x00000002   PAD
    0x080076ac   0x080076ac   0x00000024   Code   RO         1455    i.__0vsprintf       mc_w.l(printfa.o)
    0x080076d0   0x080076d0   0x0000000e   Code   RO         1525    i.__scatterload_copy  mc_w.l(handlers.o)
    0x080076de   0x080076de   0x00000002   Code   RO         1526    i.__scatterload_null  mc_w.l(handlers.o)
    0x080076e0   0x080076e0   0x0000000e   Code   RO         1527    i.__scatterload_zeroinit  mc_w.l(handlers.o)
    0x080076ee   0x080076ee   0x00000002   PAD
    0x080076f0   0x080076f0   0x00000184   Code   RO         1456    i._fp_digits        mc_w.l(printfa.o)
    0x08007874   0x08007874   0x000006dc   Code   RO         1457    i._printf_core      mc_w.l(printfa.o)
    0x08007f50   0x08007f50   0x00000024   Code   RO         1458    i._printf_post_padding  mc_w.l(printfa.o)
    0x08007f74   0x08007f74   0x0000002e   Code   RO         1459    i._printf_pre_padding  mc_w.l(printfa.o)
    0x08007fa2   0x08007fa2   0x0000000a   Code   RO         1461    i._sputc            mc_w.l(printfa.o)
    0x08007fac   0x08007fac   0x00000010   Data   RO         1290    .rodata.AHBPrescTable  system_stm32g4xx.o
    0x08007fbc   0x08007fbc   0x00000008   Data   RO         1291    .rodata.APBPrescTable  system_stm32g4xx.o
    0x08007fc4   0x08007fc4   0x000011d0   Data   RO         1383    .rodata.ASCII_Table  lcd.o
    0x08009194   0x08009194   0x00000008   Data   RO         1277    .rodata.UARTEx_SetNbDataToProcess.denominator  stm32g4xx_hal_uart_ex.o
    0x0800919c   0x0800919c   0x00000008   Data   RO         1276    .rodata.UARTEx_SetNbDataToProcess.numerator  stm32g4xx_hal_uart_ex.o
    0x080091a4   0x080091a4   0x00000018   Data   RO         1232    .rodata.UARTPrescTable  stm32g4xx_hal_uart.o
    0x080091bc   0x080091bc   0x0000008d   Data   RO         1313    .rodata.str1.1      lcdapp.o
    0x08009249   0x08009249   0x00000003   PAD
    0x0800924c   0x0800924c   0x00000020   Data   RO         1524    Region$$Table       anon$$obj.o


    Execution Region RW_IRAM1 (Exec base: 0x20000000, Load base: 0x08009270, Size: 0x00000798, Max: 0x00008000, ABSOLUTE)

    Exec Addr    Load Addr    Size         Type   Attr      Idx    E Section Name        Object

    0x20000000   0x08009270   0x00000002   Data   RW         1386    .data.BackColor     lcd.o
    0x20000002   0x08009272   0x00000002   PAD
    0x20000004   0x08009274   0x00000004   Data   RW         1289    .data.SystemCoreClock  system_stm32g4xx.o
    0x20000008   0x08009278   0x00000003   Data   RW         1312    .data.ans           lcdapp.o
    0x2000000b   0x0800927b   0x00000001   Data   RW         1398    .data.scheduler_run.tasks_num  scheduler.o
    0x2000000c   0x0800927c   0x00000018   Data   RW         1397    .data.tasks         scheduler.o
    0x20000024   0x08009294   0x00000004   Data   RW          685    .data.uwTickFreq    stm32g4xx_hal.o
    0x20000028   0x08009298   0x00000004   Data   RW          684    .data.uwTickPrio    stm32g4xx_hal.o
    0x2000002c   0x0800929c   0x00000004   PAD
    0x20000030        -       0x00000002   Zero   RW         1385    .bss.TextColor      lcd.o
    0x20000032        -       0x00000001   Zero   RW         1417    .bss.ans_wrong      keyapp.o
    0x20000033        -       0x00000001   Zero   RW         1306    .bss.b1_down        lcdapp.o
    0x20000034        -       0x00000001   Zero   RW         1309    .bss.b1_num         lcdapp.o
    0x20000035        -       0x00000001   Zero   RW         1307    .bss.b2_down        lcdapp.o
    0x20000036        -       0x00000001   Zero   RW         1310    .bss.b2_num         lcdapp.o
    0x20000037        -       0x00000001   Zero   RW         1308    .bss.b3_down        lcdapp.o
    0x20000038        -       0x00000001   Zero   RW         1311    .bss.b3_num         lcdapp.o
    0x20000039   0x0800929c   0x00000001   PAD
    0x2000003a        -       0x00000002   Zero   RW         1384    .bss.dummy          lcd.o
    0x2000003c        -       0x00000060   Zero   RW           60    .bss.hdma_tim3_ch1  tim.o
    0x2000009c        -       0x00000060   Zero   RW           59    .bss.hdma_tim3_ch2  tim.o
    0x200000fc        -       0x00000060   Zero   RW           80    .bss.hdma_usart1_rx  usart.o
    0x2000015c        -       0x0000004c   Zero   RW           55    .bss.htim2          tim.o
    0x200001a8        -       0x0000004c   Zero   RW           56    .bss.htim3          tim.o
    0x200001f4        -       0x0000004c   Zero   RW           57    .bss.htim6          tim.o
    0x20000240        -       0x0000004c   Zero   RW           58    .bss.htim7          tim.o
    0x2000028c        -       0x00000094   Zero   RW           79    .bss.huart1         usart.o
    0x20000320        -       0x00000001   Zero   RW         1420    .bss.key_down       keyapp.o
    0x20000321        -       0x00000001   Zero   RW         1416    .bss.key_old        keyapp.o
    0x20000322        -       0x00000001   Zero   RW         1421    .bss.key_up         keyapp.o
    0x20000323        -       0x00000001   Zero   RW         1419    .bss.key_val        keyapp.o
    0x20000324        -       0x00000001   Zero   RW         1305    .bss.lcd_view       lcdapp.o
    0x20000325   0x0800929c   0x00000003   PAD
    0x20000328        -       0x00000004   Zero   RW         1434    .bss.led2_count     timapp.o
    0x2000032c        -       0x00000001   Zero   RW         1418    .bss.led2_state     keyapp.o
    0x2000032d        -       0x00000064   Zero   RW           78    .bss.uart_rx_buffer  usart.o
    0x20000391        -       0x00000001   Zero   RW         1407    .bss.ucled          ledapp.o
    0x20000392   0x0800929c   0x00000002   PAD
    0x20000394        -       0x00000004   Zero   RW          686    .bss.uwTick         stm32g4xx_hal.o
    0x20000398        -       0x00000400   Zero   RW            1    STACK               startup_stm32g431xx.o


==============================================================================

Image component sizes


      Code (inc. data)   RO Data    RW Data    ZI Data      Debug   Object Name

       124          0          0          0          0       3267   dma.o
       310          0          0          0          0       2431   gpio.o
       876          4          0          0          6       1720   keyapp.o
      2278          0       4560          2          4       8342   lcd.o
       350          0        141          3          7       1588   lcdapp.o
        82          0          0          0          1       1168   ledapp.o
       228          0          0          0          0       2345   main.o
       144          0          0         25          0        952   scheduler.o
        36          8        472          0       1024        852   startup_stm32g431xx.o
       290          0          0          8          4       8427   stm32g4xx_hal.o
       478          0          0          0          0       9417   stm32g4xx_hal_cortex.o
      1572          0          0          0          0       7778   stm32g4xx_hal_dma.o
       962          0          0          0          0       5315   stm32g4xx_hal_gpio.o
        72          0          0          0          0       1644   stm32g4xx_hal_msp.o
       454          0          0          0          0       7810   stm32g4xx_hal_pwr_ex.o
      3276          0          0          0          0       9399   stm32g4xx_hal_rcc.o
      1114          0          0          0          0      10910   stm32g4xx_hal_rcc_ex.o
      7126         22          0          0          0      37865   stm32g4xx_hal_tim.o
       374          0          0          0          0      21676   stm32g4xx_hal_tim_ex.o
      5032         48         24          0          0      27369   stm32g4xx_hal_uart.o
       738          0         16          0          0       8898   stm32g4xx_hal_uart_ex.o
       130          0          0          0          0       1616   stm32g4xx_it.o
        18          0         24          4          0       2695   system_stm32g4xx.o
      1268          0          0          0        496      10154   tim.o
       434          0          0          0          4       4612   timapp.o
       600          0          0          0        344       8248   usart.o

    ----------------------------------------------------------------------
     28496         82       5272         44       1900     206498   Object Totals
         0          0         32          0          0          0   (incl. Generated)
       130          0          3          2         10          0   (incl. Padding)

    ----------------------------------------------------------------------

      Code (inc. data)   RO Data    RW Data    ZI Data      Debug   Library Member Name

         0          0          0          0          0          0   entry.o
         0          0          0          0          0          0   entry10a.o
         0          0          0          0          0          0   entry11a.o
         8          4          0          0          0          0   entry2.o
         4          0          0          0          0          0   entry5.o
         0          0          0          0          0          0   entry7b.o
         0          0          0          0          0          0   entry8b.o
         8          4          0          0          0          0   entry9a.o
        30          0          0          0          0          0   handlers.o
        48         10          0          0          0         68   init.o
         0          0          0          0          0          0   iusefp.o
        30          0          0          0          0         68   llshl.o
        36          0          0          0          0         68   llsshr.o
        32          0          0          0          0         68   llushr.o
        36          0          0          0          0        108   memseta.o
      2272         86          0          0          0        516   printfa.o
        44          0          0          0          0         80   uidiv.o
        98          0          0          0          0         92   uldiv.o
        48          0          0          0          0         68   cdrcmple.o
       334          0          0          0          0        148   dadd.o
       222          0          0          0          0        100   ddiv.o
       186          0          0          0          0        176   depilogue.o
        48          0          0          0          0         68   dfixul.o
       228          0          0          0          0         96   dmul.o

    ----------------------------------------------------------------------
      3716        104          0          0          0       1724   Library Totals
         4          0          0          0          0          0   (incl. Padding)

    ----------------------------------------------------------------------

      Code (inc. data)   RO Data    RW Data    ZI Data      Debug   Library Name

      2646        104          0          0          0       1068   mc_w.l
      1066          0          0          0          0        656   mf_w.l

    ----------------------------------------------------------------------
      3716        104          0          0          0       1724   Library Totals

    ----------------------------------------------------------------------

==============================================================================


      Code (inc. data)   RO Data    RW Data    ZI Data      Debug   

     32212        186       5272         44       1900     207062   Grand Totals
     32212        186       5272         44       1900     207062   ELF Image Totals
     32212        186       5272         44          0          0   ROM Totals

==============================================================================

    Total RO  Size (Code + RO Data)                37484 (  36.61kB)
    Total RW  Size (RW Data + ZI Data)              1944 (   1.90kB)
    Total ROM Size (Code + RO Data + RW Data)      37528 (  36.65kB)

==============================================================================

